Archive member included because of file (symbol)

c:/program files (x86)/atmel/atmel toolchain/avr8 gcc/native/3.4.1056/avr8-gnu-toolchain/bin/../lib/gcc/avr/4.8.1/../../../../avr/lib/avrxmega6\libm.a(addsf3.o)
                              src/main.o (__subsf3)
c:/program files (x86)/atmel/atmel toolchain/avr8 gcc/native/3.4.1056/avr8-gnu-toolchain/bin/../lib/gcc/avr/4.8.1/../../../../avr/lib/avrxmega6\libm.a(addsf3x.o)
                              c:/program files (x86)/atmel/atmel toolchain/avr8 gcc/native/3.4.1056/avr8-gnu-toolchain/bin/../lib/gcc/avr/4.8.1/../../../../avr/lib/avrxmega6\libm.a(addsf3.o) (__addsf3x)
c:/program files (x86)/atmel/atmel toolchain/avr8 gcc/native/3.4.1056/avr8-gnu-toolchain/bin/../lib/gcc/avr/4.8.1/../../../../avr/lib/avrxmega6\libm.a(cmpsf2.o)
                              src/measurements.o (__ltsf2)
c:/program files (x86)/atmel/atmel toolchain/avr8 gcc/native/3.4.1056/avr8-gnu-toolchain/bin/../lib/gcc/avr/4.8.1/../../../../avr/lib/avrxmega6\libm.a(divsf3.o)
                              src/measurements.o (__divsf3)
c:/program files (x86)/atmel/atmel toolchain/avr8 gcc/native/3.4.1056/avr8-gnu-toolchain/bin/../lib/gcc/avr/4.8.1/../../../../avr/lib/avrxmega6\libm.a(divsf3x.o)
                              c:/program files (x86)/atmel/atmel toolchain/avr8 gcc/native/3.4.1056/avr8-gnu-toolchain/bin/../lib/gcc/avr/4.8.1/../../../../avr/lib/avrxmega6\libm.a(divsf3.o) (__divsf3x)
c:/program files (x86)/atmel/atmel toolchain/avr8 gcc/native/3.4.1056/avr8-gnu-toolchain/bin/../lib/gcc/avr/4.8.1/../../../../avr/lib/avrxmega6\libm.a(fixunssfsi.o)
                              src/eepromUtils.o (__fixunssfsi)
c:/program files (x86)/atmel/atmel toolchain/avr8 gcc/native/3.4.1056/avr8-gnu-toolchain/bin/../lib/gcc/avr/4.8.1/../../../../avr/lib/avrxmega6\libm.a(floatsisf.o)
                              src/measurements.o (__floatunsisf)
c:/program files (x86)/atmel/atmel toolchain/avr8 gcc/native/3.4.1056/avr8-gnu-toolchain/bin/../lib/gcc/avr/4.8.1/../../../../avr/lib/avrxmega6\libm.a(fp_cmp.o)
                              c:/program files (x86)/atmel/atmel toolchain/avr8 gcc/native/3.4.1056/avr8-gnu-toolchain/bin/../lib/gcc/avr/4.8.1/../../../../avr/lib/avrxmega6\libm.a(cmpsf2.o) (__fp_cmp)
c:/program files (x86)/atmel/atmel toolchain/avr8 gcc/native/3.4.1056/avr8-gnu-toolchain/bin/../lib/gcc/avr/4.8.1/../../../../avr/lib/avrxmega6\libm.a(fp_inf.o)
                              c:/program files (x86)/atmel/atmel toolchain/avr8 gcc/native/3.4.1056/avr8-gnu-toolchain/bin/../lib/gcc/avr/4.8.1/../../../../avr/lib/avrxmega6\libm.a(addsf3x.o) (__fp_inf)
c:/program files (x86)/atmel/atmel toolchain/avr8 gcc/native/3.4.1056/avr8-gnu-toolchain/bin/../lib/gcc/avr/4.8.1/../../../../avr/lib/avrxmega6\libm.a(fp_nan.o)
                              c:/program files (x86)/atmel/atmel toolchain/avr8 gcc/native/3.4.1056/avr8-gnu-toolchain/bin/../lib/gcc/avr/4.8.1/../../../../avr/lib/avrxmega6\libm.a(addsf3x.o) (__fp_nan)
c:/program files (x86)/atmel/atmel toolchain/avr8 gcc/native/3.4.1056/avr8-gnu-toolchain/bin/../lib/gcc/avr/4.8.1/../../../../avr/lib/avrxmega6\libm.a(fp_pscA.o)
                              c:/program files (x86)/atmel/atmel toolchain/avr8 gcc/native/3.4.1056/avr8-gnu-toolchain/bin/../lib/gcc/avr/4.8.1/../../../../avr/lib/avrxmega6\libm.a(addsf3x.o) (__fp_pscA)
c:/program files (x86)/atmel/atmel toolchain/avr8 gcc/native/3.4.1056/avr8-gnu-toolchain/bin/../lib/gcc/avr/4.8.1/../../../../avr/lib/avrxmega6\libm.a(fp_pscB.o)
                              c:/program files (x86)/atmel/atmel toolchain/avr8 gcc/native/3.4.1056/avr8-gnu-toolchain/bin/../lib/gcc/avr/4.8.1/../../../../avr/lib/avrxmega6\libm.a(addsf3x.o) (__fp_pscB)
c:/program files (x86)/atmel/atmel toolchain/avr8 gcc/native/3.4.1056/avr8-gnu-toolchain/bin/../lib/gcc/avr/4.8.1/../../../../avr/lib/avrxmega6\libm.a(fp_round.o)
                              c:/program files (x86)/atmel/atmel toolchain/avr8 gcc/native/3.4.1056/avr8-gnu-toolchain/bin/../lib/gcc/avr/4.8.1/../../../../avr/lib/avrxmega6\libm.a(addsf3.o) (__fp_round)
c:/program files (x86)/atmel/atmel toolchain/avr8 gcc/native/3.4.1056/avr8-gnu-toolchain/bin/../lib/gcc/avr/4.8.1/../../../../avr/lib/avrxmega6\libm.a(fp_split3.o)
                              c:/program files (x86)/atmel/atmel toolchain/avr8 gcc/native/3.4.1056/avr8-gnu-toolchain/bin/../lib/gcc/avr/4.8.1/../../../../avr/lib/avrxmega6\libm.a(addsf3x.o) (__fp_split3)
c:/program files (x86)/atmel/atmel toolchain/avr8 gcc/native/3.4.1056/avr8-gnu-toolchain/bin/../lib/gcc/avr/4.8.1/../../../../avr/lib/avrxmega6\libm.a(fp_zero.o)
                              c:/program files (x86)/atmel/atmel toolchain/avr8 gcc/native/3.4.1056/avr8-gnu-toolchain/bin/../lib/gcc/avr/4.8.1/../../../../avr/lib/avrxmega6\libm.a(addsf3x.o) (__fp_zero)
[...]
Memory Configuration

Name             Origin             Length             Attributes
text             0x00000000         0x00100000         xr
data             0x00802000         0x0000ffa0         rw !x
eeprom           0x00810000         0x00010000         rw !x
fuse             0x00820000         0x00000400         rw !x
lock             0x00830000         0x00000400         rw !x
signature        0x00840000         0x00000400         rw !x
user_signatures  0x00850000         0x00000400         rw !x
*default*        0x00000000         0xffffffff

Linker script and memory map

LOAD c:/program files (x86)/atmel/atmel toolchain/avr8 gcc/native/3.4.1056/avr8-gnu-toolchain/bin/../lib/gcc/avr/4.8.1/../../../../avr/lib/avrxmega6/crtx384c3.o
LOAD src/eepromUtils.o
LOAD src/fontsLarge.o
LOAD src/fontUtils.o
LOAD src/measurements.o
LOAD src/ASF/xmega/drivers/adc/adc.o
LOAD src/ASF/xmega/drivers/adc/xmega_bcd/adc_bcd.o
LOAD src/fonts.o
LOAD src/snake.o
LOAD src/utils.o
LOAD src/ASF/common/services/sleepmgr/xmega/sleepmgr.o
LOAD src/ASF/common/services/spi/xmega_spi/spi_master.o
LOAD src/ASF/xmega/drivers/spi/spi.o
LOAD src/ASF/xmega/drivers/tc/tc.o
LOAD src/ASF/common/services/clock/xmega/sysclk.o
LOAD src/ASF/xmega/drivers/nvm/nvm.o
LOAD src/ASF/xmega/drivers/nvm/nvm_asm.o
LOAD src/ASF/xmega/drivers/cpu/ccp.o
LOAD src/ASF/common/services/ioport/xmega/ioport_compat.o
LOAD src/ASF/xmega/boards/xmega_c3_xplained/init.o
LOAD src/ASF/xmega/services/pwm/pwm.o
LOAD src/display.o
LOAD src/main.o
START GROUP
LOAD c:/program files (x86)/atmel/atmel toolchain/avr8 gcc/native/3.4.1056/avr8-gnu-toolchain/bin/../lib/gcc/avr/4.8.1/../../../../avr/lib/avrxmega6\libm.a
LOAD c:/program files (x86)/atmel/atmel toolchain/avr8 gcc/native/3.4.1056/avr8-gnu-toolchain/bin/../lib/gcc/avr/4.8.1/../../../../avr/lib/avrxmega6\libprintf_flt.a
LOAD c:/program files (x86)/atmel/atmel toolchain/avr8 gcc/native/3.4.1056/avr8-gnu-toolchain/bin/../lib/gcc/avr/4.8.1/../../../../avr/lib/avrxmega6\libm.a
END GROUP
Address of section .BOOT set to 0x60000
START GROUP
LOAD c:/program files (x86)/atmel/atmel toolchain/avr8 gcc/native/3.4.1056/avr8-gnu-toolchain/bin/../lib/gcc/avr/4.8.1/avrxmega6\libgcc.a
LOAD c:/program files (x86)/atmel/atmel toolchain/avr8 gcc/native/3.4.1056/avr8-gnu-toolchain/bin/../lib/gcc/avr/4.8.1/../../../../avr/lib/avrxmega6\libm.a
LOAD c:/program files (x86)/atmel/atmel toolchain/avr8 gcc/native/3.4.1056/avr8-gnu-toolchain/bin/../lib/gcc/avr/4.8.1/../../../../avr/lib/avrxmega6\libc.a
END GROUP

.hash
 *(.hash)

.dynsym
 *(.dynsym)

.dynstr
 *(.dynstr)

.gnu.version
 *(.gnu.version)

.gnu.version_d
 *(.gnu.version_d)

.gnu.version_r
 *(.gnu.version_r)

.rel.init
 *(.rel.init)

.rela.init
 *(.rela.init)

.rel.text
 *(.rel.text)
 *(.rel.text.*)
 *(.rel.gnu.linkonce.t*)

.rela.text
 *(.rela.text)
 *(.rela.text.*)
 *(.rela.gnu.linkonce.t*)

.rel.fini
 *(.rel.fini)

.rela.fini
 *(.rela.fini)

.rel.rodata
 *(.rel.rodata)
 *(.rel.rodata.*)
 *(.rel.gnu.linkonce.r*)

.rela.rodata
 *(.rela.rodata)
 *(.rela.rodata.*)
 *(.rela.gnu.linkonce.r*)

.rel.data
 *(.rel.data)
 *(.rel.data.*)
 *(.rel.gnu.linkonce.d*)

.rela.data
 *(.rela.data)
 *(.rela.data.*)
 *(.rela.gnu.linkonce.d*)

.rel.ctors
 *(.rel.ctors)

.rela.ctors
 *(.rela.ctors)

.rel.dtors
 *(.rel.dtors)

.rela.dtors
 *(.rela.dtors)

.rel.got
 *(.rel.got)

.rela.got
 *(.rela.got)

.rel.bss
 *(.rel.bss)

.rela.bss
 *(.rela.bss)

.rel.plt
 *(.rel.plt)

.rela.plt
 *(.rela.plt)

.text           0x00000000     0x81c2
 *(.vectors)
 .vectors       0x00000000      0x1fc c:/program files (x86)/atmel/atmel toolchain/avr8 gcc/native/3.4.1056/avr8-gnu-toolchain/bin/../lib/gcc/avr/4.8.1/../../../../avr/lib/avrxmega6/crtx384c3.o
                0x00000000                __vector_default
                0x00000000                __vectors
 *(.vectors)
 *(.progmem.gcc*)
 .progmem.gcc_sw_table.getLargeCharacterImage
                0x000001fc       0xbe src/fontsLarge.o
 .progmem.gcc_sw_table.getCharacterImage
                0x000002ba       0xbe src/fonts.o
 .progmem.gcc_fplib
                0x00000378       0x5a c:/program files (x86)/atmel/atmel toolchain/avr8 gcc/native/3.4.1056/avr8-gnu-toolchain/bin/../lib/gcc/avr/4.8.1/../../../../avr/lib/avrxmega6\libm.a(log.o)
                0x000003d2                . = ALIGN (0x2)
                0x000003d2                __trampolines_start = .
 *(.trampolines)
 .trampolines   0x000003d2        0x0 linker stubs
 *(.trampolines*)
                0x000003d2                __trampolines_end = .
 *(.progmem*)
 .progmem.data.imecLogo
                0x000003d2     0x2ee0 src/display.o
                0x000003d2                imecLogo
 .progmem.data  0x000032b2        0x8 c:/program files (x86)/atmel/atmel toolchain/avr8 gcc/native/3.4.1056/avr8-gnu-toolchain/bin/../lib/gcc/avr/4.8.1/../../../../avr/lib/avrxmega6\libprintf_flt.a(vfprintf_flt.o)
 .progmem.data  0x000032ba       0xfa c:/program files (x86)/atmel/atmel toolchain/avr8 gcc/native/3.4.1056/avr8-gnu-toolchain/bin/../lib/gcc/avr/4.8.1/../../../../avr/lib/avrxmega6\libc.a(ftoa_engine.o)
                0x000033b4                . = ALIGN (0x2)
 *(.jumptables)
 *(.jumptables*)
 *(.lowtext)
 *(.lowtext*)
                0x000033b4                __ctors_start = .
 *(.ctors)
                0x000033b4                __ctors_end = .
                0x000033b4                __dtors_start = .
 *(.dtors)
                0x000033b4                __dtors_end = .
 SORT(*)(.ctors)
 SORT(*)(.dtors)
 *(.init0)
 .init0         0x000033b4        0x0 c:/program files (x86)/atmel/atmel toolchain/avr8 gcc/native/3.4.1056/avr8-gnu-toolchain/bin/../lib/gcc/avr/4.8.1/../../../../avr/lib/avrxmega6/crtx384c3.o
                0x000033b4                __init
 *(.init0)
 *(.init1)
 *(.init1)
 *(.init2)
 .init2         0x000033b4       0x10 c:/program files (x86)/atmel/atmel toolchain/avr8 gcc/native/3.4.1056/avr8-gnu-toolchain/bin/../lib/gcc/avr/4.8.1/../../../../avr/lib/avrxmega6/crtx384c3.o
 *(.init2)
 *(.init3)
 *(.init3)
 *(.init4)
 .init4         0x000033c4       0x1a c:/program files (x86)/atmel/atmel toolchain/avr8 gcc/native/3.4.1056/avr8-gnu-toolchain/bin/../lib/gcc/avr/4.8.1/avrxmega6\libgcc.a(_copy_data.o)
                0x000033c4                __do_copy_data
 .init4         0x000033de       0x10 c:/program files (x86)/atmel/atmel toolchain/avr8 gcc/native/3.4.1056/avr8-gnu-toolchain/bin/../lib/gcc/avr/4.8.1/avrxmega6\libgcc.a(_clear_bss.o)
                0x000033de                __do_clear_bss
 *(.init4)
 *(.init5)
 *(.init5)
 *(.init6)
 *(.init6)
 *(.init7)
 *(.init7)
 *(.init8)
 *(.init8)
 *(.init9)
 .init9         0x000033ee        0x8 c:/program files (x86)/atmel/atmel toolchain/avr8 gcc/native/3.4.1056/avr8-gnu-toolchain/bin/../lib/gcc/avr/4.8.1/../../../../avr/lib/avrxmega6/crtx384c3.o
 *(.init9)
 *(.text)
 .text          0x000033f6        0x4 c:/program files (x86)/atmel/atmel toolchain/avr8 gcc/native/3.4.1056/avr8-gnu-toolchain/bin/../lib/gcc/avr/4.8.1/../../../../avr/lib/avrxmega6/crtx384c3.o
                0x000033f6                __vector_38
                0x000033f6                __vector_63
                0x000033f6                __vector_28
                0x000033f6                __vector_67
                0x000033f6                __vector_1
                0x000033f6                __vector_119
                0x000033f6                __vector_32
                0x000033f6                __vector_75
                0x000033f6                __vector_91
                0x000033f6                __vector_34
                0x000033f6                __vector_62
                0x000033f6                __vector_102
                0x000033f6                __vector_24
                0x000033f6                __vector_12
                0x000033f6                __vector_55
                0x000033f6                __vector_69
                0x000033f6                __vector_90
                0x000033f6                __vector_46
                0x000033f6                __bad_interrupt
                0x000033f6                __vector_122
                0x000033f6                __vector_72
                0x000033f6                __vector_114
                0x000033f6                __vector_6
                0x000033f6                __vector_31
                0x000033f6                __vector_92
                0x000033f6                __vector_35
                0x000033f6                __vector_74
                0x000033f6                __vector_117
                0x000033f6                __vector_39
                0x000033f6                __vector_107
                0x000033f6                __vector_3
                0x000033f6                __vector_105
                0x000033f6                __vector_98
                0x000033f6                __vector_68
                0x000033f6                __vector_30
                0x000033f6                __vector_73
                0x000033f6                __vector_45
                0x000033f6                __vector_25
                0x000033f6                __vector_93
                0x000033f6                __vector_61
                0x000033f6                __vector_11
                0x000033f6                __vector_54
                0x000033f6                __vector_99
                0x000033f6                __vector_13
                0x000033f6                __vector_56
                0x000033f6                __vector_7
                0x000033f6                __vector_125
                0x000033f6                __vector_123
                0x000033f6                __vector_41
                0x000033f6                __vector_86
                0x000033f6                __vector_100
                0x000033f6                __vector_101
                0x000033f6                __vector_64
                0x000033f6                __vector_88
                0x000033f6                __vector_43
                0x000033f6                __vector_27
                0x000033f6                __vector_5
                0x000033f6                __vector_33
                0x000033f6                __vector_76
                0x000033f6                __vector_115
                0x000033f6                __vector_37
                0x000033f6                __vector_95
                0x000033f6                __vector_103
                0x000033f6                __vector_96
                0x000033f6                __vector_89
                0x000033f6                __vector_4
                0x000033f6                __vector_44
                0x000033f6                __vector_106
                0x000033f6                __vector_118
                0x000033f6                __vector_9
                0x000033f6                __vector_2
                0x000033f6                __vector_66
                0x000033f6                __vector_36
                0x000033f6                __vector_58
                0x000033f6                __vector_70
                0x000033f6                __vector_83
                0x000033f6                __vector_29
                0x000033f6                __vector_60
                0x000033f6                __vector_121
                0x000033f6                __vector_40
                0x000033f6                __vector_85
                0x000033f6                __vector_94
                0x000033f6                __vector_126
                0x000033f6                __vector_8
                0x000033f6                __vector_26
                0x000033f6                __vector_124
                0x000033f6                __vector_116
                0x000033f6                __vector_84
                0x000033f6                __vector_57
                0x000033f6                __vector_53
                0x000033f6                __vector_10
                0x000033f6                __vector_59
                0x000033f6                __vector_97
                0x000033f6                __vector_42
                0x000033f6                __vector_87
                0x000033f6                __vector_65
                0x000033f6                __vector_120
                0x000033fa                . = ALIGN (0x2)
 *(.text.*)
 .text.getLargeCharacterImage
                0x000033fa      0x49e src/fontsLarge.o
                0x000033fa                getLargeCharacterImage
 .text.getIntAsString
                0x00003898       0x4a src/fontUtils.o
                0x00003898                getIntAsString
 .text.getDoubleAsString
                0x000038e2       0x58 src/fontUtils.o
                0x000038e2                getDoubleAsString
 .text.adc_handler
                0x0000393a        0x2 src/measurements.o
 .text.adc_init
                0x0000393c       0x8c src/measurements.o
                0x0000393c                adc_init
 .text.getADCValue
                0x000039c8      0x152 src/measurements.o
                0x000039c8                getADCValue
 .text.getBatteryADCValue
                0x00003b1a        0xe src/measurements.o
                0x00003b1a                getBatteryADCValue
 .text.getPVVADCValue
                0x00003b28        0xe src/measurements.o
                0x00003b28                getPVVADCValue
 .text.getPVCADCValue
                0x00003b36        0xe src/measurements.o
                0x00003b36                getPVCADCValue
 .text.getBatteryADCVoltage
                0x00003b44       0x10 src/measurements.o
                0x00003b44                getBatteryADCVoltage
 .text.getPVVADCVoltage
                0x00003b54       0x10 src/measurements.o
                0x00003b54                getPVVADCVoltage
 .text.getPVCADCVoltage
                0x00003b64       0x10 src/measurements.o
                0x00003b64                getPVCADCVoltage
 .text.getBatteryVoltage
                0x00003b74       0x1c src/measurements.o
                0x00003b74                getBatteryVoltage
 .text.getPVVVoltage
                0x00003b90       0x1c src/measurements.o
                0x00003b90                getPVVVoltage
 .text.getPVCCurrent
                0x00003bac       0x28 src/measurements.o
                0x00003bac                getPVCCurrent
 .text.adc_set_callback
                0x00003bd4       0x16 src/ASF/xmega/drivers/adc/adc.o
                0x00003bd4                adc_set_callback
 .text.adc_enable_clock
                0x00003bea       0x20 src/ASF/xmega/drivers/adc/adc.o
                0x00003bea                adc_enable_clock
 .text.adc_disable_clock
                0x00003c0a       0x1e src/ASF/xmega/drivers/adc/adc.o
                0x00003c0a                adc_disable_clock
 .text.adc_enable
                0x00003c28       0x2e src/ASF/xmega/drivers/adc/adc.o
                0x00003c28                adc_enable
 .text.adc_disable
                0x00003c56       0x26 src/ASF/xmega/drivers/adc/adc.o
                0x00003c56                adc_disable
 .text.__vector_71
                0x00003c7c       0x64 src/ASF/xmega/drivers/adc/xmega_bcd/adc_bcd.o
                0x00003c7c                __vector_71
 .text.adc_write_configuration
                0x00003ce0       0x7e src/ASF/xmega/drivers/adc/xmega_bcd/adc_bcd.o
                0x00003ce0                adc_write_configuration
 .text.adc_read_configuration
                0x00003d5e       0x40 src/ASF/xmega/drivers/adc/xmega_bcd/adc_bcd.o
                0x00003d5e                adc_read_configuration
 .text.adcch_write_configuration
                0x00003d9e       0x38 src/ASF/xmega/drivers/adc/xmega_bcd/adc_bcd.o
                0x00003d9e                adcch_write_configuration
 .text.adcch_read_configuration
                0x00003dd6       0x38 src/ASF/xmega/drivers/adc/xmega_bcd/adc_bcd.o
                0x00003dd6                adcch_read_configuration
 .text.getCharacterImage
                0x00003e0e      0x49e src/fonts.o
                0x00003e0e                getCharacterImage
 .text.playSnake
                0x000042ac      0x910 src/snake.o
                0x000042ac                playSnake
 .text.reverseByte
                0x00004bbc       0x20 src/utils.o
                0x00004bbc                reverseByte
 .text.spi_master_init
                0x00004bdc       0x2e src/ASF/common/services/spi/xmega_spi/spi_master.o
                0x00004bdc                spi_master_init
 .text.spi_master_setup_device
                0x00004c0a       0x3e src/ASF/common/services/spi/xmega_spi/spi_master.o
                0x00004c0a                spi_master_setup_device
 .text.spi_write_packet
                0x00004c48       0x1e src/ASF/common/services/spi/xmega_spi/spi_master.o
                0x00004c48                spi_write_packet
 .text.spi_select_device
                0x00004c66       0x2c src/ASF/common/services/spi/xmega_spi/spi_master.o
                0x00004c66                spi_select_device
 .text.spi_deselect_device
                0x00004c92       0x2c src/ASF/common/services/spi/xmega_spi/spi_master.o
                0x00004c92                spi_deselect_device
 .text.spi_xmega_set_baud_div
                0x00004cbe       0x90 src/ASF/xmega/drivers/spi/spi.o
                0x00004cbe                spi_xmega_set_baud_div
 .text.__vector_14
                0x00004d4e       0x5a src/ASF/xmega/drivers/tc/tc.o
                0x00004d4e                __vector_14
 .text.__vector_15
                0x00004da8       0x5a src/ASF/xmega/drivers/tc/tc.o
                0x00004da8                __vector_15
 .text.__vector_16
                0x00004e02       0x5a src/ASF/xmega/drivers/tc/tc.o
                0x00004e02                __vector_16
 .text.__vector_17
                0x00004e5c       0x5a src/ASF/xmega/drivers/tc/tc.o
                0x00004e5c                __vector_17
 .text.__vector_18
                0x00004eb6       0x5a src/ASF/xmega/drivers/tc/tc.o
                0x00004eb6                __vector_18
 .text.__vector_19
                0x00004f10       0x5a src/ASF/xmega/drivers/tc/tc.o
                0x00004f10                __vector_19
 .text.__vector_20
                0x00004f6a       0x5a src/ASF/xmega/drivers/tc/tc.o
                0x00004f6a                __vector_20
 .text.__vector_21
                0x00004fc4       0x5a src/ASF/xmega/drivers/tc/tc.o
                0x00004fc4                __vector_21
 .text.__vector_22
                0x0000501e       0x5a src/ASF/xmega/drivers/tc/tc.o
                0x0000501e                __vector_22
 .text.__vector_23
                0x00005078       0x5a src/ASF/xmega/drivers/tc/tc.o
                0x00005078                __vector_23
 .text.__vector_77
                0x000050d2       0x5a src/ASF/xmega/drivers/tc/tc.o
                0x000050d2                __vector_77
 .text.__vector_78
                0x0000512c       0x5a src/ASF/xmega/drivers/tc/tc.o
                0x0000512c                __vector_78
 .text.__vector_79
                0x00005186       0x5a src/ASF/xmega/drivers/tc/tc.o
                0x00005186                __vector_79
 .text.__vector_80
                0x000051e0       0x5a src/ASF/xmega/drivers/tc/tc.o
                0x000051e0                __vector_80
 .text.__vector_81
                0x0000523a       0x5a src/ASF/xmega/drivers/tc/tc.o
                0x0000523a                __vector_81
 .text.__vector_82
                0x00005294       0x5a src/ASF/xmega/drivers/tc/tc.o
                0x00005294                __vector_82
 .text.__vector_47
                0x000052ee       0x5a src/ASF/xmega/drivers/tc/tc.o
                0x000052ee                __vector_47
 .text.__vector_48
                0x00005348       0x5a src/ASF/xmega/drivers/tc/tc.o
                0x00005348                __vector_48
 .text.__vector_49
                0x000053a2       0x5a src/ASF/xmega/drivers/tc/tc.o
                0x000053a2                __vector_49
 .text.__vector_50
                0x000053fc       0x5a src/ASF/xmega/drivers/tc/tc.o
                0x000053fc                __vector_50
 .text.__vector_51
                0x00005456       0x5a src/ASF/xmega/drivers/tc/tc.o
                0x00005456                __vector_51
 .text.__vector_52
                0x000054b0       0x5a src/ASF/xmega/drivers/tc/tc.o
                0x000054b0                __vector_52
 .text.__vector_108
                0x0000550a       0x5a src/ASF/xmega/drivers/tc/tc.o
                0x0000550a                __vector_108
 .text.__vector_109
                0x00005564       0x5a src/ASF/xmega/drivers/tc/tc.o
                0x00005564                __vector_109
 .text.__vector_110
                0x000055be       0x5a src/ASF/xmega/drivers/tc/tc.o
                0x000055be                __vector_110
 .text.__vector_111
                0x00005618       0x5a src/ASF/xmega/drivers/tc/tc.o
                0x00005618                __vector_111
 .text.__vector_112
                0x00005672       0x5a src/ASF/xmega/drivers/tc/tc.o
                0x00005672                __vector_112
 .text.__vector_113
                0x000056cc       0x5a src/ASF/xmega/drivers/tc/tc.o
                0x000056cc                __vector_113
 .text.tc_enable
                0x00005726       0x90 src/ASF/xmega/drivers/tc/tc.o
                0x00005726                tc_enable
 .text.sysclk_init
                0x000057b6       0x28 src/ASF/common/services/clock/xmega/sysclk.o
                0x000057b6                sysclk_init
 .text.sysclk_enable_module
                0x000057de       0x18 src/ASF/common/services/clock/xmega/sysclk.o
                0x000057de                sysclk_enable_module
 .text.sysclk_disable_module
                0x000057f6       0x16 src/ASF/common/services/clock/xmega/sysclk.o
                0x000057f6                sysclk_disable_module
 .text.nvm_read_byte
                0x0000580c       0x14 src/ASF/xmega/drivers/nvm/nvm_asm.o
                0x0000580c                nvm_read_byte
 .text.ccp_write_io
                0x00005820        0xc src/ASF/xmega/drivers/cpu/ccp.o
                0x00005820                ccp_write_io
 .text.ioport_configure_port_pin
                0x0000582c       0x50 src/ASF/common/services/ioport/xmega/ioport_compat.o
                0x0000582c                ioport_configure_port_pin
 .text.board_init
                0x0000587c      0x122 src/ASF/xmega/boards/xmega_c3_xplained/init.o
                0x0000587c                board_init
 .text.pwm_set_frequency
                0x0000599e       0xd8 src/ASF/xmega/services/pwm/pwm.o
                0x0000599e                pwm_set_frequency
 .text.pwm_init
                0x00005a76      0x15a src/ASF/xmega/services/pwm/pwm.o
                0x00005a76                pwm_init
 .text.pwm_start
                0x00005bd0       0xa4 src/ASF/xmega/services/pwm/pwm.o
                0x00005bd0                pwm_start
 .text.spi_init_pins
                0x00005c74       0x7a src/display.o
                0x00005c74                spi_init_pins
 .text.spi_init_module
                0x00005cee       0x48 src/display.o
                0x00005cee                spi_init_module
 .text.MLCDInit
                0x00005d36       0x1c src/display.o
                0x00005d36                MLCDInit
 .text.MLCDTurnOn
                0x00005d52        0xa src/display.o
                0x00005d52                MLCDTurnOn
 .text.MLCDSelect
                0x00005d5c        0xe src/display.o
                0x00005d5c                MLCDSelect
 .text.MLCDDeselect
                0x00005d6a        0xe src/display.o
                0x00005d6a                MLCDDeselect
 .text.MLCDClearAll
                0x00005d78       0x4c src/display.o
                0x00005d78                MLCDClearAll
 .text.MLCDClearFrame
                0x00005dc4       0x12 src/display.o
                0x00005dc4                MLCDClearFrame
 .text.MLCDAddLine
                0x00005dd6       0x72 src/display.o
                0x00005dd6                MLCDAddLine
 .text.MLCDWriteLine
                0x00005e48       0x36 src/display.o
                0x00005e48                MLCDWriteLine
 .text.MLCDWriteFrame
                0x00005e7e       0x48 src/display.o
                0x00005e7e                MLCDWriteFrame
 .text.MLCDShowImecLogo
                0x00005ec6       0x50 src/display.o
                0x00005ec6                MLCDShowImecLogo
 .text.MLCDRefreshFrame
                0x00005f16        0x8 src/display.o
                0x00005f16                MLCDRefreshFrame
 .text.MLCDWriteCharacter
                0x00005f1e       0xac src/display.o
                0x00005f1e                MLCDWriteCharacter
 .text.MLCDWriteString
                0x00005fca       0xba src/display.o
                0x00005fca                MLCDWriteString
 .text.MLCDWriteInt
                0x00006084       0x3a src/display.o
                0x00006084                MLCDWriteInt
 .text.MLCDWriteDouble
                0x000060be       0x3a src/display.o
                0x000060be                MLCDWriteDouble
 .text.MLCDDrawSquare
                0x000060f8       0xfe src/display.o
                0x000060f8                MLCDDrawSquare
 .text.MLCDDrawColumn
                0x000061f6       0xe0 src/display.o
                0x000061f6                MLCDDrawColumn
 .text.MLCDDrawSnakeBait
                0x000062d6       0x60 src/display.o
                0x000062d6                MLCDDrawSnakeBait
 .text.MLCDDrawBattery
                0x00006336      0x210 src/display.o
                0x00006336                MLCDDrawBattery
 .text.MLCDDrawRLArrow
                0x00006546       0xc0 src/display.o
                0x00006546                MLCDDrawRLArrow
 .text.ioport_set_pin_sense_mode
                0x00006606       0x30 src/main.o
 .text.__vector_104
                0x00006636       0xf6 src/main.o
                0x00006636                __vector_104
 .text.PowerScreen
                0x0000672c       0xc4 src/main.o
                0x0000672c                PowerScreen
 .text.showBattery
                0x000067f0      0x128 src/main.o
                0x000067f0                showBattery
 .text.BarScreen
                0x00006918      0x1fc src/main.o
                0x00006918                BarScreen
 .text.showArrows
                0x00006b14       0x16 src/main.o
                0x00006b14                showArrows
 .text.main     0x00006b2a      0x2ba src/main.o
                0x00006b2a                main
 .text.avr-libc.fplib
                0x00006de4        0xa c:/program files (x86)/atmel/atmel toolchain/avr8 gcc/native/3.4.1056/avr8-gnu-toolchain/bin/../lib/gcc/avr/4.8.1/../../../../avr/lib/avrxmega6\libm.a(addsf3.o)
                0x00006de4                __subsf3
                0x00006de6                __addsf3
 .text.avr-libc.fplib
                0x00006dee       0xc0 c:/program files (x86)/atmel/atmel toolchain/avr8 gcc/native/3.4.1056/avr8-gnu-toolchain/bin/../lib/gcc/avr/4.8.1/../../../../avr/lib/avrxmega6\libm.a(addsf3x.o)
                0x00006e08                __addsf3x
 .text.avr-libc.fplib
                0x00006eae        0x8 c:/program files (x86)/atmel/atmel toolchain/avr8 gcc/native/3.4.1056/avr8-gnu-toolchain/bin/../lib/gcc/avr/4.8.1/../../../../avr/lib/avrxmega6\libm.a(cmpsf2.o)
                0x00006eae                __nesf2
                0x00006eae                __eqsf2
                0x00006eae                __cmpsf2
                0x00006eae                __ltsf2
                0x00006eae                __lesf2
 .text.avr-libc.fplib
                0x00006eb6        0x4 c:/program files (x86)/atmel/atmel toolchain/avr8 gcc/native/3.4.1056/avr8-gnu-toolchain/bin/../lib/gcc/avr/4.8.1/../../../../avr/lib/avrxmega6\libm.a(divsf3.o)
                0x00006eb6                __divsf3
 .text.avr-libc.fplib
                0x00006eba       0xcc c:/program files (x86)/atmel/atmel toolchain/avr8 gcc/native/3.4.1056/avr8-gnu-toolchain/bin/../lib/gcc/avr/4.8.1/../../../../avr/lib/avrxmega6\libm.a(divsf3x.o)
                0x00006ed0                __divsf3x
                0x00006ed4                __divsf3_pse
 .text.avr-libc.fplib
                0x00006f86       0x58 c:/program files (x86)/atmel/atmel toolchain/avr8 gcc/native/3.4.1056/avr8-gnu-toolchain/bin/../lib/gcc/avr/4.8.1/../../../../avr/lib/avrxmega6\libm.a(fixunssfsi.o)
                0x00006f86                __fixunssfsi
 .text.avr-libc.fplib
                0x00006fde       0x7a c:/program files (x86)/atmel/atmel toolchain/avr8 gcc/native/3.4.1056/avr8-gnu-toolchain/bin/../lib/gcc/avr/4.8.1/../../../../avr/lib/avrxmega6\libm.a(floatsisf.o)
                0x00006fde                __floatunsisf
                0x00006fe2                __floatsisf
 .text.avr-libc.fplib
                0x00007058       0x48 c:/program files (x86)/atmel/atmel toolchain/avr8 gcc/native/3.4.1056/avr8-gnu-toolchain/bin/../lib/gcc/avr/4.8.1/../../../../avr/lib/avrxmega6\libm.a(fp_cmp.o)
                0x00007058                __fp_cmp
 .text.avr-libc.fplib
                0x000070a0        0xc c:/program files (x86)/atmel/atmel toolchain/avr8 gcc/native/3.4.1056/avr8-gnu-toolchain/bin/../lib/gcc/avr/4.8.1/../../../../avr/lib/avrxmega6\libm.a(fp_inf.o)
                0x000070a0                __fp_inf
 .text.avr-libc.fplib
                0x000070ac        0x6 c:/program files (x86)/atmel/atmel toolchain/avr8 gcc/native/3.4.1056/avr8-gnu-toolchain/bin/../lib/gcc/avr/4.8.1/../../../../avr/lib/avrxmega6\libm.a(fp_nan.o)
                0x000070ac                __fp_nan
 .text.avr-libc.fplib
                0x000070b2        0xe c:/program files (x86)/atmel/atmel toolchain/avr8 gcc/native/3.4.1056/avr8-gnu-toolchain/bin/../lib/gcc/avr/4.8.1/../../../../avr/lib/avrxmega6\libm.a(fp_pscA.o)
                0x000070b2                __fp_pscA
 .text.avr-libc.fplib
                0x000070c0        0xe c:/program files (x86)/atmel/atmel toolchain/avr8 gcc/native/3.4.1056/avr8-gnu-toolchain/bin/../lib/gcc/avr/4.8.1/../../../../avr/lib/avrxmega6\libm.a(fp_pscB.o)
                0x000070c0                __fp_pscB
 .text.avr-libc.fplib
                0x000070ce       0x22 c:/program files (x86)/atmel/atmel toolchain/avr8 gcc/native/3.4.1056/avr8-gnu-toolchain/bin/../lib/gcc/avr/4.8.1/../../../../avr/lib/avrxmega6\libm.a(fp_round.o)
                0x000070ce                __fp_round
 .text.avr-libc.fplib
                0x000070f0       0x44 c:/program files (x86)/atmel/atmel toolchain/avr8 gcc/native/3.4.1056/avr8-gnu-toolchain/bin/../lib/gcc/avr/4.8.1/../../../../avr/lib/avrxmega6\libm.a(fp_split3.o)
                0x000070f0                __fp_split3
                0x00007100                __fp_splitA
 .text.avr-libc.fplib
                0x00007134        0xe c:/program files (x86)/atmel/atmel toolchain/avr8 gcc/native/3.4.1056/avr8-gnu-toolchain/bin/../lib/gcc/avr/4.8.1/../../../../avr/lib/avrxmega6\libm.a(fp_zero.o)
                0x00007134                __fp_zero
                0x00007136                __fp_szero
 .text.avr-libc.fplib
                0x00007142        0x8 c:/program files (x86)/atmel/atmel toolchain/avr8 gcc/native/3.4.1056/avr8-gnu-toolchain/bin/../lib/gcc/avr/4.8.1/../../../../avr/lib/avrxmega6\libm.a(gesf2.o)
                0x00007142                __gesf2
                0x00007142                __gtsf2
 .text.avr-libc.fplib
                0x0000714a        0xc c:/program files (x86)/atmel/atmel toolchain/avr8 gcc/native/3.4.1056/avr8-gnu-toolchain/bin/../lib/gcc/avr/4.8.1/../../../../avr/lib/avrxmega6\libm.a(log10.o)
                0x0000714a                log10
 .text.avr-libc.fplib
                0x00007156       0x8a c:/program files (x86)/atmel/atmel toolchain/avr8 gcc/native/3.4.1056/avr8-gnu-toolchain/bin/../lib/gcc/avr/4.8.1/../../../../avr/lib/avrxmega6\libm.a(log.o)
                0x00007160                log
 .text.avr-libc.fplib
                0x000071e0        0x4 c:/program files (x86)/atmel/atmel toolchain/avr8 gcc/native/3.4.1056/avr8-gnu-toolchain/bin/../lib/gcc/avr/4.8.1/../../../../avr/lib/avrxmega6\libm.a(mulsf3.o)
                0x000071e0                __mulsf3
 .text.avr-libc.fplib
                0x000071e4       0xc2 c:/program files (x86)/atmel/atmel toolchain/avr8 gcc/native/3.4.1056/avr8-gnu-toolchain/bin/../lib/gcc/avr/4.8.1/../../../../avr/lib/avrxmega6\libm.a(mulsf3x.o)
                0x000071f8                __mulsf3x
                0x000071fc                __mulsf3_pse
 .text.avr-libc.fplib
                0x000072a6       0x1c c:/program files (x86)/atmel/atmel toolchain/avr8 gcc/native/3.4.1056/avr8-gnu-toolchain/bin/../lib/gcc/avr/4.8.1/../../../../avr/lib/avrxmega6\libm.a(fp_mpack.o)
                0x000072a6                __fp_mpack
                0x000072aa                __fp_mpack_finite
 .text.avr-libc.fplib
                0x000072c2       0x4a c:/program files (x86)/atmel/atmel toolchain/avr8 gcc/native/3.4.1056/avr8-gnu-toolchain/bin/../lib/gcc/avr/4.8.1/../../../../avr/lib/avrxmega6\libm.a(fp_powser.o)
                0x000072c2                __fp_powser
 .text.avr-libc
                0x0000730c      0x702 c:/program files (x86)/atmel/atmel toolchain/avr8 gcc/native/3.4.1056/avr8-gnu-toolchain/bin/../lib/gcc/avr/4.8.1/../../../../avr/lib/avrxmega6\libprintf_flt.a(vfprintf_flt.o)
                0x0000730c                vfprintf
 .text.libgcc.div
                0x00007a0e       0x26 c:/program files (x86)/atmel/atmel toolchain/avr8 gcc/native/3.4.1056/avr8-gnu-toolchain/bin/../lib/gcc/avr/4.8.1/avrxmega6\libgcc.a(_divmodhi4.o)
                0x00007a0e                _div
                0x00007a0e                __divmodhi4
 .text.libgcc.div
                0x00007a34       0x44 c:/program files (x86)/atmel/atmel toolchain/avr8 gcc/native/3.4.1056/avr8-gnu-toolchain/bin/../lib/gcc/avr/4.8.1/avrxmega6\libgcc.a(_udivmodsi4.o)
                0x00007a34                __udivmodsi4
 .text.libgcc   0x00007a78        0xc c:/program files (x86)/atmel/atmel toolchain/avr8 gcc/native/3.4.1056/avr8-gnu-toolchain/bin/../lib/gcc/avr/4.8.1/avrxmega6\libgcc.a(_tablejump.o)
                0x00007a78                __tablejump2__
                0x00007a7c                __tablejump__
 .text.libgcc.mul
                0x00007a84       0x1e c:/program files (x86)/atmel/atmel toolchain/avr8 gcc/native/3.4.1056/avr8-gnu-toolchain/bin/../lib/gcc/avr/4.8.1/avrxmega6\libgcc.a(_umulhisi3.o)
                0x00007a84                __umulhisi3
 .text.libgcc.div
                0x00007aa2       0x28 c:/program files (x86)/atmel/atmel toolchain/avr8 gcc/native/3.4.1056/avr8-gnu-toolchain/bin/../lib/gcc/avr/4.8.1/avrxmega6\libgcc.a(_udivmodhi4.o)
                0x00007aa2                __udivmodhi4
 .text.avr-libc
                0x00007aca       0x34 c:/program files (x86)/atmel/atmel toolchain/avr8 gcc/native/3.4.1056/avr8-gnu-toolchain/bin/../lib/gcc/avr/4.8.1/../../../../avr/lib/avrxmega6\libc.a(calloc.o)
                0x00007aca                calloc
 .text.avr-libc
                0x00007afe      0x24e c:/program files (x86)/atmel/atmel toolchain/avr8 gcc/native/3.4.1056/avr8-gnu-toolchain/bin/../lib/gcc/avr/4.8.1/../../../../avr/lib/avrxmega6\libc.a(malloc.o)
                0x00007afe                malloc
                0x00007c2e                free
 .text.avr-libc
                0x00007d4c       0xae c:/program files (x86)/atmel/atmel toolchain/avr8 gcc/native/3.4.1056/avr8-gnu-toolchain/bin/../lib/gcc/avr/4.8.1/../../../../avr/lib/avrxmega6\libc.a(rand.o)
                0x00007ddc                rand_r
                0x00007dde                rand
                0x00007de4                srand
 .text.avr-libc
                0x00007dfa      0x1b0 c:/program files (x86)/atmel/atmel toolchain/avr8 gcc/native/3.4.1056/avr8-gnu-toolchain/bin/../lib/gcc/avr/4.8.1/../../../../avr/lib/avrxmega6\libc.a(ftoa_engine.o)
                0x00007dfa                __ftoa_engine
 .text.avr-libc
                0x00007faa       0x12 c:/program files (x86)/atmel/atmel toolchain/avr8 gcc/native/3.4.1056/avr8-gnu-toolchain/bin/../lib/gcc/avr/4.8.1/../../../../avr/lib/avrxmega6\libc.a(memcpy_P.o)
                0x00007faa                memcpy_P
 .text.avr-libc
                0x00007fbc       0x16 c:/program files (x86)/atmel/atmel toolchain/avr8 gcc/native/3.4.1056/avr8-gnu-toolchain/bin/../lib/gcc/avr/4.8.1/../../../../avr/lib/avrxmega6\libc.a(strnlen_P.o)
                0x00007fbc                strnlen_P
 .text.avr-libc
                0x00007fd2        0xe c:/program files (x86)/atmel/atmel toolchain/avr8 gcc/native/3.4.1056/avr8-gnu-toolchain/bin/../lib/gcc/avr/4.8.1/../../../../avr/lib/avrxmega6\libc.a(memset.o)
                0x00007fd2                memset
 .text.avr-libc
                0x00007fe0       0x16 c:/program files (x86)/atmel/atmel toolchain/avr8 gcc/native/3.4.1056/avr8-gnu-toolchain/bin/../lib/gcc/avr/4.8.1/../../../../avr/lib/avrxmega6\libc.a(strnlen.o)
                0x00007fe0                strnlen
 .text.avr-libc
                0x00007ff6       0x64 c:/program files (x86)/atmel/atmel toolchain/avr8 gcc/native/3.4.1056/avr8-gnu-toolchain/bin/../lib/gcc/avr/4.8.1/../../../../avr/lib/avrxmega6\libc.a(fputc.o)
                0x00007ff6                fputc
 .text.avr-libc
                0x0000805a       0x50 c:/program files (x86)/atmel/atmel toolchain/avr8 gcc/native/3.4.1056/avr8-gnu-toolchain/bin/../lib/gcc/avr/4.8.1/../../../../avr/lib/avrxmega6\libc.a(sprintf.o)
                0x0000805a                sprintf
 .text.avr-libc
                0x000080aa       0xbc c:/program files (x86)/atmel/atmel toolchain/avr8 gcc/native/3.4.1056/avr8-gnu-toolchain/bin/../lib/gcc/avr/4.8.1/../../../../avr/lib/avrxmega6\libc.a(ultoa_invert.o)
                0x000080aa                __ultoa_invert
 .text.libgcc.div
                0x00008166       0x28 c:/program files (x86)/atmel/atmel toolchain/avr8 gcc/native/3.4.1056/avr8-gnu-toolchain/bin/../lib/gcc/avr/4.8.1/avrxmega6\libgcc.a(_divmodsi4.o)
                0x00008166                __divmodsi4
 .text.libgcc.div
                0x0000818e       0x10 c:/program files (x86)/atmel/atmel toolchain/avr8 gcc/native/3.4.1056/avr8-gnu-toolchain/bin/../lib/gcc/avr/4.8.1/avrxmega6\libgcc.a(_negsi2.o)
                0x0000818e                __negsi2
 .text.libgcc.mul
                0x0000819e       0x14 c:/program files (x86)/atmel/atmel toolchain/avr8 gcc/native/3.4.1056/avr8-gnu-toolchain/bin/../lib/gcc/avr/4.8.1/avrxmega6\libgcc.a(_muluhisi3.o)
                0x0000819e                __muluhisi3
 .text.libgcc.mul
                0x000081b2        0xc c:/program files (x86)/atmel/atmel toolchain/avr8 gcc/native/3.4.1056/avr8-gnu-toolchain/bin/../lib/gcc/avr/4.8.1/avrxmega6\libgcc.a(_mulshisi3.o)
                0x000081b2                __mulshisi3
                0x000081b6                __mulohisi3
                0x000081be                . = ALIGN (0x2)
 *(.fini9)
 .fini9         0x000081be        0x0 c:/program files (x86)/atmel/atmel toolchain/avr8 gcc/native/3.4.1056/avr8-gnu-toolchain/bin/../lib/gcc/avr/4.8.1/avrxmega6\libgcc.a(_exit.o)
                0x000081be                _exit
                0x000081be                exit
 *(.fini9)
 *(.fini8)
 *(.fini8)
 *(.fini7)
 *(.fini7)
 *(.fini6)
 *(.fini6)
 *(.fini5)
 *(.fini5)
 *(.fini4)
 *(.fini4)
 *(.fini3)
 *(.fini3)
 *(.fini2)
 *(.fini2)
 *(.fini1)
 *(.fini1)
 *(.fini0)
 .fini0         0x000081be        0x4 c:/program files (x86)/atmel/atmel toolchain/avr8 gcc/native/3.4.1056/avr8-gnu-toolchain/bin/../lib/gcc/avr/4.8.1/avrxmega6\libgcc.a(_exit.o)
 *(.fini0)
                0x000081c2                _etext = .

.data           0x00802000     0x422e load address 0x000081c2
                0x00802000                PROVIDE (__data_start, .)
 *(.data)
 .data          0x00802000        0x0 c:/program files (x86)/atmel/atmel toolchain/avr8 gcc/native/3.4.1056/avr8-gnu-toolchain/bin/../lib/gcc/avr/4.8.1/../../../../avr/lib/avrxmega6/crtx384c3.o
 .data          0x00802000        0x0 src/eepromUtils.o
 .data          0x00802000        0x0 src/fontsLarge.o
 .data          0x00802000        0x0 src/fontUtils.o
 .data          0x00802000        0x0 src/measurements.o
 .data          0x00802000        0x0 src/ASF/xmega/drivers/adc/adc.o
 .data          0x00802000        0x0 src/ASF/xmega/drivers/adc/xmega_bcd/adc_bcd.o
 .data          0x00802000        0x0 src/fonts.o
 .data          0x00802000        0x0 src/snake.o
 .data          0x00802000        0x0 src/utils.o
 .data          0x00802000        0x0 src/ASF/common/services/sleepmgr/xmega/sleepmgr.o
 .data          0x00802000        0x0 src/ASF/common/services/spi/xmega_spi/spi_master.o
 .data          0x00802000        0x0 src/ASF/xmega/drivers/spi/spi.o
 .data          0x00802000        0x0 src/ASF/xmega/drivers/tc/tc.o
 .data          0x00802000        0x0 src/ASF/common/services/clock/xmega/sysclk.o
 .data          0x00802000        0x0 src/ASF/xmega/drivers/nvm/nvm.o
 .data          0x00802000        0x0 src/ASF/xmega/drivers/nvm/nvm_asm.o
 .data          0x00802000        0x0 src/ASF/xmega/drivers/cpu/ccp.o
 .data          0x00802000        0x0 src/ASF/common/services/ioport/xmega/ioport_compat.o
 .data          0x00802000        0x0 src/ASF/xmega/boards/xmega_c3_xplained/init.o
 .data          0x00802000        0x0 src/ASF/xmega/services/pwm/pwm.o
 .data          0x00802000        0x0 src/display.o
 .data          0x00802000        0x0 src/main.o
 .data          0x00802000        0x0 c:/program files (x86)/atmel/atmel toolchain/avr8 gcc/native/3.4.1056/avr8-gnu-toolchain/bin/../lib/gcc/avr/4.8.1/../../../../avr/lib/avrxmega6\libm.a(addsf3.o)
 .data          0x00802000        0x0 c:/program files (x86)/atmel/atmel toolchain/avr8 gcc/native/3.4.1056/avr8-gnu-toolchain/bin/../lib/gcc/avr/4.8.1/../../../../avr/lib/avrxmega6\libm.a(addsf3x.o)
 .data          0x00802000        0x0 c:/program files (x86)/atmel/atmel toolchain/avr8 gcc/native/3.4.1056/avr8-gnu-toolchain/bin/../lib/gcc/avr/4.8.1/../../../../avr/lib/avrxmega6\libm.a(cmpsf2.o)
 .data          0x00802000        0x0 c:/program files (x86)/atmel/atmel toolchain/avr8 gcc/native/3.4.1056/avr8-gnu-toolchain/bin/../lib/gcc/avr/4.8.1/../../../../avr/lib/avrxmega6\libm.a(divsf3.o)
 .data          0x00802000        0x0 c:/program files (x86)/atmel/atmel toolchain/avr8 gcc/native/3.4.1056/avr8-gnu-toolchain/bin/../lib/gcc/avr/4.8.1/../../../../avr/lib/avrxmega6\libm.a(divsf3x.o)
 .data          0x00802000        0x0 c:/program files (x86)/atmel/atmel toolchain/avr8 gcc/native/3.4.1056/avr8-gnu-toolchain/bin/../lib/gcc/avr/4.8.1/../../../../avr/lib/avrxmega6\libm.a(fixunssfsi.o)
 .data          0x00802000        0x0 c:/program files (x86)/atmel/atmel toolchain/avr8 gcc/native/3.4.1056/avr8-gnu-toolchain/bin/../lib/gcc/avr/4.8.1/../../../../avr/lib/avrxmega6\libm.a(floatsisf.o)
 .data          0x00802000        0x0 c:/program files (x86)/atmel/atmel toolchain/avr8 gcc/native/3.4.1056/avr8-gnu-toolchain/bin/../lib/gcc/avr/4.8.1/../../../../avr/lib/avrxmega6\libm.a(fp_cmp.o)
 .data          0x00802000        0x0 c:/program files (x86)/atmel/atmel toolchain/avr8 gcc/native/3.4.1056/avr8-gnu-toolchain/bin/../lib/gcc/avr/4.8.1/../../../../avr/lib/avrxmega6\libm.a(fp_inf.o)
 .data          0x00802000        0x0 c:/program files (x86)/atmel/atmel toolchain/avr8 gcc/native/3.4.1056/avr8-gnu-toolchain/bin/../lib/gcc/avr/4.8.1/../../../../avr/lib/avrxmega6\libm.a(fp_nan.o)
 .data          0x00802000        0x0 c:/program files (x86)/atmel/atmel toolchain/avr8 gcc/native/3.4.1056/avr8-gnu-toolchain/bin/../lib/gcc/avr/4.8.1/../../../../avr/lib/avrxmega6\libm.a(fp_pscA.o)
 .data          0x00802000        0x0 c:/program files (x86)/atmel/atmel toolchain/avr8 gcc/native/3.4.1056/avr8-gnu-toolchain/bin/../lib/gcc/avr/4.8.1/../../../../avr/lib/avrxmega6\libm.a(fp_pscB.o)
 .data          0x00802000        0x0 c:/program files (x86)/atmel/atmel toolchain/avr8 gcc/native/3.4.1056/avr8-gnu-toolchain/bin/../lib/gcc/avr/4.8.1/../../../../avr/lib/avrxmega6\libm.a(fp_round.o)
 .data          0x00802000        0x0 c:/program files (x86)/atmel/atmel toolchain/avr8 gcc/native/3.4.1056/avr8-gnu-toolchain/bin/../lib/gcc/avr/4.8.1/../../../../avr/lib/avrxmega6\libm.a(fp_split3.o)
 .data          0x00802000        0x0 c:/program files (x86)/atmel/atmel toolchain/avr8 gcc/native/3.4.1056/avr8-gnu-toolchain/bin/../lib/gcc/avr/4.8.1/../../../../avr/lib/avrxmega6\libm.a(fp_zero.o)
 .data          0x00802000        0x0 c:/program files (x86)/atmel/atmel toolchain/avr8 gcc/native/3.4.1056/avr8-gnu-toolchain/bin/../lib/gcc/avr/4.8.1/../../../../avr/lib/avrxmega6\libm.a(gesf2.o)
 .data          0x00802000        0x0 c:/program files (x86)/atmel/atmel toolchain/avr8 gcc/native/3.4.1056/avr8-gnu-toolchain/bin/../lib/gcc/avr/4.8.1/../../../../avr/lib/avrxmega6\libm.a(log10.o)
 .data          0x00802000        0x0 c:/program files (x86)/atmel/atmel toolchain/avr8 gcc/native/3.4.1056/avr8-gnu-toolchain/bin/../lib/gcc/avr/4.8.1/../../../../avr/lib/avrxmega6\libm.a(log.o)
 .data          0x00802000        0x0 c:/program files (x86)/atmel/atmel toolchain/avr8 gcc/native/3.4.1056/avr8-gnu-toolchain/bin/../lib/gcc/avr/4.8.1/../../../../avr/lib/avrxmega6\libm.a(mulsf3.o)
 .data          0x00802000        0x0 c:/program files (x86)/atmel/atmel toolchain/avr8 gcc/native/3.4.1056/avr8-gnu-toolchain/bin/../lib/gcc/avr/4.8.1/../../../../avr/lib/avrxmega6\libm.a(mulsf3x.o)
 .data          0x00802000        0x0 c:/program files (x86)/atmel/atmel toolchain/avr8 gcc/native/3.4.1056/avr8-gnu-toolchain/bin/../lib/gcc/avr/4.8.1/../../../../avr/lib/avrxmega6\libm.a(fp_mpack.o)
 .data          0x00802000        0x0 c:/program files (x86)/atmel/atmel toolchain/avr8 gcc/native/3.4.1056/avr8-gnu-toolchain/bin/../lib/gcc/avr/4.8.1/../../../../avr/lib/avrxmega6\libm.a(fp_powser.o)
 .data          0x00802000        0x0 c:/program files (x86)/atmel/atmel toolchain/avr8 gcc/native/3.4.1056/avr8-gnu-toolchain/bin/../lib/gcc/avr/4.8.1/../../../../avr/lib/avrxmega6\libprintf_flt.a(vfprintf_flt.o)
 .data          0x00802000        0x0 c:/program files (x86)/atmel/atmel toolchain/avr8 gcc/native/3.4.1056/avr8-gnu-toolchain/bin/../lib/gcc/avr/4.8.1/avrxmega6\libgcc.a(_divmodhi4.o)
 .data          0x00802000        0x0 c:/program files (x86)/atmel/atmel toolchain/avr8 gcc/native/3.4.1056/avr8-gnu-toolchain/bin/../lib/gcc/avr/4.8.1/avrxmega6\libgcc.a(_udivmodsi4.o)
 .data          0x00802000        0x0 c:/program files (x86)/atmel/atmel toolchain/avr8 gcc/native/3.4.1056/avr8-gnu-toolchain/bin/../lib/gcc/avr/4.8.1/avrxmega6\libgcc.a(_exit.o)
 .data          0x00802000        0x0 c:/program files (x86)/atmel/atmel toolchain/avr8 gcc/native/3.4.1056/avr8-gnu-toolchain/bin/../lib/gcc/avr/4.8.1/avrxmega6\libgcc.a(_tablejump.o)
 .data          0x00802000        0x0 c:/program files (x86)/atmel/atmel toolchain/avr8 gcc/native/3.4.1056/avr8-gnu-toolchain/bin/../lib/gcc/avr/4.8.1/avrxmega6\libgcc.a(_copy_data.o)
 .data          0x00802000        0x0 c:/program files (x86)/atmel/atmel toolchain/avr8 gcc/native/3.4.1056/avr8-gnu-toolchain/bin/../lib/gcc/avr/4.8.1/avrxmega6\libgcc.a(_clear_bss.o)
 .data          0x00802000        0x0 c:/program files (x86)/atmel/atmel toolchain/avr8 gcc/native/3.4.1056/avr8-gnu-toolchain/bin/../lib/gcc/avr/4.8.1/avrxmega6\libgcc.a(_umulhisi3.o)
 .data          0x00802000        0x0 c:/program files (x86)/atmel/atmel toolchain/avr8 gcc/native/3.4.1056/avr8-gnu-toolchain/bin/../lib/gcc/avr/4.8.1/avrxmega6\libgcc.a(_udivmodhi4.o)
 .data          0x00802000        0x0 c:/program files (x86)/atmel/atmel toolchain/avr8 gcc/native/3.4.1056/avr8-gnu-toolchain/bin/../lib/gcc/avr/4.8.1/../../../../avr/lib/avrxmega6\libc.a(calloc.o)
 .data          0x00802000        0x6 c:/program files (x86)/atmel/atmel toolchain/avr8 gcc/native/3.4.1056/avr8-gnu-toolchain/bin/../lib/gcc/avr/4.8.1/../../../../avr/lib/avrxmega6\libc.a(malloc.o)
                0x00802000                __malloc_heap_end
                0x00802002                __malloc_heap_start
                0x00802004                __malloc_margin
 .data          0x00802006        0x4 c:/program files (x86)/atmel/atmel toolchain/avr8 gcc/native/3.4.1056/avr8-gnu-toolchain/bin/../lib/gcc/avr/4.8.1/../../../../avr/lib/avrxmega6\libc.a(rand.o)
 .data          0x0080200a        0x0 c:/program files (x86)/atmel/atmel toolchain/avr8 gcc/native/3.4.1056/avr8-gnu-toolchain/bin/../lib/gcc/avr/4.8.1/../../../../avr/lib/avrxmega6\libc.a(ftoa_engine.o)
 .data          0x0080200a        0x0 c:/program files (x86)/atmel/atmel toolchain/avr8 gcc/native/3.4.1056/avr8-gnu-toolchain/bin/../lib/gcc/avr/4.8.1/../../../../avr/lib/avrxmega6\libc.a(memcpy_P.o)
 .data          0x0080200a        0x0 c:/program files (x86)/atmel/atmel toolchain/avr8 gcc/native/3.4.1056/avr8-gnu-toolchain/bin/../lib/gcc/avr/4.8.1/../../../../avr/lib/avrxmega6\libc.a(strnlen_P.o)
 .data          0x0080200a        0x0 c:/program files (x86)/atmel/atmel toolchain/avr8 gcc/native/3.4.1056/avr8-gnu-toolchain/bin/../lib/gcc/avr/4.8.1/../../../../avr/lib/avrxmega6\libc.a(memcpy.o)
 .data          0x0080200a        0x0 c:/program files (x86)/atmel/atmel toolchain/avr8 gcc/native/3.4.1056/avr8-gnu-toolchain/bin/../lib/gcc/avr/4.8.1/../../../../avr/lib/avrxmega6\libc.a(memset.o)
 .data          0x0080200a        0x0 c:/program files (x86)/atmel/atmel toolchain/avr8 gcc/native/3.4.1056/avr8-gnu-toolchain/bin/../lib/gcc/avr/4.8.1/../../../../avr/lib/avrxmega6\libc.a(strnlen.o)
 .data          0x0080200a        0x0 c:/program files (x86)/atmel/atmel toolchain/avr8 gcc/native/3.4.1056/avr8-gnu-toolchain/bin/../lib/gcc/avr/4.8.1/../../../../avr/lib/avrxmega6\libc.a(fputc.o)
 .data          0x0080200a        0x0 c:/program files (x86)/atmel/atmel toolchain/avr8 gcc/native/3.4.1056/avr8-gnu-toolchain/bin/../lib/gcc/avr/4.8.1/../../../../avr/lib/avrxmega6\libc.a(sprintf.o)
 .data          0x0080200a        0x0 c:/program files (x86)/atmel/atmel toolchain/avr8 gcc/native/3.4.1056/avr8-gnu-toolchain/bin/../lib/gcc/avr/4.8.1/../../../../avr/lib/avrxmega6\libc.a(ultoa_invert.o)
 .data          0x0080200a        0x0 c:/program files (x86)/atmel/atmel toolchain/avr8 gcc/native/3.4.1056/avr8-gnu-toolchain/bin/../lib/gcc/avr/4.8.1/../../../../avr/lib/avrxmega6\libc.a(eerd_block_atxmega384c3.o)
 .data          0x0080200a        0x0 c:/program files (x86)/atmel/atmel toolchain/avr8 gcc/native/3.4.1056/avr8-gnu-toolchain/bin/../lib/gcc/avr/4.8.1/../../../../avr/lib/avrxmega6\libc.a(eerd_dword_atxmega384c3.o)
 .data          0x0080200a        0x0 c:/program files (x86)/atmel/atmel toolchain/avr8 gcc/native/3.4.1056/avr8-gnu-toolchain/bin/../lib/gcc/avr/4.8.1/../../../../avr/lib/avrxmega6\libc.a(eeupd_dword_atxmega384c3.o)
 .data          0x0080200a        0x0 c:/program files (x86)/atmel/atmel toolchain/avr8 gcc/native/3.4.1056/avr8-gnu-toolchain/bin/../lib/gcc/avr/4.8.1/../../../../avr/lib/avrxmega6\libc.a(eerd_byte_atxmega384d3.o)
 .data          0x0080200a        0x0 c:/program files (x86)/atmel/atmel toolchain/avr8 gcc/native/3.4.1056/avr8-gnu-toolchain/bin/../lib/gcc/avr/4.8.1/../../../../avr/lib/avrxmega6\libc.a(eeupd_byte_atxmega384c3.o)
 .data          0x0080200a        0x0 c:/program files (x86)/atmel/atmel toolchain/avr8 gcc/native/3.4.1056/avr8-gnu-toolchain/bin/../lib/gcc/avr/4.8.1/../../../../avr/lib/avrxmega6\libc.a(eewr_byte_atxmega384c3.o)
 .data          0x0080200a        0x0 c:/program files (x86)/atmel/atmel toolchain/avr8 gcc/native/3.4.1056/avr8-gnu-toolchain/bin/../lib/gcc/avr/4.8.1/avrxmega6\libgcc.a(_divmodsi4.o)
 .data          0x0080200a        0x0 c:/program files (x86)/atmel/atmel toolchain/avr8 gcc/native/3.4.1056/avr8-gnu-toolchain/bin/../lib/gcc/avr/4.8.1/avrxmega6\libgcc.a(_negsi2.o)
 .data          0x0080200a        0x0 c:/program files (x86)/atmel/atmel toolchain/avr8 gcc/native/3.4.1056/avr8-gnu-toolchain/bin/../lib/gcc/avr/4.8.1/avrxmega6\libgcc.a(_muluhisi3.o)
 .data          0x0080200a        0x0 c:/program files (x86)/atmel/atmel toolchain/avr8 gcc/native/3.4.1056/avr8-gnu-toolchain/bin/../lib/gcc/avr/4.8.1/avrxmega6\libgcc.a(_mulshisi3.o)
 *(.data*)
 .data.released
                0x0080200a        0x1 src/snake.o
                0x0080200a                released
 .data.spi_device_conf
                0x0080200b        0x1 src/display.o
                0x0080200b                spi_device_conf
 *(.rodata)
 *(.rodata*)
 .rodata.image_data_LargeFont_0x7e
                0x0080200c       0xac src/fontsLarge.o
 .rodata.image_data_LargeFont_0x7d
                0x008020b8       0x81 src/fontsLarge.o
 .rodata.image_data_LargeFont_0x7c
                0x00802139       0x81 src/fontsLarge.o
 .rodata.image_data_LargeFont_0x7b
                0x008021ba       0x81 src/fontsLarge.o
 .rodata.image_data_LargeFont_0x7a
                0x0080223b       0x81 src/fontsLarge.o
 .rodata.image_data_LargeFont_0x79
                0x008022bc       0x81 src/fontsLarge.o
 .rodata.image_data_LargeFont_0x78
                0x0080233d       0x81 src/fontsLarge.o
 .rodata.image_data_LargeFont_0x77
                0x008023be       0xac src/fontsLarge.o
 .rodata.image_data_LargeFont_0x76
                0x0080246a       0x81 src/fontsLarge.o
 .rodata.image_data_LargeFont_0x75
                0x008024eb       0x81 src/fontsLarge.o
 .rodata.image_data_LargeFont_0x74
                0x0080256c       0x56 src/fontsLarge.o
 .rodata.image_data_LargeFont_0x73
                0x008025c2       0x81 src/fontsLarge.o
 .rodata.image_data_LargeFont_0x72
                0x00802643       0x56 src/fontsLarge.o
 .rodata.image_data_LargeFont_0x71
                0x00802699       0x81 src/fontsLarge.o
 .rodata.image_data_LargeFont_0x70
                0x0080271a       0x81 src/fontsLarge.o
 .rodata.image_data_LargeFont_0x6f
                0x0080279b       0x81 src/fontsLarge.o
 .rodata.image_data_LargeFont_0x6e
                0x0080281c       0x81 src/fontsLarge.o
 .rodata.image_data_LargeFont_0x6d
                0x0080289d       0xd7 src/fontsLarge.o
 .rodata.image_data_LargeFont_0x6c
                0x00802974       0x56 src/fontsLarge.o
 .rodata.image_data_LargeFont_0x6b
                0x008029ca       0x81 src/fontsLarge.o
 .rodata.image_data_LargeFont_0x6a
                0x00802a4b       0x56 src/fontsLarge.o
 .rodata.image_data_LargeFont_0x69
                0x00802aa1       0x56 src/fontsLarge.o
 .rodata.image_data_LargeFont_0x68
                0x00802af7       0x81 src/fontsLarge.o
 .rodata.image_data_LargeFont_0x67
                0x00802b78       0x81 src/fontsLarge.o
 .rodata.image_data_LargeFont_0x66
                0x00802bf9       0x56 src/fontsLarge.o
 .rodata.image_data_LargeFont_0x65
                0x00802c4f       0x81 src/fontsLarge.o
 .rodata.image_data_LargeFont_0x64
                0x00802cd0       0x81 src/fontsLarge.o
 .rodata.image_data_LargeFont_0x63
                0x00802d51       0x81 src/fontsLarge.o
 .rodata.image_data_LargeFont_0x62
                0x00802dd2       0x81 src/fontsLarge.o
 .rodata.image_data_LargeFont_0x61
                0x00802e53       0x81 src/fontsLarge.o
 .rodata.image_data_LargeFont_0x60
                0x00802ed4       0x81 src/fontsLarge.o
 .rodata.image_data_LargeFont_0x5f
                0x00802f55       0x81 src/fontsLarge.o
 .rodata.image_data_LargeFont_0x5e
                0x00802fd6       0xac src/fontsLarge.o
 .rodata.image_data_LargeFont_0x5d
                0x00803082       0x56 src/fontsLarge.o
 .rodata.image_data_LargeFont_0x5c
                0x008030d8       0x81 src/fontsLarge.o
 .rodata.image_data_LargeFont_0x5b
                0x00803159       0x56 src/fontsLarge.o
 .rodata.image_data_LargeFont_0x5a
                0x008031af       0x81 src/fontsLarge.o
 .rodata.image_data_LargeFont_0x59
                0x00803230       0xac src/fontsLarge.o
 .rodata.image_data_LargeFont_0x58
                0x008032dc       0xac src/fontsLarge.o
 .rodata.image_data_LargeFont_0x57
                0x00803388       0xd7 src/fontsLarge.o
 .rodata.image_data_LargeFont_0x56
                0x0080345f       0x81 src/fontsLarge.o
 .rodata.image_data_LargeFont_0x55
                0x008034e0       0xac src/fontsLarge.o
 .rodata.image_data_LargeFont_0x54
                0x0080358c       0x81 src/fontsLarge.o
 .rodata.image_data_LargeFont_0x53
                0x0080360d       0x81 src/fontsLarge.o
 .rodata.image_data_LargeFont_0x52
                0x0080368e       0xac src/fontsLarge.o
 .rodata.image_data_LargeFont_0x51
                0x0080373a       0xac src/fontsLarge.o
 .rodata.image_data_LargeFont_0x50
                0x008037e6       0x81 src/fontsLarge.o
 .rodata.image_data_LargeFont_0x4f
                0x00803867       0xac src/fontsLarge.o
 .rodata.image_data_LargeFont_0x4e
                0x00803913       0xac src/fontsLarge.o
 .rodata.image_data_LargeFont_0x4d
                0x008039bf       0xac src/fontsLarge.o
 .rodata.image_data_LargeFont_0x4c
                0x00803a6b       0x81 src/fontsLarge.o
 .rodata.image_data_LargeFont_0x4b
                0x00803aec       0xac src/fontsLarge.o
 .rodata.image_data_LargeFont_0x4a
                0x00803b98       0x81 src/fontsLarge.o
 .rodata.image_data_LargeFont_0x49
                0x00803c19       0x81 src/fontsLarge.o
 .rodata.image_data_LargeFont_0x48
                0x00803c9a       0xac src/fontsLarge.o
 .rodata.image_data_LargeFont_0x47
                0x00803d46       0xac src/fontsLarge.o
 .rodata.image_data_LargeFont_0x46
                0x00803df2       0x81 src/fontsLarge.o
 .rodata.image_data_LargeFont_0x45
                0x00803e73       0x81 src/fontsLarge.o
 .rodata.image_data_LargeFont_0x44
                0x00803ef4       0xac src/fontsLarge.o
 .rodata.image_data_LargeFont_0x43
                0x00803fa0       0x81 src/fontsLarge.o
 .rodata.image_data_LargeFont_0x42
                0x00804021       0xac src/fontsLarge.o
 .rodata.image_data_LargeFont_0x41
                0x008040cd       0xac src/fontsLarge.o
 .rodata.image_data_LargeFont_0x40
                0x00804179       0xd7 src/fontsLarge.o
 .rodata.image_data_LargeFont_0x3f
                0x00804250       0x81 src/fontsLarge.o
 .rodata.image_data_LargeFont_0x3e
                0x008042d1       0xac src/fontsLarge.o
 .rodata.image_data_LargeFont_0x3d
                0x0080437d       0xac src/fontsLarge.o
 .rodata.image_data_LargeFont_0x3c
                0x00804429       0xac src/fontsLarge.o
 .rodata.image_data_LargeFont_0x3b
                0x008044d5       0x56 src/fontsLarge.o
 .rodata.image_data_LargeFont_0x3a
                0x0080452b       0x56 src/fontsLarge.o
 .rodata.image_data_LargeFont_0x39
                0x00804581       0x81 src/fontsLarge.o
 .rodata.image_data_LargeFont_0x38
                0x00804602       0x81 src/fontsLarge.o
 .rodata.image_data_LargeFont_0x37
                0x00804683       0x81 src/fontsLarge.o
 .rodata.image_data_LargeFont_0x36
                0x00804704       0x81 src/fontsLarge.o
 .rodata.image_data_LargeFont_0x35
                0x00804785       0x81 src/fontsLarge.o
 .rodata.image_data_LargeFont_0x34
                0x00804806       0x81 src/fontsLarge.o
 .rodata.image_data_LargeFont_0x33
                0x00804887       0x81 src/fontsLarge.o
 .rodata.image_data_LargeFont_0x32
                0x00804908       0x81 src/fontsLarge.o
 .rodata.image_data_LargeFont_0x31
                0x00804989       0x81 src/fontsLarge.o
 .rodata.image_data_LargeFont_0x30
                0x00804a0a       0x81 src/fontsLarge.o
 .rodata.image_data_LargeFont_0x2f
                0x00804a8b       0x81 src/fontsLarge.o
 .rodata.image_data_LargeFont_0x2e
                0x00804b0c       0x56 src/fontsLarge.o
 .rodata.image_data_LargeFont_0x2d
                0x00804b62       0x56 src/fontsLarge.o
 .rodata.image_data_LargeFont_0x2c
                0x00804bb8       0x56 src/fontsLarge.o
 .rodata.image_data_LargeFont_0x2b
                0x00804c0e       0xac src/fontsLarge.o
 .rodata.image_data_LargeFont_0x2a
                0x00804cba       0x81 src/fontsLarge.o
 .rodata.image_data_LargeFont_0x29
                0x00804d3b       0x56 src/fontsLarge.o
 .rodata.image_data_LargeFont_0x28
                0x00804d91       0x56 src/fontsLarge.o
 .rodata.image_data_LargeFont_0x27
                0x00804de7       0x56 src/fontsLarge.o
 .rodata.image_data_LargeFont_0x26
                0x00804e3d       0xac src/fontsLarge.o
 .rodata.image_data_LargeFont_0x25
                0x00804ee9      0x102 src/fontsLarge.o
 .rodata.image_data_LargeFont_0x24
                0x00804feb       0x81 src/fontsLarge.o
 .rodata.image_data_LargeFont_0x23
                0x0080506c       0xac src/fontsLarge.o
 .rodata.image_data_LargeFont_0x22
                0x00805118       0x81 src/fontsLarge.o
 .rodata.image_data_LargeFont_0x21
                0x00805199       0x56 src/fontsLarge.o
 .rodata.image_data_LargeFont_0x20
                0x008051ef       0x56 src/fontsLarge.o
 .rodata.image_data_LargeFont_error
                0x00805245       0x56 src/fontsLarge.o
 .rodata.str1.1
                0x0080529b        0xc src/fontUtils.o
 .rodata.image_data_Font_0x7e
                0x008052a7       0x11 src/fonts.o
 .rodata.image_data_Font_0x7d
                0x008052b8       0x11 src/fonts.o
 .rodata.image_data_Font_0x7c
                0x008052c9       0x11 src/fonts.o
 .rodata.image_data_Font_0x7b
                0x008052da       0x11 src/fonts.o
 .rodata.image_data_Font_0x7a
                0x008052eb       0x11 src/fonts.o
 .rodata.image_data_Font_0x79
                0x008052fc       0x11 src/fonts.o
 .rodata.image_data_Font_0x78
                0x0080530d       0x11 src/fonts.o
 .rodata.image_data_Font_0x77
                0x0080531e       0x22 src/fonts.o
 .rodata.image_data_Font_0x76
                0x00805340       0x11 src/fonts.o
 .rodata.image_data_Font_0x75
                0x00805351       0x22 src/fonts.o
 .rodata.image_data_Font_0x74
                0x00805373       0x11 src/fonts.o
 .rodata.image_data_Font_0x73
                0x00805384       0x11 src/fonts.o
 .rodata.image_data_Font_0x72
                0x00805395       0x11 src/fonts.o
 .rodata.image_data_Font_0x71
                0x008053a6       0x22 src/fonts.o
 .rodata.image_data_Font_0x70
                0x008053c8       0x22 src/fonts.o
 .rodata.image_data_Font_0x6f
                0x008053ea       0x22 src/fonts.o
 .rodata.image_data_Font_0x6e
                0x0080540c       0x22 src/fonts.o
 .rodata.image_data_Font_0x6d
                0x0080542e       0x22 src/fonts.o
 .rodata.image_data_Font_0x6c
                0x00805450       0x11 src/fonts.o
 .rodata.image_data_Font_0x6b
                0x00805461       0x22 src/fonts.o
 .rodata.image_data_Font_0x6a
                0x00805483       0x11 src/fonts.o
 .rodata.image_data_Font_0x69
                0x00805494       0x11 src/fonts.o
 .rodata.image_data_Font_0x68
                0x008054a5       0x22 src/fonts.o
 .rodata.image_data_Font_0x67
                0x008054c7       0x22 src/fonts.o
 .rodata.image_data_Font_0x66
                0x008054e9       0x11 src/fonts.o
 .rodata.image_data_Font_0x65
                0x008054fa       0x11 src/fonts.o
 .rodata.image_data_Font_0x64
                0x0080550b       0x22 src/fonts.o
 .rodata.image_data_Font_0x63
                0x0080552d       0x11 src/fonts.o
 .rodata.image_data_Font_0x62
                0x0080553e       0x22 src/fonts.o
 .rodata.image_data_Font_0x61
                0x00805560       0x22 src/fonts.o
 .rodata.image_data_Font_0x60
                0x00805582       0x11 src/fonts.o
 .rodata.image_data_Font_0x5f
                0x00805593       0x11 src/fonts.o
 .rodata.image_data_Font_0x5e
                0x008055a4       0x11 src/fonts.o
 .rodata.image_data_Font_0x5d
                0x008055b5       0x11 src/fonts.o
 .rodata.image_data_Font_0x5c
                0x008055c6       0x11 src/fonts.o
 .rodata.image_data_Font_0x5b
                0x008055d7       0x11 src/fonts.o
 .rodata.image_data_Font_0x5a
                0x008055e8       0x22 src/fonts.o
 .rodata.image_data_Font_0x59
                0x0080560a       0x22 src/fonts.o
 .rodata.image_data_Font_0x58
                0x0080562c       0x22 src/fonts.o
 .rodata.image_data_Font_0x57
                0x0080564e       0x22 src/fonts.o
 .rodata.image_data_Font_0x56
                0x00805670       0x22 src/fonts.o
 .rodata.image_data_Font_0x55
                0x00805692       0x22 src/fonts.o
 .rodata.image_data_Font_0x54
                0x008056b4       0x11 src/fonts.o
 .rodata.image_data_Font_0x53
                0x008056c5       0x22 src/fonts.o
 .rodata.image_data_Font_0x52
                0x008056e7       0x22 src/fonts.o
 .rodata.image_data_Font_0x51
                0x00805709       0x22 src/fonts.o
 .rodata.image_data_Font_0x50
                0x0080572b       0x22 src/fonts.o
 .rodata.image_data_Font_0x4f
                0x0080574d       0x22 src/fonts.o
 .rodata.image_data_Font_0x4e
                0x0080576f       0x22 src/fonts.o
 .rodata.image_data_Font_0x4d
                0x00805791       0x22 src/fonts.o
 .rodata.image_data_Font_0x4c
                0x008057b3       0x11 src/fonts.o
 .rodata.image_data_Font_0x4b
                0x008057c4       0x22 src/fonts.o
 .rodata.image_data_Font_0x4a
                0x008057e6       0x11 src/fonts.o
 .rodata.image_data_Font_0x49
                0x008057f7       0x11 src/fonts.o
 .rodata.image_data_Font_0x48
                0x00805808       0x22 src/fonts.o
 .rodata.image_data_Font_0x47
                0x0080582a       0x22 src/fonts.o
 .rodata.image_data_Font_0x46
                0x0080584c       0x11 src/fonts.o
 .rodata.image_data_Font_0x45
                0x0080585d       0x22 src/fonts.o
 .rodata.image_data_Font_0x44
                0x0080587f       0x22 src/fonts.o
 .rodata.image_data_Font_0x43
                0x008058a1       0x22 src/fonts.o
 .rodata.image_data_Font_0x42
                0x008058c3       0x22 src/fonts.o
 .rodata.image_data_Font_0x41
                0x008058e5       0x22 src/fonts.o
 .rodata.image_data_Font_0x40
                0x00805907       0x22 src/fonts.o
 .rodata.image_data_Font_0x3f
                0x00805929       0x11 src/fonts.o
 .rodata.image_data_Font_0x3e
                0x0080593a       0x11 src/fonts.o
 .rodata.image_data_Font_0x3d
                0x0080594b       0x11 src/fonts.o
 .rodata.image_data_Font_0x3c
                0x0080595c       0x11 src/fonts.o
 .rodata.image_data_Font_0x3b
                0x0080596d       0x11 src/fonts.o
 .rodata.image_data_Font_0x3a
                0x0080597e       0x11 src/fonts.o
 .rodata.image_data_Font_0x39
                0x0080598f       0x22 src/fonts.o
 .rodata.image_data_Font_0x38
                0x008059b1       0x22 src/fonts.o
 .rodata.image_data_Font_0x37
                0x008059d3       0x22 src/fonts.o
 .rodata.image_data_Font_0x36
                0x008059f5       0x22 src/fonts.o
 .rodata.image_data_Font_0x35
                0x00805a17       0x22 src/fonts.o
 .rodata.image_data_Font_0x34
                0x00805a39       0x22 src/fonts.o
 .rodata.image_data_Font_0x33
                0x00805a5b       0x22 src/fonts.o
 .rodata.image_data_Font_0x32
                0x00805a7d       0x22 src/fonts.o
 .rodata.image_data_Font_0x31
                0x00805a9f       0x22 src/fonts.o
 .rodata.image_data_Font_0x30
                0x00805ac1       0x22 src/fonts.o
 .rodata.image_data_Font_0x2f
                0x00805ae3       0x11 src/fonts.o
 .rodata.image_data_Font_0x2e
                0x00805af4       0x11 src/fonts.o
 .rodata.image_data_Font_0x2d
                0x00805b05       0x11 src/fonts.o
 .rodata.image_data_Font_0x2c
                0x00805b16       0x11 src/fonts.o
 .rodata.image_data_Font_0x2b
                0x00805b27       0x11 src/fonts.o
 .rodata.image_data_Font_0x2a
                0x00805b38       0x11 src/fonts.o
 .rodata.image_data_Font_0x29
                0x00805b49       0x11 src/fonts.o
 .rodata.image_data_Font_0x28
                0x00805b5a       0x11 src/fonts.o
 .rodata.image_data_Font_0x27
                0x00805b6b       0x11 src/fonts.o
 .rodata.image_data_Font_0x26
                0x00805b7c       0x22 src/fonts.o
 .rodata.image_data_Font_0x25
                0x00805b9e       0x22 src/fonts.o
 .rodata.image_data_Font_0x24
                0x00805bc0       0x22 src/fonts.o
 .rodata.image_data_Font_0x23
                0x00805be2       0x22 src/fonts.o
 .rodata.image_data_Font_0x22
                0x00805c04       0x11 src/fonts.o
 .rodata.image_data_Font_0x21
                0x00805c15       0x11 src/fonts.o
 .rodata.image_data_Font_0x20
                0x00805c26       0x11 src/fonts.o
 .rodata.image_data_Font_error
                0x00805c37       0x22 src/fonts.o
 .rodata.str1.1
                0x00805c59        0xa src/snake.o
 .rodata.battery_100
                0x00805c63       0x44 src/display.o
 .rodata.battery_95
                0x00805ca7       0x44 src/display.o
 .rodata.battery_90
                0x00805ceb       0x44 src/display.o
 .rodata.battery_85
                0x00805d2f       0x44 src/display.o
 .rodata.battery_80
                0x00805d73       0x44 src/display.o
 .rodata.battery_75
                0x00805db7       0x44 src/display.o
 .rodata.battery_70
                0x00805dfb       0x44 src/display.o
 .rodata.battery_65
                0x00805e3f       0x44 src/display.o
 .rodata.battery_60
                0x00805e83       0x44 src/display.o
 .rodata.battery_55
                0x00805ec7       0x44 src/display.o
 .rodata.battery_50
                0x00805f0b       0x44 src/display.o
 .rodata.battery_45
                0x00805f4f       0x44 src/display.o
 .rodata.battery_40
                0x00805f93       0x44 src/display.o
 .rodata.battery_35
                0x00805fd7       0x44 src/display.o
 .rodata.battery_30
                0x0080601b       0x44 src/display.o
 .rodata.battery_25
                0x0080605f       0x44 src/display.o
 .rodata.battery_20
                0x008060a3       0x44 src/display.o
 .rodata.battery_15
                0x008060e7       0x44 src/display.o
 .rodata.battery_10
                0x0080612b       0x44 src/display.o
 .rodata.battery_5
                0x0080616f       0x44 src/display.o
 .rodata.arrow_right
                0x008061b3       0x22 src/display.o
 .rodata.arrow_left
                0x008061d5       0x22 src/display.o
 .rodata.snake_bait
                0x008061f7        0x8 src/display.o
 .rodata.str1.1
                0x008061ff       0x2f src/main.o
 *(.gnu.linkonce.d*)
                0x0080622e                . = ALIGN (0x2)
                0x0080622e                _edata = .
                0x0080622e                PROVIDE (__data_end, .)

.bss            0x0080622e     0x3022
                0x0080622e                PROVIDE (__bss_start, .)
 *(.bss)
 *(.bss*)
 .bss.adca_enable_count
                0x0080622e        0x1 src/ASF/xmega/drivers/adc/adc.o
 .bss.tc_tcf0_ccd_callback
                0x0080622f        0x2 src/ASF/xmega/drivers/tc/tc.o
 .bss.tc_tcf0_ccc_callback
                0x00806231        0x2 src/ASF/xmega/drivers/tc/tc.o
 .bss.tc_tcf0_ccb_callback
                0x00806233        0x2 src/ASF/xmega/drivers/tc/tc.o
 .bss.tc_tcf0_cca_callback
                0x00806235        0x2 src/ASF/xmega/drivers/tc/tc.o
 .bss.tc_tcf0_err_callback
                0x00806237        0x2 src/ASF/xmega/drivers/tc/tc.o
 .bss.tc_tcf0_ovf_callback
                0x00806239        0x2 src/ASF/xmega/drivers/tc/tc.o
 .bss.tc_tce0_ccd_callback
                0x0080623b        0x2 src/ASF/xmega/drivers/tc/tc.o
 .bss.tc_tce0_ccc_callback
                0x0080623d        0x2 src/ASF/xmega/drivers/tc/tc.o
 .bss.tc_tce0_ccb_callback
                0x0080623f        0x2 src/ASF/xmega/drivers/tc/tc.o
 .bss.tc_tce0_cca_callback
                0x00806241        0x2 src/ASF/xmega/drivers/tc/tc.o
 .bss.tc_tce0_err_callback
                0x00806243        0x2 src/ASF/xmega/drivers/tc/tc.o
 .bss.tc_tce0_ovf_callback
                0x00806245        0x2 src/ASF/xmega/drivers/tc/tc.o
 .bss.tc_tcd0_ccd_callback
                0x00806247        0x2 src/ASF/xmega/drivers/tc/tc.o
 .bss.tc_tcd0_ccc_callback
                0x00806249        0x2 src/ASF/xmega/drivers/tc/tc.o
 .bss.tc_tcd0_ccb_callback
                0x0080624b        0x2 src/ASF/xmega/drivers/tc/tc.o
 .bss.tc_tcd0_cca_callback
                0x0080624d        0x2 src/ASF/xmega/drivers/tc/tc.o
 .bss.tc_tcd0_err_callback
                0x0080624f        0x2 src/ASF/xmega/drivers/tc/tc.o
 .bss.tc_tcd0_ovf_callback
                0x00806251        0x2 src/ASF/xmega/drivers/tc/tc.o
 .bss.tc_tcc1_ccb_callback
                0x00806253        0x2 src/ASF/xmega/drivers/tc/tc.o
 .bss.tc_tcc1_cca_callback
                0x00806255        0x2 src/ASF/xmega/drivers/tc/tc.o
 .bss.tc_tcc1_err_callback
                0x00806257        0x2 src/ASF/xmega/drivers/tc/tc.o
 .bss.tc_tcc1_ovf_callback
                0x00806259        0x2 src/ASF/xmega/drivers/tc/tc.o
 .bss.tc_tcc0_ccd_callback
                0x0080625b        0x2 src/ASF/xmega/drivers/tc/tc.o
 .bss.tc_tcc0_ccc_callback
                0x0080625d        0x2 src/ASF/xmega/drivers/tc/tc.o
 .bss.tc_tcc0_ccb_callback
                0x0080625f        0x2 src/ASF/xmega/drivers/tc/tc.o
 .bss.tc_tcc0_cca_callback
                0x00806261        0x2 src/ASF/xmega/drivers/tc/tc.o
 .bss.tc_tcc0_err_callback
                0x00806263        0x2 src/ASF/xmega/drivers/tc/tc.o
 .bss.tc_tcc0_ovf_callback
                0x00806265        0x2 src/ASF/xmega/drivers/tc/tc.o
 .bss.screen    0x00806267        0x1 src/main.o
                0x00806267                screen
 .bss.powerTail
                0x00806268        0x1 src/main.o
                0x00806268                powerTail
 .bss.maxPower  0x00806269        0x4 src/main.o
                0x00806269                maxPower
 .bss.maxCurrent
                0x0080626d        0x4 src/main.o
                0x0080626d                maxCurrent
 .bss.maxVoltage
                0x00806271        0x4 src/main.o
                0x00806271                maxVoltage
 .bss.oldBattery
                0x00806275        0x4 src/main.o
                0x00806275                oldBattery
 *(COMMON)
 COMMON         0x00806279        0x2 src/eepromUtils.o
                0x00806279                i
 COMMON         0x0080627b        0xa src/measurements.o
                0x0080627b                adc_conf
                0x00806281                adcch_conf
 COMMON         0x00806285        0x2 src/ASF/xmega/drivers/adc/adc.o
                0x00806285                adca_callback
 COMMON         0x00806287        0x6 src/ASF/common/services/sleepmgr/xmega/sleepmgr.o
                0x00806287                sleepmgr_locks
 COMMON         0x0080628d     0x2ee7 src/display.o
                0x0080628d                frame
                0x0080916d                pwm_cfg
 COMMON         0x00809174       0xd8 src/main.o
                0x00809174                power
                0x00809178                powerHist
                0x00809240                voltage
                0x00809244                current
                0x00809248                battery
 COMMON         0x0080924c        0x4 c:/program files (x86)/atmel/atmel toolchain/avr8 gcc/native/3.4.1056/avr8-gnu-toolchain/bin/../lib/gcc/avr/4.8.1/../../../../avr/lib/avrxmega6\libc.a(malloc.o)
                0x0080924c                __brkval
                0x0080924e                __flp
                0x00809250                PROVIDE (__bss_end, .)
                0x000081c2                __data_load_start = LOADADDR (.data)
                0x0000c3f0                __data_load_end = (__data_load_start + SIZEOF (.data))

.noinit         0x00809250        0x0
                0x00809250                PROVIDE (__noinit_start, .)
 *(.noinit*)
                0x00809250                PROVIDE (__noinit_end, .)
                0x00809250                _end = .
                0x00809250                PROVIDE (__heap_start, .)

.eeprom         0x00810000      0x484
 *(.eeprom*)
 .eeprom        0x00810000      0x484 src/eepromUtils.o
                0x00810000                size
                0x00810004                powerDay
                0x00810484                __eeprom_end = .

.fuse
 *(.fuse)
 *(.lfuse)
 *(.hfuse)
 *(.efuse)

.lock
 *(.lock*)

.signature
 *(.signature*)

.user_signatures
 *(.user_signatures*)

.stab
 *(.stab)

.stabstr
 *(.stabstr)

.stab.excl
 *(.stab.excl)

.stab.exclstr
 *(.stab.exclstr)

.stab.index
 *(.stab.index)

.stab.indexstr
 *(.stab.indexstr)

.comment        0x00000000       0x5c
 *(.comment)
 .comment       0x00000000       0x30 src/eepromUtils.o
                                 0x31 (size before relaxing)
 .comment       0x00000000       0x31 src/fontsLarge.o
 .comment       0x00000000       0x31 src/fontUtils.o
 .comment       0x00000000       0x31 src/measurements.o
 .comment       0x00000000       0x31 src/ASF/xmega/drivers/adc/adc.o
 .comment       0x00000000       0x31 src/ASF/xmega/drivers/adc/xmega_bcd/adc_bcd.o
 .comment       0x00000000       0x31 src/fonts.o
 .comment       0x00000000       0x31 src/snake.o
 .comment       0x00000000       0x31 src/utils.o
 .comment       0x00000000       0x31 src/ASF/common/services/sleepmgr/xmega/sleepmgr.o
 .comment       0x00000000       0x31 src/ASF/common/services/spi/xmega_spi/spi_master.o
 .comment       0x00000000       0x31 src/ASF/xmega/drivers/spi/spi.o
 .comment       0x00000000       0x31 src/ASF/xmega/drivers/tc/tc.o
 .comment       0x00000000       0x31 src/ASF/common/services/clock/xmega/sysclk.o
 .comment       0x00000000       0x31 src/ASF/xmega/drivers/nvm/nvm.o
 .comment       0x00000000       0x31 src/ASF/common/services/ioport/xmega/ioport_compat.o
 .comment       0x00000000       0x31 src/ASF/xmega/boards/xmega_c3_xplained/init.o
 .comment       0x00000000       0x31 src/ASF/xmega/services/pwm/pwm.o
 .comment       0x00000000       0x31 src/display.o
 .comment       0x00000000       0x31 src/main.o
 .comment       0x00000030       0x2c c:/program files (x86)/atmel/atmel toolchain/avr8 gcc/native/3.4.1056/avr8-gnu-toolchain/bin/../lib/gcc/avr/4.8.1/../../../../avr/lib/avrxmega6\libprintf_flt.a(vfprintf_flt.o)
                                 0x2d (size before relaxing)
 .comment       0x00000000       0x31 c:/program files (x86)/atmel/atmel toolchain/avr8 gcc/native/3.4.1056/avr8-gnu-toolchain/bin/../lib/gcc/avr/4.8.1/../../../../avr/lib/avrxmega6\libc.a(calloc.o)
 .comment       0x00000000       0x31 c:/program files (x86)/atmel/atmel toolchain/avr8 gcc/native/3.4.1056/avr8-gnu-toolchain/bin/../lib/gcc/avr/4.8.1/../../../../avr/lib/avrxmega6\libc.a(malloc.o)
 .comment       0x00000000       0x31 c:/program files (x86)/atmel/atmel toolchain/avr8 gcc/native/3.4.1056/avr8-gnu-toolchain/bin/../lib/gcc/avr/4.8.1/../../../../avr/lib/avrxmega6\libc.a(rand.o)
 .comment       0x00000000       0x31 c:/program files (x86)/atmel/atmel toolchain/avr8 gcc/native/3.4.1056/avr8-gnu-toolchain/bin/../lib/gcc/avr/4.8.1/../../../../avr/lib/avrxmega6\libc.a(fputc.o)
 .comment       0x00000000       0x31 c:/program files (x86)/atmel/atmel toolchain/avr8 gcc/native/3.4.1056/avr8-gnu-toolchain/bin/../lib/gcc/avr/4.8.1/../../../../avr/lib/avrxmega6\libc.a(sprintf.o)

.note.gnu.build-id
 *(.note.gnu.build-id)

.debug
 *(.debug)

.line
 *(.line)

.debug_srcinfo
 *(.debug_srcinfo)

.debug_sfnames
 *(.debug_sfnames)

.debug_aranges  0x00000000      0x6f0
 *(.debug_aranges)
 .debug_aranges
                0x00000000       0x30 src/eepromUtils.o
 .debug_aranges
                0x00000030       0x20 src/fontsLarge.o
 .debug_aranges
                0x00000050       0x40 src/fontUtils.o
 .debug_aranges
                0x00000090       0x98 src/measurements.o
 .debug_aranges
                0x00000128       0x48 src/ASF/xmega/drivers/adc/adc.o
 .debug_aranges
                0x00000170       0x40 src/ASF/xmega/drivers/adc/xmega_bcd/adc_bcd.o
 .debug_aranges
                0x000001b0       0x20 src/fonts.o
 .debug_aranges
                0x000001d0       0x20 src/snake.o
 .debug_aranges
                0x000001f0       0x20 src/utils.o
 .debug_aranges
                0x00000210       0x18 src/ASF/common/services/sleepmgr/xmega/sleepmgr.o
 .debug_aranges
                0x00000228       0x48 src/ASF/common/services/spi/xmega_spi/spi_master.o
 .debug_aranges
                0x00000270       0x20 src/ASF/xmega/drivers/spi/spi.o
 .debug_aranges
                0x00000290      0x138 src/ASF/xmega/drivers/tc/tc.o
 .debug_aranges
                0x000003c8       0x40 src/ASF/common/services/clock/xmega/sysclk.o
 .debug_aranges
                0x00000408       0xc0 src/ASF/xmega/drivers/nvm/nvm.o
 .debug_aranges
                0x000004c8       0x28 src/ASF/xmega/drivers/nvm/nvm_asm.o
 .debug_aranges
                0x000004f0       0x20 src/ASF/xmega/drivers/cpu/ccp.o
 .debug_aranges
                0x00000510       0x20 src/ASF/common/services/ioport/xmega/ioport_compat.o
 .debug_aranges
                0x00000530       0x20 src/ASF/xmega/boards/xmega_c3_xplained/init.o
 .debug_aranges
                0x00000550       0x30 src/ASF/xmega/services/pwm/pwm.o
 .debug_aranges
                0x00000580      0x108 src/display.o
 .debug_aranges
                0x00000688       0x68 src/main.o

.debug_pubnames
 *(.debug_pubnames)

.debug_info     0x00000000    0x110a0
 *(.debug_info .gnu.linkonce.wi.*)
 .debug_info    0x00000000      0x2d8 src/eepromUtils.o
 .debug_info    0x000002d8      0x9ba src/fontsLarge.o
 .debug_info    0x00000c92      0x24e src/fontUtils.o
 .debug_info    0x00000ee0     0x1924 src/measurements.o
 .debug_info    0x00002804      0x9a7 src/ASF/xmega/drivers/adc/adc.o
 .debug_info    0x000031ab      0xb7f src/ASF/xmega/drivers/adc/xmega_bcd/adc_bcd.o
 .debug_info    0x00003d2a      0x984 src/fonts.o
 .debug_info    0x000046ae     0x1172 src/snake.o
 .debug_info    0x00005820       0xa0 src/utils.o
 .debug_info    0x000058c0      0x121 src/ASF/common/services/sleepmgr/xmega/sleepmgr.o
 .debug_info    0x000059e1      0xb84 src/ASF/common/services/spi/xmega_spi/spi_master.o
 .debug_info    0x00006565      0x1b9 src/ASF/xmega/drivers/spi/spi.o
 .debug_info    0x0000671e     0x173b src/ASF/xmega/drivers/tc/tc.o
 .debug_info    0x00007e59      0x760 src/ASF/common/services/clock/xmega/sysclk.o
 .debug_info    0x000085b9     0x13c6 src/ASF/xmega/drivers/nvm/nvm.o
 .debug_info    0x0000997f       0x8a src/ASF/xmega/drivers/nvm/nvm_asm.o
 .debug_info    0x00009a09       0x8a src/ASF/xmega/drivers/cpu/ccp.o
 .debug_info    0x00009a93      0x11d src/ASF/common/services/ioport/xmega/ioport_compat.o
 .debug_info    0x00009bb0      0x9e3 src/ASF/xmega/boards/xmega_c3_xplained/init.o
 .debug_info    0x0000a593     0x1339 src/ASF/xmega/services/pwm/pwm.o
 .debug_info    0x0000b8cc     0x30f3 src/display.o
 .debug_info    0x0000e9bf     0x26e1 src/main.o

.debug_abbrev   0x00000000     0x2bd4
 *(.debug_abbrev)
 .debug_abbrev  0x00000000      0x17a src/eepromUtils.o
 .debug_abbrev  0x0000017a       0xbf src/fontsLarge.o
 .debug_abbrev  0x00000239       0xfd src/fontUtils.o
 .debug_abbrev  0x00000336      0x431 src/measurements.o
 .debug_abbrev  0x00000767      0x2ac src/ASF/xmega/drivers/adc/adc.o
 .debug_abbrev  0x00000a13      0x32a src/ASF/xmega/drivers/adc/xmega_bcd/adc_bcd.o
 .debug_abbrev  0x00000d3d       0xb6 src/fonts.o
 .debug_abbrev  0x00000df3      0x32b src/snake.o
 .debug_abbrev  0x0000111e       0x65 src/utils.o
 .debug_abbrev  0x00001183       0x80 src/ASF/common/services/sleepmgr/xmega/sleepmgr.o
 .debug_abbrev  0x00001203      0x29c src/ASF/common/services/spi/xmega_spi/spi_master.o
 .debug_abbrev  0x0000149f       0xf6 src/ASF/xmega/drivers/spi/spi.o
 .debug_abbrev  0x00001595      0x2a7 src/ASF/xmega/drivers/tc/tc.o
 .debug_abbrev  0x0000183c      0x268 src/ASF/common/services/clock/xmega/sysclk.o
 .debug_abbrev  0x00001aa4      0x3de src/ASF/xmega/drivers/nvm/nvm.o
 .debug_abbrev  0x00001e82       0x12 src/ASF/xmega/drivers/nvm/nvm_asm.o
 .debug_abbrev  0x00001e94       0x14 src/ASF/xmega/drivers/cpu/ccp.o
 .debug_abbrev  0x00001ea8       0x93 src/ASF/common/services/ioport/xmega/ioport_compat.o
 .debug_abbrev  0x00001f3b      0x160 src/ASF/xmega/boards/xmega_c3_xplained/init.o
 .debug_abbrev  0x0000209b      0x28c src/ASF/xmega/services/pwm/pwm.o
 .debug_abbrev  0x00002327      0x468 src/display.o
 .debug_abbrev  0x0000278f      0x445 src/main.o

.debug_line     0x00000000     0xa011
 *(.debug_line .debug_line.* .debug_line_end)
 .debug_line    0x00000000      0x2bb src/eepromUtils.o
 .debug_line    0x000002bb      0x6eb src/fontsLarge.o
 .debug_line    0x000009a6      0x2a1 src/fontUtils.o
 .debug_line    0x00000c47      0xc0b src/measurements.o
 .debug_line    0x00001852      0x721 src/ASF/xmega/drivers/adc/adc.o
 .debug_line    0x00001f73      0x7c3 src/ASF/xmega/drivers/adc/xmega_bcd/adc_bcd.o
 .debug_line    0x00002736      0x6e1 src/fonts.o
 .debug_line    0x00002e17      0xc33 src/snake.o
 .debug_line    0x00003a4a      0x17a src/utils.o
 .debug_line    0x00003bc4      0x430 src/ASF/common/services/sleepmgr/xmega/sleepmgr.o
 .debug_line    0x00003ff4      0x74b src/ASF/common/services/spi/xmega_spi/spi_master.o
 .debug_line    0x0000473f      0x4d1 src/ASF/xmega/drivers/spi/spi.o
 .debug_line    0x00004c10      0xcb8 src/ASF/xmega/drivers/tc/tc.o
 .debug_line    0x000058c8      0x5e6 src/ASF/common/services/clock/xmega/sysclk.o
 .debug_line    0x00005eae      0xb37 src/ASF/xmega/drivers/nvm/nvm.o
 .debug_line    0x000069e5      0x11f src/ASF/xmega/drivers/nvm/nvm_asm.o
 .debug_line    0x00006b04       0x6e src/ASF/xmega/drivers/cpu/ccp.o
 .debug_line    0x00006b72      0x48d src/ASF/common/services/ioport/xmega/ioport_compat.o
 .debug_line    0x00006fff      0x4b4 src/ASF/xmega/boards/xmega_c3_xplained/init.o
 .debug_line    0x000074b3      0xab8 src/ASF/xmega/services/pwm/pwm.o
 .debug_line    0x00007f6b     0x12a3 src/display.o
 .debug_line    0x0000920e      0xe03 src/main.o

.debug_frame    0x00000000     0x1b7c
 *(.debug_frame)
 .debug_frame   0x00000000       0x8c src/eepromUtils.o
 .debug_frame   0x0000008c       0x24 src/fontsLarge.o
 .debug_frame   0x000000b0       0xdc src/fontUtils.o
 .debug_frame   0x0000018c      0x188 src/measurements.o
 .debug_frame   0x00000314       0x8c src/ASF/xmega/drivers/adc/adc.o
 .debug_frame   0x000003a0      0x124 src/ASF/xmega/drivers/adc/xmega_bcd/adc_bcd.o
 .debug_frame   0x000004c4       0x24 src/fonts.o
 .debug_frame   0x000004e8       0x88 src/snake.o
 .debug_frame   0x00000570       0x24 src/utils.o
 .debug_frame   0x00000594       0x9c src/ASF/common/services/spi/xmega_spi/spi_master.o
 .debug_frame   0x00000630       0x4c src/ASF/xmega/drivers/spi/spi.o
 .debug_frame   0x0000067c      0xa44 src/ASF/xmega/drivers/tc/tc.o
 .debug_frame   0x000010c0       0x64 src/ASF/common/services/clock/xmega/sysclk.o
 .debug_frame   0x00001124      0x348 src/ASF/xmega/drivers/nvm/nvm.o
 .debug_frame   0x0000146c       0x30 src/ASF/common/services/ioport/xmega/ioport_compat.o
 .debug_frame   0x0000149c       0x24 src/ASF/xmega/boards/xmega_c3_xplained/init.o
 .debug_frame   0x000014c0       0x84 src/ASF/xmega/services/pwm/pwm.o
 .debug_frame   0x00001544      0x4b0 src/display.o
 .debug_frame   0x000019f4      0x188 src/main.o

.debug_str      0x00000000    0x2b20b
 *(.debug_str)
 .debug_str     0x00000000    0x15607 src/eepromUtils.o
                              0x159bc (size before relaxing)
 .debug_str     0x00015607     0x318a src/fontsLarge.o
                              0x18360 (size before relaxing)
 .debug_str     0x00018791      0x400 src/fontUtils.o
                               0x4471 (size before relaxing)
 .debug_str     0x00018b91     0xf7fb src/measurements.o
                              0x275ac (size before relaxing)
 .debug_str     0x0002838c      0x1c3 src/ASF/xmega/drivers/adc/adc.o
                              0x24c46 (size before relaxing)
 .debug_str     0x0002854f       0x44 src/ASF/xmega/drivers/adc/xmega_bcd/adc_bcd.o
                              0x24e5d (size before relaxing)
 .debug_str     0x00028593      0x820 src/fonts.o
                              0x1816a (size before relaxing)
 .debug_str     0x00028db3      0x288 src/snake.o
                              0x2699f (size before relaxing)
 .debug_str     0x0002903b       0x1b src/utils.o
                               0x3dc3 (size before relaxing)
 .debug_str     0x00029056       0x35 src/ASF/common/services/sleepmgr/xmega/sleepmgr.o
                              0x22306 (size before relaxing)
 .debug_str     0x0002908b      0x2ad src/ASF/common/services/spi/xmega_spi/spi_master.o
                              0x24ad6 (size before relaxing)
 .debug_str     0x00029338       0xba src/ASF/xmega/drivers/spi/spi.o
                              0x22551 (size before relaxing)
 .debug_str     0x000293f2      0x6bd src/ASF/xmega/drivers/tc/tc.o
                              0x24c1f (size before relaxing)
 .debug_str     0x00029aaf      0x1ee src/ASF/common/services/clock/xmega/sysclk.o
                              0x2428b (size before relaxing)
 .debug_str     0x00029c9d      0x6e9 src/ASF/xmega/drivers/nvm/nvm.o
                              0x22a34 (size before relaxing)
 .debug_str     0x0002a386       0x41 src/ASF/common/services/ioport/xmega/ioport_compat.o
                              0x224d2 (size before relaxing)
 .debug_str     0x0002a3c7      0x139 src/ASF/xmega/boards/xmega_c3_xplained/init.o
                              0x23be9 (size before relaxing)
 .debug_str     0x0002a500      0x2fb src/ASF/xmega/services/pwm/pwm.o
                              0x25e56 (size before relaxing)
 .debug_str     0x0002a7fb      0x5d9 src/display.o
                              0x27ef8 (size before relaxing)
 .debug_str     0x0002add4      0x437 src/main.o
                              0x27c05 (size before relaxing)

.debug_loc      0x00000000     0x735a
 *(.debug_loc)
 .debug_loc     0x00000000      0x194 src/eepromUtils.o
 .debug_loc     0x00000194       0x21 src/fontsLarge.o
 .debug_loc     0x000001b5      0x42d src/fontUtils.o
 .debug_loc     0x000005e2      0x45d src/measurements.o
 .debug_loc     0x00000a3f      0x196 src/ASF/xmega/drivers/adc/adc.o
 .debug_loc     0x00000bd5      0x587 src/ASF/xmega/drivers/adc/xmega_bcd/adc_bcd.o
 .debug_loc     0x0000115c       0x21 src/fonts.o
 .debug_loc     0x0000117d      0x5be src/snake.o
 .debug_loc     0x0000173b       0x72 src/utils.o
 .debug_loc     0x000017ad      0x52e src/ASF/common/services/spi/xmega_spi/spi_master.o
 .debug_loc     0x00001cdb      0x105 src/ASF/xmega/drivers/spi/spi.o
 .debug_loc     0x00001de0     0x183e src/ASF/xmega/drivers/tc/tc.o
 .debug_loc     0x0000361e      0x217 src/ASF/common/services/clock/xmega/sysclk.o
 .debug_loc     0x00003835     0x1141 src/ASF/xmega/drivers/nvm/nvm.o
 .debug_loc     0x00004976       0x66 src/ASF/common/services/ioport/xmega/ioport_compat.o
 .debug_loc     0x000049dc      0x646 src/ASF/xmega/services/pwm/pwm.o
 .debug_loc     0x00005022     0x1d20 src/display.o
 .debug_loc     0x00006d42      0x618 src/main.o

.debug_macinfo
 *(.debug_macinfo)

.debug_weaknames
 *(.debug_weaknames)

.debug_funcnames
 *(.debug_funcnames)

.debug_typenames
 *(.debug_typenames)

.debug_varnames
 *(.debug_varnames)

.debug_pubtypes
 *(.debug_pubtypes)

.debug_ranges   0x00000000      0x8b0
 *(.debug_ranges)
 .debug_ranges  0x00000000       0x20 src/eepromUtils.o
 .debug_ranges  0x00000020       0x10 src/fontsLarge.o
 .debug_ranges  0x00000030       0x30 src/fontUtils.o
 .debug_ranges  0x00000060       0xb8 src/measurements.o
 .debug_ranges  0x00000118       0x38 src/ASF/xmega/drivers/adc/adc.o
 .debug_ranges  0x00000150       0x30 src/ASF/xmega/drivers/adc/xmega_bcd/adc_bcd.o
 .debug_ranges  0x00000180       0x10 src/fonts.o
 .debug_ranges  0x00000190       0x40 src/snake.o
 .debug_ranges  0x000001d0       0x10 src/utils.o
 .debug_ranges  0x000001e0       0x38 src/ASF/common/services/spi/xmega_spi/spi_master.o
 .debug_ranges  0x00000218       0x10 src/ASF/xmega/drivers/spi/spi.o
 .debug_ranges  0x00000228      0x128 src/ASF/xmega/drivers/tc/tc.o
 .debug_ranges  0x00000350       0x30 src/ASF/common/services/clock/xmega/sysclk.o
 .debug_ranges  0x00000380       0xb0 src/ASF/xmega/drivers/nvm/nvm.o
 .debug_ranges  0x00000430       0x20 src/ASF/xmega/drivers/nvm/nvm_asm.o
 .debug_ranges  0x00000450       0x10 src/ASF/common/services/ioport/xmega/ioport_compat.o
 .debug_ranges  0x00000460       0x10 src/ASF/xmega/boards/xmega_c3_xplained/init.o