Archive member included because of file (symbol)

c:/program files (x86)/atmel/atmel toolchain/avr8 gcc/native/3.4.1056/avr8-gnu-toolchain/bin/../lib/gcc/avr/4.8.1/../../../../avr/lib/avrxmega6\libm.a(addsf3.o)
                              src/measurements.o (__addsf3)
c:/program files (x86)/atmel/atmel toolchain/avr8 gcc/native/3.4.1056/avr8-gnu-toolchain/bin/../lib/gcc/avr/4.8.1/../../../../avr/lib/avrxmega6\libm.a(addsf3x.o)
                              c:/program files (x86)/atmel/atmel toolchain/avr8 gcc/native/3.4.1056/avr8-gnu-toolchain/bin/../lib/gcc/avr/4.8.1/../../../../avr/lib/avrxmega6\libm.a(addsf3.o) (__addsf3x)
c:/program files (x86)/atmel/atmel toolchain/avr8 gcc/native/3.4.1056/avr8-gnu-toolchain/bin/../lib/gcc/avr/4.8.1/../../../../avr/lib/avrxmega6\libm.a(cmpsf2.o)
                              src/measurements.o (__ltsf2)
c:/program files (x86)/atmel/atmel toolchain/avr8 gcc/native/3.4.1056/avr8-gnu-toolchain/bin/../lib/gcc/avr/4.8.1/../../../../avr/lib/avrxmega6\libm.a(divsf3.o)
                              src/measurements.o (__divsf3)
c:/program files (x86)/atmel/atmel toolchain/avr8 gcc/native/3.4.1056/avr8-gnu-toolchain/bin/../lib/gcc/avr/4.8.1/../../../../avr/lib/avrxmega6\libm.a(divsf3x.o)
                              c:/program files (x86)/atmel/atmel toolchain/avr8 gcc/native/3.4.1056/avr8-gnu-toolchain/bin/../lib/gcc/avr/4.8.1/../../../../avr/lib/avrxmega6\libm.a(divsf3.o) (__divsf3x)
c:/program files (x86)/atmel/atmel toolchain/avr8 gcc/native/3.4.1056/avr8-gnu-toolchain/bin/../lib/gcc/avr/4.8.1/../../../../avr/lib/avrxmega6\libm.a(fixunssfsi.o)
                              src/main.o (__fixunssfsi)
c:/program files (x86)/atmel/atmel toolchain/avr8 gcc/native/3.4.1056/avr8-gnu-toolchain/bin/../lib/gcc/avr/4.8.1/../../../../avr/lib/avrxmega6\libm.a(floatsisf.o)
                              src/measurements.o (__floatunsisf)
c:/program files (x86)/atmel/atmel toolchain/avr8 gcc/native/3.4.1056/avr8-gnu-toolchain/bin/../lib/gcc/avr/4.8.1/../../../../avr/lib/avrxmega6\libm.a(fp_cmp.o)
                              c:/program files (x86)/atmel/atmel toolchain/avr8 gcc/native/3.4.1056/avr8-gnu-toolchain/bin/../lib/gcc/avr/4.8.1/../../../../avr/lib/avrxmega6\libm.a(cmpsf2.o) (__fp_cmp)
c:/program files (x86)/atmel/atmel toolchain/avr8 gcc/native/3.4.1056/avr8-gnu-toolchain/bin/../lib/gcc/avr/4.8.1/../../../../avr/lib/avrxmega6\libm.a(fp_inf.o)
                              c:/program files (x86)/atmel/atmel toolchain/avr8 gcc/native/3.4.1056/avr8-gnu-toolchain/bin/../lib/gcc/avr/4.8.1/../../../../avr/lib/avrxmega6\libm.a(addsf3x.o) (__fp_inf)
c:/program files (x86)/atmel/atmel toolchain/avr8 gcc/native/3.4.1056/avr8-gnu-toolchain/bin/../lib/gcc/avr/4.8.1/../../../../avr/lib/avrxmega6\libm.a(fp_nan.o)
                              c:/program files (x86)/atmel/atmel toolchain/avr8 gcc/native/3.4.1056/avr8-gnu-toolchain/bin/../lib/gcc/avr/4.8.1/../../../../avr/lib/avrxmega6\libm.a(addsf3x.o) (__fp_nan)
c:/program files (x86)/atmel/atmel toolchain/avr8 gcc/native/3.4.1056/avr8-gnu-toolchain/bin/../lib/gcc/avr/4.8.1/../../../../avr/lib/avrxmega6\libm.a(fp_pscA.o)
                              c:/program files (x86)/atmel/atmel toolchain/avr8 gcc/native/3.4.1056/avr8-gnu-toolchain/bin/../lib/gcc/avr/4.8.1/../../../../avr/lib/avrxmega6\libm.a(addsf3x.o) (__fp_pscA)
c:/program files (x86)/atmel/atmel toolchain/avr8 gcc/native/3.4.1056/avr8-gnu-toolchain/bin/../lib/gcc/avr/4.8.1/../../../../avr/lib/avrxmega6\libm.a(fp_pscB.o)
                              c:/program files (x86)/atmel/atmel toolchain/avr8 gcc/native/3.4.1056/avr8-gnu-toolchain/bin/../lib/gcc/avr/4.8.1/../../../../avr/lib/avrxmega6\libm.a(addsf3x.o) (__fp_pscB)
c:/program files (x86)/atmel/atmel toolchain/avr8 gcc/native/3.4.1056/avr8-gnu-toolchain/bin/../lib/gcc/avr/4.8.1/../../../../avr/lib/avrxmega6\libm.a(fp_round.o)
                              c:/program files (x86)/atmel/atmel toolchain/avr8 gcc/native/3.4.1056/avr8-gnu-toolchain/bin/../lib/gcc/avr/4.8.1/../../../../avr/lib/avrxmega6\libm.a(addsf3.o) (__fp_round)
c:/program files (x86)/atmel/atmel toolchain/avr8 gcc/native/3.4.1056/avr8-gnu-toolchain/bin/../lib/gcc/avr/4.8.1/../../../../avr/lib/avrxmega6\libm.a(fp_split3.o)
                              c:/program files (x86)/atmel/atmel toolchain/avr8 gcc/native/3.4.1056/avr8-gnu-toolchain/bin/../lib/gcc/avr/4.8.1/../../../../avr/lib/avrxmega6\libm.a(addsf3x.o) (__fp_split3)
c:/program files (x86)/atmel/atmel toolchain/avr8 gcc/native/3.4.1056/avr8-gnu-toolchain/bin/../lib/gcc/avr/4.8.1/../../../../avr/lib/avrxmega6\libm.a(fp_zero.o)
                              c:/program files (x86)/atmel/atmel toolchain/avr8 gcc/native/3.4.1056/avr8-gnu-toolchain/bin/../lib/gcc/avr/4.8.1/../../../../avr/lib/avrxmega6\libm.a(addsf3x.o) (__fp_zero)
c:/program files (x86)/atmel/atmel toolchain/avr8 gcc/native/3.4.1056/avr8-gnu-toolchain/bin/../lib/gcc/avr/4.8.1/../../../../avr/lib/avrxmega6\libm.a(gesf2.o)
[...]
Memory Configuration

Name             Origin             Length             Attributes
text             0x00000000         0x00100000         xr
data             0x00802000         0x0000ffa0         rw !x
eeprom           0x00810000         0x00010000         rw !x
fuse             0x00820000         0x00000400         rw !x
lock             0x00830000         0x00000400         rw !x
signature        0x00840000         0x00000400         rw !x
user_signatures  0x00850000         0x00000400         rw !x
*default*        0x00000000         0xffffffff

Linker script and memory map

LOAD c:/program files (x86)/atmel/atmel toolchain/avr8 gcc/native/3.4.1056/avr8-gnu-toolchain/bin/../lib/gcc/avr/4.8.1/../../../../avr/lib/avrxmega6/crtx384c3.o
LOAD src/fontsLarge.o
LOAD src/fontUtils.o
LOAD src/measurements.o
LOAD src/ASF/xmega/drivers/adc/adc.o
LOAD src/ASF/xmega/drivers/adc/xmega_bcd/adc_bcd.o
LOAD src/fonts.o
LOAD src/snake.o
LOAD src/utils.o
LOAD src/ASF/common/services/sleepmgr/xmega/sleepmgr.o
LOAD src/ASF/common/services/spi/xmega_spi/spi_master.o
LOAD src/ASF/xmega/drivers/spi/spi.o
LOAD src/ASF/xmega/drivers/tc/tc.o
LOAD src/ASF/common/services/clock/xmega/sysclk.o
LOAD src/ASF/xmega/drivers/nvm/nvm.o
LOAD src/ASF/xmega/drivers/nvm/nvm_asm.o
LOAD src/ASF/xmega/drivers/cpu/ccp.o
LOAD src/ASF/common/services/ioport/xmega/ioport_compat.o
LOAD src/ASF/xmega/boards/xmega_c3_xplained/init.o
LOAD src/ASF/xmega/services/pwm/pwm.o
LOAD src/display.o
LOAD src/main.o
START GROUP
LOAD c:/program files (x86)/atmel/atmel toolchain/avr8 gcc/native/3.4.1056/avr8-gnu-toolchain/bin/../lib/gcc/avr/4.8.1/../../../../avr/lib/avrxmega6\libm.a
LOAD c:/program files (x86)/atmel/atmel toolchain/avr8 gcc/native/3.4.1056/avr8-gnu-toolchain/bin/../lib/gcc/avr/4.8.1/../../../../avr/lib/avrxmega6\libprintf_flt.a
LOAD c:/program files (x86)/atmel/atmel toolchain/avr8 gcc/native/3.4.1056/avr8-gnu-toolchain/bin/../lib/gcc/avr/4.8.1/../../../../avr/lib/avrxmega6\libm.a
END GROUP
Address of section .BOOT set to 0x60000
START GROUP
LOAD c:/program files (x86)/atmel/atmel toolchain/avr8 gcc/native/3.4.1056/avr8-gnu-toolchain/bin/../lib/gcc/avr/4.8.1/avrxmega6\libgcc.a
LOAD c:/program files (x86)/atmel/atmel toolchain/avr8 gcc/native/3.4.1056/avr8-gnu-toolchain/bin/../lib/gcc/avr/4.8.1/../../../../avr/lib/avrxmega6\libm.a
LOAD c:/program files (x86)/atmel/atmel toolchain/avr8 gcc/native/3.4.1056/avr8-gnu-toolchain/bin/../lib/gcc/avr/4.8.1/../../../../avr/lib/avrxmega6\libc.a
END GROUP

.hash
 *(.hash)

.dynsym
 *(.dynsym)

.dynstr
 *(.dynstr)

.gnu.version
 *(.gnu.version)

.gnu.version_d
 *(.gnu.version_d)

.gnu.version_r
 *(.gnu.version_r)

.rel.init
 *(.rel.init)

.rela.init
 *(.rela.init)

.rel.text
 *(.rel.text)
 *(.rel.text.*)
 *(.rel.gnu.linkonce.t*)

.rela.text
 *(.rela.text)
 *(.rela.text.*)
 *(.rela.gnu.linkonce.t*)

.rel.fini
 *(.rel.fini)

.rela.fini
 *(.rela.fini)

.rel.rodata
 *(.rel.rodata)
 *(.rel.rodata.*)
 *(.rel.gnu.linkonce.r*)

.rela.rodata
 *(.rela.rodata)
 *(.rela.rodata.*)
 *(.rela.gnu.linkonce.r*)

.rel.data
 *(.rel.data)
 *(.rel.data.*)
 *(.rel.gnu.linkonce.d*)

.rela.data
 *(.rela.data)
 *(.rela.data.*)
 *(.rela.gnu.linkonce.d*)

.rel.ctors
 *(.rel.ctors)

.rela.ctors
 *(.rela.ctors)

.rel.dtors
 *(.rel.dtors)

.rela.dtors
 *(.rela.dtors)

.rel.got
 *(.rel.got)

.rela.got
 *(.rela.got)

.rel.bss
 *(.rel.bss)

.rela.bss
 *(.rela.bss)

.rel.plt
 *(.rel.plt)

.rela.plt
 *(.rela.plt)

.text           0x00000000     0x6bfe
 *(.vectors)
 .vectors       0x00000000      0x1fc c:/program files (x86)/atmel/atmel toolchain/avr8 gcc/native/3.4.1056/avr8-gnu-toolchain/bin/../lib/gcc/avr/4.8.1/../../../../avr/lib/avrxmega6/crtx384c3.o
                0x00000000                __vector_default
                0x00000000                __vectors
 *(.vectors)
 *(.progmem.gcc*)
 .progmem.gcc_sw_table.getLargeCharacterImage
                0x000001fc       0xbe src/fontsLarge.o
 .progmem.gcc_sw_table.getCharacterImage
                0x000002ba       0xbe src/fonts.o
                0x00000378                . = ALIGN (0x2)
                0x00000378                __trampolines_start = .
 *(.trampolines)
 .trampolines   0x00000378        0x0 linker stubs
 *(.trampolines*)
                0x00000378                __trampolines_end = .
 *(.progmem*)
 .progmem.data.imecLogo
                0x00000378     0x2ee0 src/display.o
                0x00000378                imecLogo
 .progmem.data  0x00003258        0x8 c:/program files (x86)/atmel/atmel toolchain/avr8 gcc/native/3.4.1056/avr8-gnu-toolchain/bin/../lib/gcc/avr/4.8.1/../../../../avr/lib/avrxmega6\libprintf_flt.a(vfprintf_flt.o)
 .progmem.data  0x00003260       0xfa c:/program files (x86)/atmel/atmel toolchain/avr8 gcc/native/3.4.1056/avr8-gnu-toolchain/bin/../lib/gcc/avr/4.8.1/../../../../avr/lib/avrxmega6\libc.a(ftoa_engine.o)
                0x0000335a                . = ALIGN (0x2)
 *(.jumptables)
 *(.jumptables*)
 *(.lowtext)
 *(.lowtext*)
                0x0000335a                __ctors_start = .
 *(.ctors)
                0x0000335a                __ctors_end = .
                0x0000335a                __dtors_start = .
 *(.dtors)
                0x0000335a                __dtors_end = .
 SORT(*)(.ctors)
 SORT(*)(.dtors)
 *(.init0)
 .init0         0x0000335a        0x0 c:/program files (x86)/atmel/atmel toolchain/avr8 gcc/native/3.4.1056/avr8-gnu-toolchain/bin/../lib/gcc/avr/4.8.1/../../../../avr/lib/avrxmega6/crtx384c3.o
                0x0000335a                __init
 *(.init0)
 *(.init1)
 *(.init1)
 *(.init2)
 .init2         0x0000335a       0x10 c:/program files (x86)/atmel/atmel toolchain/avr8 gcc/native/3.4.1056/avr8-gnu-toolchain/bin/../lib/gcc/avr/4.8.1/../../../../avr/lib/avrxmega6/crtx384c3.o
 *(.init2)
 *(.init3)
 *(.init3)
 *(.init4)
 .init4         0x0000336a       0x1a c:/program files (x86)/atmel/atmel toolchain/avr8 gcc/native/3.4.1056/avr8-gnu-toolchain/bin/../lib/gcc/avr/4.8.1/avrxmega6\libgcc.a(_copy_data.o)
                0x0000336a                __do_copy_data
 .init4         0x00003384       0x10 c:/program files (x86)/atmel/atmel toolchain/avr8 gcc/native/3.4.1056/avr8-gnu-toolchain/bin/../lib/gcc/avr/4.8.1/avrxmega6\libgcc.a(_clear_bss.o)
                0x00003384                __do_clear_bss
 *(.init4)
 *(.init5)
 *(.init5)
 *(.init6)
 *(.init6)
 *(.init7)
 *(.init7)
 *(.init8)
 *(.init8)
 *(.init9)
 .init9         0x00003394        0x8 c:/program files (x86)/atmel/atmel toolchain/avr8 gcc/native/3.4.1056/avr8-gnu-toolchain/bin/../lib/gcc/avr/4.8.1/../../../../avr/lib/avrxmega6/crtx384c3.o
 *(.init9)
 *(.text)
 .text          0x0000339c        0x4 c:/program files (x86)/atmel/atmel toolchain/avr8 gcc/native/3.4.1056/avr8-gnu-toolchain/bin/../lib/gcc/avr/4.8.1/../../../../avr/lib/avrxmega6/crtx384c3.o
                0x0000339c                __vector_38
                0x0000339c                __vector_63
                0x0000339c                __vector_28
                0x0000339c                __vector_67
                0x0000339c                __vector_1
                0x0000339c                __vector_119
                0x0000339c                __vector_32
                0x0000339c                __vector_75
                0x0000339c                __vector_91
                0x0000339c                __vector_34
                0x0000339c                __vector_62
                0x0000339c                __vector_102
                0x0000339c                __vector_24
                0x0000339c                __vector_12
                0x0000339c                __vector_55
                0x0000339c                __vector_69
                0x0000339c                __vector_90
                0x0000339c                __vector_46
                0x0000339c                __bad_interrupt
                0x0000339c                __vector_122
                0x0000339c                __vector_72
                0x0000339c                __vector_114
                0x0000339c                __vector_6
                0x0000339c                __vector_31
                0x0000339c                __vector_92
                0x0000339c                __vector_35
                0x0000339c                __vector_74
                0x0000339c                __vector_117
                0x0000339c                __vector_39
                0x0000339c                __vector_107
                0x0000339c                __vector_3
                0x0000339c                __vector_105
                0x0000339c                __vector_98
                0x0000339c                __vector_68
                0x0000339c                __vector_30
                0x0000339c                __vector_73
                0x0000339c                __vector_45
                0x0000339c                __vector_25
                0x0000339c                __vector_93
                0x0000339c                __vector_61
                0x0000339c                __vector_11
                0x0000339c                __vector_54
                0x0000339c                __vector_99
                0x0000339c                __vector_13
                0x0000339c                __vector_56
                0x0000339c                __vector_7
                0x0000339c                __vector_125
                0x0000339c                __vector_123
                0x0000339c                __vector_41
                0x0000339c                __vector_86
                0x0000339c                __vector_100
                0x0000339c                __vector_101
                0x0000339c                __vector_64
                0x0000339c                __vector_88
                0x0000339c                __vector_43
                0x0000339c                __vector_27
                0x0000339c                __vector_5
                0x0000339c                __vector_33
                0x0000339c                __vector_76
                0x0000339c                __vector_115
                0x0000339c                __vector_37
                0x0000339c                __vector_95
                0x0000339c                __vector_103
                0x0000339c                __vector_96
                0x0000339c                __vector_89
                0x0000339c                __vector_4
                0x0000339c                __vector_44
                0x0000339c                __vector_106
                0x0000339c                __vector_118
                0x0000339c                __vector_9
                0x0000339c                __vector_2
                0x0000339c                __vector_66
                0x0000339c                __vector_36
                0x0000339c                __vector_58
                0x0000339c                __vector_70
                0x0000339c                __vector_83
                0x0000339c                __vector_29
                0x0000339c                __vector_60
                0x0000339c                __vector_121
                0x0000339c                __vector_40
                0x0000339c                __vector_85
                0x0000339c                __vector_94
                0x0000339c                __vector_126
                0x0000339c                __vector_8
                0x0000339c                __vector_26
                0x0000339c                __vector_124
                0x0000339c                __vector_116
                0x0000339c                __vector_84
                0x0000339c                __vector_57
                0x0000339c                __vector_53
                0x0000339c                __vector_10
                0x0000339c                __vector_59
                0x0000339c                __vector_97
                0x0000339c                __vector_42
                0x0000339c                __vector_87
                0x0000339c                __vector_65
                0x0000339c                __vector_120
                0x000033a0                . = ALIGN (0x2)
 *(.text.*)
 .text.getLargeCharacterImage
                0x000033a0      0x49e src/fontsLarge.o
                0x000033a0                getLargeCharacterImage
 .text.adc_init
                0x0000383e       0x68 src/measurements.o
                0x0000383e                adc_init
 .text.adc_enable_clock
                0x000038a6       0x20 src/ASF/xmega/drivers/adc/adc.o
                0x000038a6                adc_enable_clock
 .text.adc_disable_clock
                0x000038c6       0x1e src/ASF/xmega/drivers/adc/adc.o
                0x000038c6                adc_disable_clock
 .text.__vector_71
                0x000038e4       0x64 src/ASF/xmega/drivers/adc/xmega_bcd/adc_bcd.o
                0x000038e4                __vector_71
 .text.adc_write_configuration
                0x00003948       0x7e src/ASF/xmega/drivers/adc/xmega_bcd/adc_bcd.o
                0x00003948                adc_write_configuration
 .text.adc_read_configuration
                0x000039c6       0x40 src/ASF/xmega/drivers/adc/xmega_bcd/adc_bcd.o
                0x000039c6                adc_read_configuration
 .text.adcch_write_configuration
                0x00003a06       0x38 src/ASF/xmega/drivers/adc/xmega_bcd/adc_bcd.o
                0x00003a06                adcch_write_configuration
 .text.adcch_read_configuration
                0x00003a3e       0x38 src/ASF/xmega/drivers/adc/xmega_bcd/adc_bcd.o
                0x00003a3e                adcch_read_configuration
 .text.getCharacterImage
                0x00003a76      0x49e src/fonts.o
                0x00003a76                getCharacterImage
 .text.playSnake
                0x00003f14      0x8f8 src/snake.o
                0x00003f14                playSnake
 .text.reverseByte
                0x0000480c       0x20 src/utils.o
                0x0000480c                reverseByte
 .text.spi_master_init
                0x0000482c       0x2e src/ASF/common/services/spi/xmega_spi/spi_master.o
                0x0000482c                spi_master_init
 .text.spi_master_setup_device
                0x0000485a       0x3e src/ASF/common/services/spi/xmega_spi/spi_master.o
                0x0000485a                spi_master_setup_device
 .text.spi_write_packet
                0x00004898       0x1e src/ASF/common/services/spi/xmega_spi/spi_master.o
                0x00004898                spi_write_packet
 .text.spi_select_device
                0x000048b6       0x2c src/ASF/common/services/spi/xmega_spi/spi_master.o
                0x000048b6                spi_select_device
 .text.spi_deselect_device
                0x000048e2       0x2c src/ASF/common/services/spi/xmega_spi/spi_master.o
                0x000048e2                spi_deselect_device
 .text.spi_xmega_set_baud_div
                0x0000490e       0x90 src/ASF/xmega/drivers/spi/spi.o
                0x0000490e                spi_xmega_set_baud_div
 .text.__vector_14
                0x0000499e       0x5a src/ASF/xmega/drivers/tc/tc.o
                0x0000499e                __vector_14
 .text.__vector_15
                0x000049f8       0x5a src/ASF/xmega/drivers/tc/tc.o
                0x000049f8                __vector_15
 .text.__vector_16
                0x00004a52       0x5a src/ASF/xmega/drivers/tc/tc.o
                0x00004a52                __vector_16
 .text.__vector_17
                0x00004aac       0x5a src/ASF/xmega/drivers/tc/tc.o
                0x00004aac                __vector_17
 .text.__vector_18
                0x00004b06       0x5a src/ASF/xmega/drivers/tc/tc.o
                0x00004b06                __vector_18
 .text.__vector_19
                0x00004b60       0x5a src/ASF/xmega/drivers/tc/tc.o
                0x00004b60                __vector_19
 .text.__vector_20
                0x00004bba       0x5a src/ASF/xmega/drivers/tc/tc.o
                0x00004bba                __vector_20
 .text.__vector_21
                0x00004c14       0x5a src/ASF/xmega/drivers/tc/tc.o
                0x00004c14                __vector_21
 .text.__vector_22
                0x00004c6e       0x5a src/ASF/xmega/drivers/tc/tc.o
                0x00004c6e                __vector_22
 .text.__vector_23
                0x00004cc8       0x5a src/ASF/xmega/drivers/tc/tc.o
                0x00004cc8                __vector_23
 .text.__vector_77
                0x00004d22       0x5a src/ASF/xmega/drivers/tc/tc.o
                0x00004d22                __vector_77
 .text.__vector_78
                0x00004d7c       0x5a src/ASF/xmega/drivers/tc/tc.o
                0x00004d7c                __vector_78
 .text.__vector_79
                0x00004dd6       0x5a src/ASF/xmega/drivers/tc/tc.o
                0x00004dd6                __vector_79
 .text.__vector_80
                0x00004e30       0x5a src/ASF/xmega/drivers/tc/tc.o
                0x00004e30                __vector_80
 .text.__vector_81
                0x00004e8a       0x5a src/ASF/xmega/drivers/tc/tc.o
                0x00004e8a                __vector_81
 .text.__vector_82
                0x00004ee4       0x5a src/ASF/xmega/drivers/tc/tc.o
                0x00004ee4                __vector_82
 .text.__vector_47
                0x00004f3e       0x5a src/ASF/xmega/drivers/tc/tc.o
                0x00004f3e                __vector_47
 .text.__vector_48
                0x00004f98       0x5a src/ASF/xmega/drivers/tc/tc.o
                0x00004f98                __vector_48
 .text.__vector_49
                0x00004ff2       0x5a src/ASF/xmega/drivers/tc/tc.o
                0x00004ff2                __vector_49
 .text.__vector_50
                0x0000504c       0x5a src/ASF/xmega/drivers/tc/tc.o
                0x0000504c                __vector_50
 .text.__vector_51
                0x000050a6       0x5a src/ASF/xmega/drivers/tc/tc.o
                0x000050a6                __vector_51
 .text.__vector_52
                0x00005100       0x5a src/ASF/xmega/drivers/tc/tc.o
                0x00005100                __vector_52
 .text.__vector_108
                0x0000515a       0x5a src/ASF/xmega/drivers/tc/tc.o
                0x0000515a                __vector_108
 .text.__vector_109
                0x000051b4       0x5a src/ASF/xmega/drivers/tc/tc.o
                0x000051b4                __vector_109
 .text.__vector_110
                0x0000520e       0x5a src/ASF/xmega/drivers/tc/tc.o
                0x0000520e                __vector_110
 .text.__vector_111
                0x00005268       0x5a src/ASF/xmega/drivers/tc/tc.o
                0x00005268                __vector_111
 .text.__vector_112
                0x000052c2       0x5a src/ASF/xmega/drivers/tc/tc.o
                0x000052c2                __vector_112
 .text.__vector_113
                0x0000531c       0x5a src/ASF/xmega/drivers/tc/tc.o
                0x0000531c                __vector_113
 .text.tc_enable
                0x00005376       0x90 src/ASF/xmega/drivers/tc/tc.o
                0x00005376                tc_enable
 .text.sysclk_init
                0x00005406       0x28 src/ASF/common/services/clock/xmega/sysclk.o
                0x00005406                sysclk_init
 .text.sysclk_enable_module
                0x0000542e       0x18 src/ASF/common/services/clock/xmega/sysclk.o
                0x0000542e                sysclk_enable_module
 .text.sysclk_disable_module
                0x00005446       0x16 src/ASF/common/services/clock/xmega/sysclk.o
                0x00005446                sysclk_disable_module
 .text.nvm_read_byte
                0x0000545c       0x14 src/ASF/xmega/drivers/nvm/nvm_asm.o
                0x0000545c                nvm_read_byte
 .text.ccp_write_io
                0x00005470        0xc src/ASF/xmega/drivers/cpu/ccp.o
                0x00005470                ccp_write_io
 .text.ioport_configure_port_pin
                0x0000547c       0x50 src/ASF/common/services/ioport/xmega/ioport_compat.o
                0x0000547c                ioport_configure_port_pin
 .text.board_init
                0x000054cc      0x122 src/ASF/xmega/boards/xmega_c3_xplained/init.o
                0x000054cc                board_init
 .text.pwm_set_frequency
                0x000055ee       0xd8 src/ASF/xmega/services/pwm/pwm.o
                0x000055ee                pwm_set_frequency
 .text.pwm_init
                0x000056c6      0x15a src/ASF/xmega/services/pwm/pwm.o
                0x000056c6                pwm_init
 .text.pwm_start
                0x00005820       0xa0 src/ASF/xmega/services/pwm/pwm.o
                0x00005820                pwm_start
 .text.spi_init_pins
                0x000058c0       0x7a src/display.o
                0x000058c0                spi_init_pins
 .text.spi_init_module
                0x0000593a       0x48 src/display.o
                0x0000593a                spi_init_module
 .text.MLCDInit
                0x00005982       0x1c src/display.o
                0x00005982                MLCDInit
 .text.MLCDTurnOn
                0x0000599e        0xa src/display.o
                0x0000599e                MLCDTurnOn
 .text.MLCDSelect
                0x000059a8        0xe src/display.o
                0x000059a8                MLCDSelect
 .text.MLCDDeselect
                0x000059b6        0xe src/display.o
                0x000059b6                MLCDDeselect
 .text.MLCDClearAll
                0x000059c4       0x4c src/display.o
                0x000059c4                MLCDClearAll
 .text.MLCDClearFrame
                0x00005a10       0x12 src/display.o
                0x00005a10                MLCDClearFrame
 .text.MLCDAddLine
                0x00005a22       0x72 src/display.o
                0x00005a22                MLCDAddLine
 .text.MLCDWriteLine
                0x00005a94       0x36 src/display.o
                0x00005a94                MLCDWriteLine
 .text.MLCDWriteFrame
                0x00005aca       0x48 src/display.o
                0x00005aca                MLCDWriteFrame
 .text.MLCDShowImecLogo
                0x00005b12       0x4e src/display.o
                0x00005b12                MLCDShowImecLogo
 .text.MLCDRefreshFrame
                0x00005b60        0x8 src/display.o
                0x00005b60                MLCDRefreshFrame
 .text.MLCDWriteCharacter
                0x00005b68       0xaa src/display.o
                0x00005b68                MLCDWriteCharacter
 .text.MLCDWriteString
                0x00005c12       0xba src/display.o
                0x00005c12                MLCDWriteString
 .text.MLCDDrawSquare
                0x00005ccc       0xfe src/display.o
                0x00005ccc                MLCDDrawSquare
 .text.MLCDDrawSnakeBait
                0x00005dca       0x60 src/display.o
                0x00005dca                MLCDDrawSnakeBait
 .text.ioport_set_pin_sense_mode
                0x00005e2a       0x30 src/main.o
 .text.main     0x00005e5a       0xfc src/main.o
                0x00005e5a                main
 .text.__vector_104
                0x00005f56       0xc4 src/main.o
                0x00005f56                __vector_104
 .text.avr-libc
                0x0000601a      0x702 c:/program files (x86)/atmel/atmel toolchain/avr8 gcc/native/3.4.1056/avr8-gnu-toolchain/bin/../lib/gcc/avr/4.8.1/../../../../avr/lib/avrxmega6\libprintf_flt.a(vfprintf_flt.o)
                0x0000601a                vfprintf
 .text.libgcc.div
                0x0000671c       0x26 c:/program files (x86)/atmel/atmel toolchain/avr8 gcc/native/3.4.1056/avr8-gnu-toolchain/bin/../lib/gcc/avr/4.8.1/avrxmega6\libgcc.a(_divmodhi4.o)
                0x0000671c                _div
                0x0000671c                __divmodhi4
 .text.libgcc.div
                0x00006742       0x44 c:/program files (x86)/atmel/atmel toolchain/avr8 gcc/native/3.4.1056/avr8-gnu-toolchain/bin/../lib/gcc/avr/4.8.1/avrxmega6\libgcc.a(_udivmodsi4.o)
                0x00006742                __udivmodsi4
 .text.libgcc   0x00006786        0xc c:/program files (x86)/atmel/atmel toolchain/avr8 gcc/native/3.4.1056/avr8-gnu-toolchain/bin/../lib/gcc/avr/4.8.1/avrxmega6\libgcc.a(_tablejump.o)
                0x00006786                __tablejump2__
                0x0000678a                __tablejump__
 .text.libgcc.mul
                0x00006792       0x1e c:/program files (x86)/atmel/atmel toolchain/avr8 gcc/native/3.4.1056/avr8-gnu-toolchain/bin/../lib/gcc/avr/4.8.1/avrxmega6\libgcc.a(_umulhisi3.o)
                0x00006792                __umulhisi3
 .text.libgcc.div
                0x000067b0       0x28 c:/program files (x86)/atmel/atmel toolchain/avr8 gcc/native/3.4.1056/avr8-gnu-toolchain/bin/../lib/gcc/avr/4.8.1/avrxmega6\libgcc.a(_udivmodhi4.o)
                0x000067b0                __udivmodhi4
 .text.avr-libc
                0x000067d8       0xae c:/program files (x86)/atmel/atmel toolchain/avr8 gcc/native/3.4.1056/avr8-gnu-toolchain/bin/../lib/gcc/avr/4.8.1/../../../../avr/lib/avrxmega6\libc.a(rand.o)
                0x00006868                rand_r
                0x0000686a                rand
                0x00006870                srand
 .text.avr-libc
                0x00006886      0x1b0 c:/program files (x86)/atmel/atmel toolchain/avr8 gcc/native/3.4.1056/avr8-gnu-toolchain/bin/../lib/gcc/avr/4.8.1/../../../../avr/lib/avrxmega6\libc.a(ftoa_engine.o)
                0x00006886                __ftoa_engine
 .text.avr-libc
                0x00006a36       0x12 c:/program files (x86)/atmel/atmel toolchain/avr8 gcc/native/3.4.1056/avr8-gnu-toolchain/bin/../lib/gcc/avr/4.8.1/../../../../avr/lib/avrxmega6\libc.a(memcpy_P.o)
                0x00006a36                memcpy_P
 .text.avr-libc
                0x00006a48       0x16 c:/program files (x86)/atmel/atmel toolchain/avr8 gcc/native/3.4.1056/avr8-gnu-toolchain/bin/../lib/gcc/avr/4.8.1/../../../../avr/lib/avrxmega6\libc.a(strnlen_P.o)
                0x00006a48                strnlen_P
 .text.avr-libc
                0x00006a5e        0xe c:/program files (x86)/atmel/atmel toolchain/avr8 gcc/native/3.4.1056/avr8-gnu-toolchain/bin/../lib/gcc/avr/4.8.1/../../../../avr/lib/avrxmega6\libc.a(memset.o)
                0x00006a5e                memset
 .text.avr-libc
                0x00006a6c       0x16 c:/program files (x86)/atmel/atmel toolchain/avr8 gcc/native/3.4.1056/avr8-gnu-toolchain/bin/../lib/gcc/avr/4.8.1/../../../../avr/lib/avrxmega6\libc.a(strnlen.o)
                0x00006a6c                strnlen
 .text.avr-libc
                0x00006a82       0x64 c:/program files (x86)/atmel/atmel toolchain/avr8 gcc/native/3.4.1056/avr8-gnu-toolchain/bin/../lib/gcc/avr/4.8.1/../../../../avr/lib/avrxmega6\libc.a(fputc.o)
                0x00006a82                fputc
 .text.avr-libc
                0x00006ae6       0xbc c:/program files (x86)/atmel/atmel toolchain/avr8 gcc/native/3.4.1056/avr8-gnu-toolchain/bin/../lib/gcc/avr/4.8.1/../../../../avr/lib/avrxmega6\libc.a(ultoa_invert.o)
                0x00006ae6                __ultoa_invert
 .text.libgcc.div
                0x00006ba2       0x28 c:/program files (x86)/atmel/atmel toolchain/avr8 gcc/native/3.4.1056/avr8-gnu-toolchain/bin/../lib/gcc/avr/4.8.1/avrxmega6\libgcc.a(_divmodsi4.o)
                0x00006ba2                __divmodsi4
 .text.libgcc.div
                0x00006bca       0x10 c:/program files (x86)/atmel/atmel toolchain/avr8 gcc/native/3.4.1056/avr8-gnu-toolchain/bin/../lib/gcc/avr/4.8.1/avrxmega6\libgcc.a(_negsi2.o)
                0x00006bca                __negsi2
 .text.libgcc.mul
                0x00006bda       0x14 c:/program files (x86)/atmel/atmel toolchain/avr8 gcc/native/3.4.1056/avr8-gnu-toolchain/bin/../lib/gcc/avr/4.8.1/avrxmega6\libgcc.a(_muluhisi3.o)
                0x00006bda                __muluhisi3
 .text.libgcc.mul
                0x00006bee        0xc c:/program files (x86)/atmel/atmel toolchain/avr8 gcc/native/3.4.1056/avr8-gnu-toolchain/bin/../lib/gcc/avr/4.8.1/avrxmega6\libgcc.a(_mulshisi3.o)
                0x00006bee                __mulshisi3
                0x00006bf2                __mulohisi3
                0x00006bfa                . = ALIGN (0x2)
 *(.fini9)
 .fini9         0x00006bfa        0x0 c:/program files (x86)/atmel/atmel toolchain/avr8 gcc/native/3.4.1056/avr8-gnu-toolchain/bin/../lib/gcc/avr/4.8.1/avrxmega6\libgcc.a(_exit.o)
                0x00006bfa                _exit
                0x00006bfa                exit
 *(.fini9)
 *(.fini8)
 *(.fini8)
 *(.fini7)
 *(.fini7)
 *(.fini6)
 *(.fini6)
 *(.fini5)
 *(.fini5)
 *(.fini4)
 *(.fini4)
 *(.fini3)
 *(.fini3)
 *(.fini2)
 *(.fini2)
 *(.fini1)
 *(.fini1)
 *(.fini0)
 .fini0         0x00006bfa        0x4 c:/program files (x86)/atmel/atmel toolchain/avr8 gcc/native/3.4.1056/avr8-gnu-toolchain/bin/../lib/gcc/avr/4.8.1/avrxmega6\libgcc.a(_exit.o)
 *(.fini0)
                0x00006bfe                _etext = .

.data           0x00802000     0x3c60 load address 0x00006bfe
                0x00802000                PROVIDE (__data_start, .)
 *(.data)
 .data          0x00802000        0x0 c:/program files (x86)/atmel/atmel toolchain/avr8 gcc/native/3.4.1056/avr8-gnu-toolchain/bin/../lib/gcc/avr/4.8.1/../../../../avr/lib/avrxmega6/crtx384c3.o
 .data          0x00802000        0x0 src/fontsLarge.o
 .data          0x00802000        0x0 src/fontUtils.o
 .data          0x00802000        0x0 src/measurements.o
 .data          0x00802000        0x0 src/ASF/xmega/drivers/adc/adc.o
 .data          0x00802000        0x0 src/ASF/xmega/drivers/adc/xmega_bcd/adc_bcd.o
 .data          0x00802000        0x0 src/fonts.o
 .data          0x00802000        0x0 src/snake.o
 .data          0x00802000        0x0 src/utils.o
 .data          0x00802000        0x0 src/ASF/common/services/sleepmgr/xmega/sleepmgr.o
 .data          0x00802000        0x0 src/ASF/common/services/spi/xmega_spi/spi_master.o
 .data          0x00802000        0x0 src/ASF/xmega/drivers/spi/spi.o
 .data          0x00802000        0x0 src/ASF/xmega/drivers/tc/tc.o
 .data          0x00802000        0x0 src/ASF/common/services/clock/xmega/sysclk.o
 .data          0x00802000        0x0 src/ASF/xmega/drivers/nvm/nvm.o
 .data          0x00802000        0x0 src/ASF/xmega/drivers/nvm/nvm_asm.o
 .data          0x00802000        0x0 src/ASF/xmega/drivers/cpu/ccp.o
 .data          0x00802000        0x0 src/ASF/common/services/ioport/xmega/ioport_compat.o
 .data          0x00802000        0x0 src/ASF/xmega/boards/xmega_c3_xplained/init.o
 .data          0x00802000        0x0 src/ASF/xmega/services/pwm/pwm.o
 .data          0x00802000        0x0 src/display.o
 .data          0x00802000        0x0 src/main.o
 .data          0x00802000        0x0 c:/program files (x86)/atmel/atmel toolchain/avr8 gcc/native/3.4.1056/avr8-gnu-toolchain/bin/../lib/gcc/avr/4.8.1/../../../../avr/lib/avrxmega6\libm.a(addsf3.o)
 .data          0x00802000        0x0 c:/program files (x86)/atmel/atmel toolchain/avr8 gcc/native/3.4.1056/avr8-gnu-toolchain/bin/../lib/gcc/avr/4.8.1/../../../../avr/lib/avrxmega6\libm.a(addsf3x.o)
 .data          0x00802000        0x0 c:/program files (x86)/atmel/atmel toolchain/avr8 gcc/native/3.4.1056/avr8-gnu-toolchain/bin/../lib/gcc/avr/4.8.1/../../../../avr/lib/avrxmega6\libm.a(cmpsf2.o)
 .data          0x00802000        0x0 c:/program files (x86)/atmel/atmel toolchain/avr8 gcc/native/3.4.1056/avr8-gnu-toolchain/bin/../lib/gcc/avr/4.8.1/../../../../avr/lib/avrxmega6\libm.a(divsf3.o)
 .data          0x00802000        0x0 c:/program files (x86)/atmel/atmel toolchain/avr8 gcc/native/3.4.1056/avr8-gnu-toolchain/bin/../lib/gcc/avr/4.8.1/../../../../avr/lib/avrxmega6\libm.a(divsf3x.o)
 .data          0x00802000        0x0 c:/program files (x86)/atmel/atmel toolchain/avr8 gcc/native/3.4.1056/avr8-gnu-toolchain/bin/../lib/gcc/avr/4.8.1/../../../../avr/lib/avrxmega6\libm.a(fixunssfsi.o)
 .data          0x00802000        0x0 c:/program files (x86)/atmel/atmel toolchain/avr8 gcc/native/3.4.1056/avr8-gnu-toolchain/bin/../lib/gcc/avr/4.8.1/../../../../avr/lib/avrxmega6\libm.a(floatsisf.o)
 .data          0x00802000        0x0 c:/program files (x86)/atmel/atmel toolchain/avr8 gcc/native/3.4.1056/avr8-gnu-toolchain/bin/../lib/gcc/avr/4.8.1/../../../../avr/lib/avrxmega6\libm.a(fp_cmp.o)
 .data          0x00802000        0x0 c:/program files (x86)/atmel/atmel toolchain/avr8 gcc/native/3.4.1056/avr8-gnu-toolchain/bin/../lib/gcc/avr/4.8.1/../../../../avr/lib/avrxmega6\libm.a(fp_inf.o)
 .data          0x00802000        0x0 c:/program files (x86)/atmel/atmel toolchain/avr8 gcc/native/3.4.1056/avr8-gnu-toolchain/bin/../lib/gcc/avr/4.8.1/../../../../avr/lib/avrxmega6\libm.a(fp_nan.o)
 .data          0x00802000        0x0 c:/program files (x86)/atmel/atmel toolchain/avr8 gcc/native/3.4.1056/avr8-gnu-toolchain/bin/../lib/gcc/avr/4.8.1/../../../../avr/lib/avrxmega6\libm.a(fp_pscA.o)
 .data          0x00802000        0x0 c:/program files (x86)/atmel/atmel toolchain/avr8 gcc/native/3.4.1056/avr8-gnu-toolchain/bin/../lib/gcc/avr/4.8.1/../../../../avr/lib/avrxmega6\libm.a(fp_pscB.o)
 .data          0x00802000        0x0 c:/program files (x86)/atmel/atmel toolchain/avr8 gcc/native/3.4.1056/avr8-gnu-toolchain/bin/../lib/gcc/avr/4.8.1/../../../../avr/lib/avrxmega6\libm.a(fp_round.o)
 .data          0x00802000        0x0 c:/program files (x86)/atmel/atmel toolchain/avr8 gcc/native/3.4.1056/avr8-gnu-toolchain/bin/../lib/gcc/avr/4.8.1/../../../../avr/lib/avrxmega6\libm.a(fp_split3.o)
 .data          0x00802000        0x0 c:/program files (x86)/atmel/atmel toolchain/avr8 gcc/native/3.4.1056/avr8-gnu-toolchain/bin/../lib/gcc/avr/4.8.1/../../../../avr/lib/avrxmega6\libm.a(fp_zero.o)
 .data          0x00802000        0x0 c:/program files (x86)/atmel/atmel toolchain/avr8 gcc/native/3.4.1056/avr8-gnu-toolchain/bin/../lib/gcc/avr/4.8.1/../../../../avr/lib/avrxmega6\libm.a(gesf2.o)
 .data          0x00802000        0x0 c:/program files (x86)/atmel/atmel toolchain/avr8 gcc/native/3.4.1056/avr8-gnu-toolchain/bin/../lib/gcc/avr/4.8.1/../../../../avr/lib/avrxmega6\libm.a(log10.o)
 .data          0x00802000        0x0 c:/program files (x86)/atmel/atmel toolchain/avr8 gcc/native/3.4.1056/avr8-gnu-toolchain/bin/../lib/gcc/avr/4.8.1/../../../../avr/lib/avrxmega6\libm.a(log.o)
 .data          0x00802000        0x0 c:/program files (x86)/atmel/atmel toolchain/avr8 gcc/native/3.4.1056/avr8-gnu-toolchain/bin/../lib/gcc/avr/4.8.1/../../../../avr/lib/avrxmega6\libm.a(mulsf3.o)
 .data          0x00802000        0x0 c:/program files (x86)/atmel/atmel toolchain/avr8 gcc/native/3.4.1056/avr8-gnu-toolchain/bin/../lib/gcc/avr/4.8.1/../../../../avr/lib/avrxmega6\libm.a(mulsf3x.o)
 .data          0x00802000        0x0 c:/program files (x86)/atmel/atmel toolchain/avr8 gcc/native/3.4.1056/avr8-gnu-toolchain/bin/../lib/gcc/avr/4.8.1/../../../../avr/lib/avrxmega6\libm.a(fp_mpack.o)
 .data          0x00802000        0x0 c:/program files (x86)/atmel/atmel toolchain/avr8 gcc/native/3.4.1056/avr8-gnu-toolchain/bin/../lib/gcc/avr/4.8.1/../../../../avr/lib/avrxmega6\libm.a(fp_powser.o)
 .data          0x00802000        0x0 c:/program files (x86)/atmel/atmel toolchain/avr8 gcc/native/3.4.1056/avr8-gnu-toolchain/bin/../lib/gcc/avr/4.8.1/../../../../avr/lib/avrxmega6\libprintf_flt.a(vfprintf_flt.o)
 .data          0x00802000        0x0 c:/program files (x86)/atmel/atmel toolchain/avr8 gcc/native/3.4.1056/avr8-gnu-toolchain/bin/../lib/gcc/avr/4.8.1/avrxmega6\libgcc.a(_divmodhi4.o)
 .data          0x00802000        0x0 c:/program files (x86)/atmel/atmel toolchain/avr8 gcc/native/3.4.1056/avr8-gnu-toolchain/bin/../lib/gcc/avr/4.8.1/avrxmega6\libgcc.a(_udivmodsi4.o)
 .data          0x00802000        0x0 c:/program files (x86)/atmel/atmel toolchain/avr8 gcc/native/3.4.1056/avr8-gnu-toolchain/bin/../lib/gcc/avr/4.8.1/avrxmega6\libgcc.a(_exit.o)
 .data          0x00802000        0x0 c:/program files (x86)/atmel/atmel toolchain/avr8 gcc/native/3.4.1056/avr8-gnu-toolchain/bin/../lib/gcc/avr/4.8.1/avrxmega6\libgcc.a(_tablejump.o)
 .data          0x00802000        0x0 c:/program files (x86)/atmel/atmel toolchain/avr8 gcc/native/3.4.1056/avr8-gnu-toolchain/bin/../lib/gcc/avr/4.8.1/avrxmega6\libgcc.a(_copy_data.o)
 .data          0x00802000        0x0 c:/program files (x86)/atmel/atmel toolchain/avr8 gcc/native/3.4.1056/avr8-gnu-toolchain/bin/../lib/gcc/avr/4.8.1/avrxmega6\libgcc.a(_clear_bss.o)
 .data          0x00802000        0x0 c:/program files (x86)/atmel/atmel toolchain/avr8 gcc/native/3.4.1056/avr8-gnu-toolchain/bin/../lib/gcc/avr/4.8.1/avrxmega6\libgcc.a(_umulhisi3.o)
 .data          0x00802000        0x0 c:/program files (x86)/atmel/atmel toolchain/avr8 gcc/native/3.4.1056/avr8-gnu-toolchain/bin/../lib/gcc/avr/4.8.1/avrxmega6\libgcc.a(_udivmodhi4.o)
 .data          0x00802000        0x0 c:/program files (x86)/atmel/atmel toolchain/avr8 gcc/native/3.4.1056/avr8-gnu-toolchain/bin/../lib/gcc/avr/4.8.1/../../../../avr/lib/avrxmega6\libc.a(calloc.o)
 .data          0x00802000        0x6 c:/program files (x86)/atmel/atmel toolchain/avr8 gcc/native/3.4.1056/avr8-gnu-toolchain/bin/../lib/gcc/avr/4.8.1/../../../../avr/lib/avrxmega6\libc.a(malloc.o)
                0x00802000                __malloc_heap_end
                0x00802002                __malloc_heap_start
                0x00802004                __malloc_margin
 .data          0x00802006        0x4 c:/program files (x86)/atmel/atmel toolchain/avr8 gcc/native/3.4.1056/avr8-gnu-toolchain/bin/../lib/gcc/avr/4.8.1/../../../../avr/lib/avrxmega6\libc.a(rand.o)
 .data          0x0080200a        0x0 c:/program files (x86)/atmel/atmel toolchain/avr8 gcc/native/3.4.1056/avr8-gnu-toolchain/bin/../lib/gcc/avr/4.8.1/../../../../avr/lib/avrxmega6\libc.a(ftoa_engine.o)
 .data          0x0080200a        0x0 c:/program files (x86)/atmel/atmel toolchain/avr8 gcc/native/3.4.1056/avr8-gnu-toolchain/bin/../lib/gcc/avr/4.8.1/../../../../avr/lib/avrxmega6\libc.a(memcpy_P.o)
 .data          0x0080200a        0x0 c:/program files (x86)/atmel/atmel toolchain/avr8 gcc/native/3.4.1056/avr8-gnu-toolchain/bin/../lib/gcc/avr/4.8.1/../../../../avr/lib/avrxmega6\libc.a(strnlen_P.o)
 .data          0x0080200a        0x0 c:/program files (x86)/atmel/atmel toolchain/avr8 gcc/native/3.4.1056/avr8-gnu-toolchain/bin/../lib/gcc/avr/4.8.1/../../../../avr/lib/avrxmega6\libc.a(memcpy.o)
 .data          0x0080200a        0x0 c:/program files (x86)/atmel/atmel toolchain/avr8 gcc/native/3.4.1056/avr8-gnu-toolchain/bin/../lib/gcc/avr/4.8.1/../../../../avr/lib/avrxmega6\libc.a(memset.o)
 .data          0x0080200a        0x0 c:/program files (x86)/atmel/atmel toolchain/avr8 gcc/native/3.4.1056/avr8-gnu-toolchain/bin/../lib/gcc/avr/4.8.1/../../../../avr/lib/avrxmega6\libc.a(strnlen.o)
 .data          0x0080200a        0x0 c:/program files (x86)/atmel/atmel toolchain/avr8 gcc/native/3.4.1056/avr8-gnu-toolchain/bin/../lib/gcc/avr/4.8.1/../../../../avr/lib/avrxmega6\libc.a(fputc.o)
 .data          0x0080200a        0x0 c:/program files (x86)/atmel/atmel toolchain/avr8 gcc/native/3.4.1056/avr8-gnu-toolchain/bin/../lib/gcc/avr/4.8.1/../../../../avr/lib/avrxmega6\libc.a(sprintf.o)
 .data          0x0080200a        0x0 c:/program files (x86)/atmel/atmel toolchain/avr8 gcc/native/3.4.1056/avr8-gnu-toolchain/bin/../lib/gcc/avr/4.8.1/../../../../avr/lib/avrxmega6\libc.a(ultoa_invert.o)
 .data          0x0080200a        0x0 c:/program files (x86)/atmel/atmel toolchain/avr8 gcc/native/3.4.1056/avr8-gnu-toolchain/bin/../lib/gcc/avr/4.8.1/avrxmega6\libgcc.a(_divmodsi4.o)
 .data          0x0080200a        0x0 c:/program files (x86)/atmel/atmel toolchain/avr8 gcc/native/3.4.1056/avr8-gnu-toolchain/bin/../lib/gcc/avr/4.8.1/avrxmega6\libgcc.a(_negsi2.o)
 .data          0x0080200a        0x0 c:/program files (x86)/atmel/atmel toolchain/avr8 gcc/native/3.4.1056/avr8-gnu-toolchain/bin/../lib/gcc/avr/4.8.1/avrxmega6\libgcc.a(_muluhisi3.o)
 .data          0x0080200a        0x0 c:/program files (x86)/atmel/atmel toolchain/avr8 gcc/native/3.4.1056/avr8-gnu-toolchain/bin/../lib/gcc/avr/4.8.1/avrxmega6\libgcc.a(_mulshisi3.o)
 *(.data*)
 .data.released
                0x0080200a        0x1 src/snake.o
                0x0080200a                released
 .data.spi_device_conf
                0x0080200b        0x1 src/display.o
                0x0080200b                spi_device_conf
 *(.rodata)
 *(.rodata*)
 .rodata.image_data_LargeFont_0x7e
                0x0080200c       0xac src/fontsLarge.o
 .rodata.image_data_LargeFont_0x7d
                0x008020b8       0x81 src/fontsLarge.o
 .rodata.image_data_LargeFont_0x7c
                0x00802139       0x81 src/fontsLarge.o
 .rodata.image_data_LargeFont_0x7b
                0x008021ba       0x81 src/fontsLarge.o
 .rodata.image_data_LargeFont_0x7a
                0x0080223b       0x81 src/fontsLarge.o
 .rodata.image_data_LargeFont_0x79
                0x008022bc       0x81 src/fontsLarge.o
 .rodata.image_data_LargeFont_0x78
                0x0080233d       0x81 src/fontsLarge.o
 .rodata.image_data_LargeFont_0x77
                0x008023be       0xac src/fontsLarge.o
 .rodata.image_data_LargeFont_0x76
                0x0080246a       0x81 src/fontsLarge.o
 .rodata.image_data_LargeFont_0x75
                0x008024eb       0x81 src/fontsLarge.o
 .rodata.image_data_LargeFont_0x74
                0x0080256c       0x56 src/fontsLarge.o
 .rodata.image_data_LargeFont_0x73
                0x008025c2       0x81 src/fontsLarge.o
 .rodata.image_data_LargeFont_0x72
                0x00802643       0x56 src/fontsLarge.o
 .rodata.image_data_LargeFont_0x71
                0x00802699       0x81 src/fontsLarge.o
 .rodata.image_data_LargeFont_0x70
                0x0080271a       0x81 src/fontsLarge.o
 .rodata.image_data_LargeFont_0x6f
                0x0080279b       0x81 src/fontsLarge.o
 .rodata.image_data_LargeFont_0x6e
                0x0080281c       0x81 src/fontsLarge.o
 .rodata.image_data_LargeFont_0x6d
                0x0080289d       0xd7 src/fontsLarge.o
 .rodata.image_data_LargeFont_0x6c
                0x00802974       0x56 src/fontsLarge.o
 .rodata.image_data_LargeFont_0x6b
                0x008029ca       0x81 src/fontsLarge.o
 .rodata.image_data_LargeFont_0x6a
                0x00802a4b       0x56 src/fontsLarge.o
 .rodata.image_data_LargeFont_0x69
                0x00802aa1       0x56 src/fontsLarge.o
 .rodata.image_data_LargeFont_0x68
                0x00802af7       0x81 src/fontsLarge.o
 .rodata.image_data_LargeFont_0x67
                0x00802b78       0x81 src/fontsLarge.o
 .rodata.image_data_LargeFont_0x66
                0x00802bf9       0x56 src/fontsLarge.o
 .rodata.image_data_LargeFont_0x65
                0x00802c4f       0x81 src/fontsLarge.o
 .rodata.image_data_LargeFont_0x64
                0x00802cd0       0x81 src/fontsLarge.o
 .rodata.image_data_LargeFont_0x63
                0x00802d51       0x81 src/fontsLarge.o
 .rodata.image_data_LargeFont_0x62
                0x00802dd2       0x81 src/fontsLarge.o
 .rodata.image_data_LargeFont_0x61
                0x00802e53       0x81 src/fontsLarge.o
 .rodata.image_data_LargeFont_0x60
                0x00802ed4       0x81 src/fontsLarge.o
 .rodata.image_data_LargeFont_0x5f
                0x00802f55       0x81 src/fontsLarge.o
 .rodata.image_data_LargeFont_0x5e
                0x00802fd6       0xac src/fontsLarge.o
 .rodata.image_data_LargeFont_0x5d
                0x00803082       0x56 src/fontsLarge.o
 .rodata.image_data_LargeFont_0x5c
                0x008030d8       0x81 src/fontsLarge.o
 .rodata.image_data_LargeFont_0x5b
                0x00803159       0x56 src/fontsLarge.o
 .rodata.image_data_LargeFont_0x5a
                0x008031af       0x81 src/fontsLarge.o
 .rodata.image_data_LargeFont_0x59
                0x00803230       0xac src/fontsLarge.o
 .rodata.image_data_LargeFont_0x58
                0x008032dc       0xac src/fontsLarge.o
 .rodata.image_data_LargeFont_0x57
                0x00803388       0xd7 src/fontsLarge.o
 .rodata.image_data_LargeFont_0x56
                0x0080345f       0x81 src/fontsLarge.o
 .rodata.image_data_LargeFont_0x55
                0x008034e0       0xac src/fontsLarge.o
 .rodata.image_data_LargeFont_0x54
                0x0080358c       0x81 src/fontsLarge.o
 .rodata.image_data_LargeFont_0x53
                0x0080360d       0x81 src/fontsLarge.o
 .rodata.image_data_LargeFont_0x52
                0x0080368e       0xac src/fontsLarge.o
 .rodata.image_data_LargeFont_0x51
                0x0080373a       0xac src/fontsLarge.o
 .rodata.image_data_LargeFont_0x50
                0x008037e6       0x81 src/fontsLarge.o
 .rodata.image_data_LargeFont_0x4f
                0x00803867       0xac src/fontsLarge.o
 .rodata.image_data_LargeFont_0x4e
                0x00803913       0xac src/fontsLarge.o
 .rodata.image_data_LargeFont_0x4d
                0x008039bf       0xac src/fontsLarge.o
 .rodata.image_data_LargeFont_0x4c
                0x00803a6b       0x81 src/fontsLarge.o
 .rodata.image_data_LargeFont_0x4b
                0x00803aec       0xac src/fontsLarge.o
 .rodata.image_data_LargeFont_0x4a
                0x00803b98       0x81 src/fontsLarge.o
 .rodata.image_data_LargeFont_0x49
                0x00803c19       0x81 src/fontsLarge.o
 .rodata.image_data_LargeFont_0x48
                0x00803c9a       0xac src/fontsLarge.o
 .rodata.image_data_LargeFont_0x47
                0x00803d46       0xac src/fontsLarge.o
 .rodata.image_data_LargeFont_0x46
                0x00803df2       0x81 src/fontsLarge.o
 .rodata.image_data_LargeFont_0x45
                0x00803e73       0x81 src/fontsLarge.o
 .rodata.image_data_LargeFont_0x44
                0x00803ef4       0xac src/fontsLarge.o
 .rodata.image_data_LargeFont_0x43
                0x00803fa0       0x81 src/fontsLarge.o
 .rodata.image_data_LargeFont_0x42
                0x00804021       0xac src/fontsLarge.o
 .rodata.image_data_LargeFont_0x41
                0x008040cd       0xac src/fontsLarge.o
 .rodata.image_data_LargeFont_0x40
                0x00804179       0xd7 src/fontsLarge.o
 .rodata.image_data_LargeFont_0x3f
                0x00804250       0x81 src/fontsLarge.o
 .rodata.image_data_LargeFont_0x3e
                0x008042d1       0xac src/fontsLarge.o
 .rodata.image_data_LargeFont_0x3d
                0x0080437d       0xac src/fontsLarge.o
 .rodata.image_data_LargeFont_0x3c
                0x00804429       0xac src/fontsLarge.o
 .rodata.image_data_LargeFont_0x3b
                0x008044d5       0x56 src/fontsLarge.o
 .rodata.image_data_LargeFont_0x3a
                0x0080452b       0x56 src/fontsLarge.o
 .rodata.image_data_LargeFont_0x39
                0x00804581       0x81 src/fontsLarge.o
 .rodata.image_data_LargeFont_0x38
                0x00804602       0x81 src/fontsLarge.o
 .rodata.image_data_LargeFont_0x37
                0x00804683       0x81 src/fontsLarge.o
 .rodata.image_data_LargeFont_0x36
                0x00804704       0x81 src/fontsLarge.o
 .rodata.image_data_LargeFont_0x35
                0x00804785       0x81 src/fontsLarge.o
 .rodata.image_data_LargeFont_0x34
                0x00804806       0x81 src/fontsLarge.o
 .rodata.image_data_LargeFont_0x33
                0x00804887       0x81 src/fontsLarge.o
 .rodata.image_data_LargeFont_0x32
                0x00804908       0x81 src/fontsLarge.o
 .rodata.image_data_LargeFont_0x31
                0x00804989       0x81 src/fontsLarge.o
 .rodata.image_data_LargeFont_0x30
                0x00804a0a       0x81 src/fontsLarge.o
 .rodata.image_data_LargeFont_0x2f
                0x00804a8b       0x81 src/fontsLarge.o
 .rodata.image_data_LargeFont_0x2e
                0x00804b0c       0x56 src/fontsLarge.o
 .rodata.image_data_LargeFont_0x2d
                0x00804b62       0x56 src/fontsLarge.o
 .rodata.image_data_LargeFont_0x2c
                0x00804bb8       0x56 src/fontsLarge.o
 .rodata.image_data_LargeFont_0x2b
                0x00804c0e       0xac src/fontsLarge.o
 .rodata.image_data_LargeFont_0x2a
                0x00804cba       0x81 src/fontsLarge.o
 .rodata.image_data_LargeFont_0x29
                0x00804d3b       0x56 src/fontsLarge.o
 .rodata.image_data_LargeFont_0x28
                0x00804d91       0x56 src/fontsLarge.o
 .rodata.image_data_LargeFont_0x27
                0x00804de7       0x56 src/fontsLarge.o
 .rodata.image_data_LargeFont_0x26
                0x00804e3d       0xac src/fontsLarge.o
 .rodata.image_data_LargeFont_0x25
                0x00804ee9      0x102 src/fontsLarge.o
 .rodata.image_data_LargeFont_0x24
                0x00804feb       0x81 src/fontsLarge.o
 .rodata.image_data_LargeFont_0x23
                0x0080506c       0xac src/fontsLarge.o
 .rodata.image_data_LargeFont_0x22
                0x00805118       0x81 src/fontsLarge.o
 .rodata.image_data_LargeFont_0x21
                0x00805199       0x56 src/fontsLarge.o
 .rodata.image_data_LargeFont_0x20
                0x008051ef       0x56 src/fontsLarge.o
 .rodata.image_data_LargeFont_error
                0x00805245       0x56 src/fontsLarge.o
 .rodata.image_data_Font_0x7e
                0x0080529b       0x11 src/fonts.o
 .rodata.image_data_Font_0x7d
                0x008052ac       0x11 src/fonts.o
 .rodata.image_data_Font_0x7c
                0x008052bd       0x11 src/fonts.o
 .rodata.image_data_Font_0x7b
                0x008052ce       0x11 src/fonts.o
 .rodata.image_data_Font_0x7a
                0x008052df       0x11 src/fonts.o
 .rodata.image_data_Font_0x79
                0x008052f0       0x11 src/fonts.o
 .rodata.image_data_Font_0x78
                0x00805301       0x11 src/fonts.o
 .rodata.image_data_Font_0x77
                0x00805312       0x22 src/fonts.o
 .rodata.image_data_Font_0x76
                0x00805334       0x11 src/fonts.o
 .rodata.image_data_Font_0x75
                0x00805345       0x22 src/fonts.o
 .rodata.image_data_Font_0x74
                0x00805367       0x11 src/fonts.o
 .rodata.image_data_Font_0x73
                0x00805378       0x11 src/fonts.o
 .rodata.image_data_Font_0x72
                0x00805389       0x11 src/fonts.o
 .rodata.image_data_Font_0x71
                0x0080539a       0x22 src/fonts.o
 .rodata.image_data_Font_0x70
                0x008053bc       0x22 src/fonts.o
 .rodata.image_data_Font_0x6f
                0x008053de       0x22 src/fonts.o
 .rodata.image_data_Font_0x6e
                0x00805400       0x22 src/fonts.o
 .rodata.image_data_Font_0x6d
                0x00805422       0x22 src/fonts.o
 .rodata.image_data_Font_0x6c
                0x00805444       0x11 src/fonts.o
 .rodata.image_data_Font_0x6b
                0x00805455       0x22 src/fonts.o
 .rodata.image_data_Font_0x6a
                0x00805477       0x11 src/fonts.o
 .rodata.image_data_Font_0x69
                0x00805488       0x11 src/fonts.o
 .rodata.image_data_Font_0x68
                0x00805499       0x22 src/fonts.o
 .rodata.image_data_Font_0x67
                0x008054bb       0x22 src/fonts.o
 .rodata.image_data_Font_0x66
                0x008054dd       0x11 src/fonts.o
 .rodata.image_data_Font_0x65
                0x008054ee       0x11 src/fonts.o
 .rodata.image_data_Font_0x64
                0x008054ff       0x22 src/fonts.o
 .rodata.image_data_Font_0x63
                0x00805521       0x11 src/fonts.o
 .rodata.image_data_Font_0x62
                0x00805532       0x22 src/fonts.o
 .rodata.image_data_Font_0x61
                0x00805554       0x22 src/fonts.o
 .rodata.image_data_Font_0x60
                0x00805576       0x11 src/fonts.o
 .rodata.image_data_Font_0x5f
                0x00805587       0x11 src/fonts.o
 .rodata.image_data_Font_0x5e
                0x00805598       0x11 src/fonts.o
 .rodata.image_data_Font_0x5d
                0x008055a9       0x11 src/fonts.o
 .rodata.image_data_Font_0x5c
                0x008055ba       0x11 src/fonts.o
 .rodata.image_data_Font_0x5b
                0x008055cb       0x11 src/fonts.o
 .rodata.image_data_Font_0x5a
                0x008055dc       0x22 src/fonts.o
 .rodata.image_data_Font_0x59
                0x008055fe       0x22 src/fonts.o
 .rodata.image_data_Font_0x58
                0x00805620       0x22 src/fonts.o
 .rodata.image_data_Font_0x57
                0x00805642       0x22 src/fonts.o
 .rodata.image_data_Font_0x56
                0x00805664       0x22 src/fonts.o
 .rodata.image_data_Font_0x55
                0x00805686       0x22 src/fonts.o
 .rodata.image_data_Font_0x54
                0x008056a8       0x11 src/fonts.o
 .rodata.image_data_Font_0x53
                0x008056b9       0x22 src/fonts.o
 .rodata.image_data_Font_0x52
                0x008056db       0x22 src/fonts.o
 .rodata.image_data_Font_0x51
                0x008056fd       0x22 src/fonts.o
 .rodata.image_data_Font_0x50
                0x0080571f       0x22 src/fonts.o
 .rodata.image_data_Font_0x4f
                0x00805741       0x22 src/fonts.o
 .rodata.image_data_Font_0x4e
                0x00805763       0x22 src/fonts.o
 .rodata.image_data_Font_0x4d
                0x00805785       0x22 src/fonts.o
 .rodata.image_data_Font_0x4c
                0x008057a7       0x11 src/fonts.o
 .rodata.image_data_Font_0x4b
                0x008057b8       0x22 src/fonts.o
 .rodata.image_data_Font_0x4a
                0x008057da       0x11 src/fonts.o
 .rodata.image_data_Font_0x49
                0x008057eb       0x11 src/fonts.o
 .rodata.image_data_Font_0x48
                0x008057fc       0x22 src/fonts.o
 .rodata.image_data_Font_0x47
                0x0080581e       0x22 src/fonts.o
 .rodata.image_data_Font_0x46
                0x00805840       0x11 src/fonts.o
 .rodata.image_data_Font_0x45
                0x00805851       0x22 src/fonts.o
 .rodata.image_data_Font_0x44
                0x00805873       0x22 src/fonts.o
 .rodata.image_data_Font_0x43
                0x00805895       0x22 src/fonts.o
 .rodata.image_data_Font_0x42
                0x008058b7       0x22 src/fonts.o
 .rodata.image_data_Font_0x41
                0x008058d9       0x22 src/fonts.o
 .rodata.image_data_Font_0x40
                0x008058fb       0x22 src/fonts.o
 .rodata.image_data_Font_0x3f
                0x0080591d       0x11 src/fonts.o
 .rodata.image_data_Font_0x3e
                0x0080592e       0x11 src/fonts.o
 .rodata.image_data_Font_0x3d
                0x0080593f       0x11 src/fonts.o
 .rodata.image_data_Font_0x3c
                0x00805950       0x11 src/fonts.o
 .rodata.image_data_Font_0x3b
                0x00805961       0x11 src/fonts.o
 .rodata.image_data_Font_0x3a
                0x00805972       0x11 src/fonts.o
 .rodata.image_data_Font_0x39
                0x00805983       0x22 src/fonts.o
 .rodata.image_data_Font_0x38
                0x008059a5       0x22 src/fonts.o
 .rodata.image_data_Font_0x37
                0x008059c7       0x22 src/fonts.o
 .rodata.image_data_Font_0x36
                0x008059e9       0x22 src/fonts.o
 .rodata.image_data_Font_0x35
                0x00805a0b       0x22 src/fonts.o
 .rodata.image_data_Font_0x34
                0x00805a2d       0x22 src/fonts.o
 .rodata.image_data_Font_0x33
                0x00805a4f       0x22 src/fonts.o
 .rodata.image_data_Font_0x32
                0x00805a71       0x22 src/fonts.o
 .rodata.image_data_Font_0x31
                0x00805a93       0x22 src/fonts.o
 .rodata.image_data_Font_0x30
                0x00805ab5       0x22 src/fonts.o
 .rodata.image_data_Font_0x2f
                0x00805ad7       0x11 src/fonts.o
 .rodata.image_data_Font_0x2e
                0x00805ae8       0x11 src/fonts.o
 .rodata.image_data_Font_0x2d
                0x00805af9       0x11 src/fonts.o
 .rodata.image_data_Font_0x2c
                0x00805b0a       0x11 src/fonts.o
 .rodata.image_data_Font_0x2b
                0x00805b1b       0x11 src/fonts.o
 .rodata.image_data_Font_0x2a
                0x00805b2c       0x11 src/fonts.o
 .rodata.image_data_Font_0x29
                0x00805b3d       0x11 src/fonts.o
 .rodata.image_data_Font_0x28
                0x00805b4e       0x11 src/fonts.o
 .rodata.image_data_Font_0x27
                0x00805b5f       0x11 src/fonts.o
 .rodata.image_data_Font_0x26
                0x00805b70       0x22 src/fonts.o
 .rodata.image_data_Font_0x25
                0x00805b92       0x22 src/fonts.o
 .rodata.image_data_Font_0x24
                0x00805bb4       0x22 src/fonts.o
 .rodata.image_data_Font_0x23
                0x00805bd6       0x22 src/fonts.o
 .rodata.image_data_Font_0x22
                0x00805bf8       0x11 src/fonts.o
 .rodata.image_data_Font_0x21
                0x00805c09       0x11 src/fonts.o
 .rodata.image_data_Font_0x20
                0x00805c1a       0x11 src/fonts.o
 .rodata.image_data_Font_error
                0x00805c2b       0x22 src/fonts.o
 .rodata.str1.1
                0x00805c4d        0xa src/snake.o
 .rodata.snake_bait
                0x00805c57        0x8 src/display.o
 *(.gnu.linkonce.d*)
                0x00805c60                . = ALIGN (0x2)
 *fill*         0x00805c5f        0x1 
                0x00805c60                _edata = .
                0x00805c60                PROVIDE (__data_end, .)

.bss            0x00805c60     0x2f37
                0x00805c60                PROVIDE (__bss_start, .)
 *(.bss)
 *(.bss*)
 .bss.adca_enable_count
                0x00805c60        0x1 src/ASF/xmega/drivers/adc/adc.o
 .bss.tc_tcf0_ccd_callback
                0x00805c61        0x2 src/ASF/xmega/drivers/tc/tc.o
 .bss.tc_tcf0_ccc_callback
                0x00805c63        0x2 src/ASF/xmega/drivers/tc/tc.o
 .bss.tc_tcf0_ccb_callback
                0x00805c65        0x2 src/ASF/xmega/drivers/tc/tc.o
 .bss.tc_tcf0_cca_callback
                0x00805c67        0x2 src/ASF/xmega/drivers/tc/tc.o
 .bss.tc_tcf0_err_callback
                0x00805c69        0x2 src/ASF/xmega/drivers/tc/tc.o
 .bss.tc_tcf0_ovf_callback
                0x00805c6b        0x2 src/ASF/xmega/drivers/tc/tc.o
 .bss.tc_tce0_ccd_callback
                0x00805c6d        0x2 src/ASF/xmega/drivers/tc/tc.o
 .bss.tc_tce0_ccc_callback
                0x00805c6f        0x2 src/ASF/xmega/drivers/tc/tc.o
 .bss.tc_tce0_ccb_callback
                0x00805c71        0x2 src/ASF/xmega/drivers/tc/tc.o
 .bss.tc_tce0_cca_callback
                0x00805c73        0x2 src/ASF/xmega/drivers/tc/tc.o
 .bss.tc_tce0_err_callback
                0x00805c75        0x2 src/ASF/xmega/drivers/tc/tc.o
 .bss.tc_tce0_ovf_callback
                0x00805c77        0x2 src/ASF/xmega/drivers/tc/tc.o
 .bss.tc_tcd0_ccd_callback
                0x00805c79        0x2 src/ASF/xmega/drivers/tc/tc.o
 .bss.tc_tcd0_ccc_callback
                0x00805c7b        0x2 src/ASF/xmega/drivers/tc/tc.o
 .bss.tc_tcd0_ccb_callback
                0x00805c7d        0x2 src/ASF/xmega/drivers/tc/tc.o
 .bss.tc_tcd0_cca_callback
                0x00805c7f        0x2 src/ASF/xmega/drivers/tc/tc.o
 .bss.tc_tcd0_err_callback
                0x00805c81        0x2 src/ASF/xmega/drivers/tc/tc.o
 .bss.tc_tcd0_ovf_callback
                0x00805c83        0x2 src/ASF/xmega/drivers/tc/tc.o
 .bss.tc_tcc1_ccb_callback
                0x00805c85        0x2 src/ASF/xmega/drivers/tc/tc.o
 .bss.tc_tcc1_cca_callback
                0x00805c87        0x2 src/ASF/xmega/drivers/tc/tc.o
 .bss.tc_tcc1_err_callback
                0x00805c89        0x2 src/ASF/xmega/drivers/tc/tc.o
 .bss.tc_tcc1_ovf_callback
                0x00805c8b        0x2 src/ASF/xmega/drivers/tc/tc.o
 .bss.tc_tcc0_ccd_callback
                0x00805c8d        0x2 src/ASF/xmega/drivers/tc/tc.o
 .bss.tc_tcc0_ccc_callback
                0x00805c8f        0x2 src/ASF/xmega/drivers/tc/tc.o
 .bss.tc_tcc0_ccb_callback
                0x00805c91        0x2 src/ASF/xmega/drivers/tc/tc.o
 .bss.tc_tcc0_cca_callback
                0x00805c93        0x2 src/ASF/xmega/drivers/tc/tc.o
 .bss.tc_tcc0_err_callback
                0x00805c95        0x2 src/ASF/xmega/drivers/tc/tc.o
 .bss.tc_tcc0_ovf_callback
                0x00805c97        0x2 src/ASF/xmega/drivers/tc/tc.o
 .bss.screen    0x00805c99        0x1 src/main.o
                0x00805c99                screen
 *(COMMON)
 COMMON         0x00805c9a        0xa src/measurements.o
                0x00805c9a                adc_conf
                0x00805ca0                adcch_conf
 COMMON         0x00805ca4        0x2 src/ASF/xmega/drivers/adc/adc.o
                0x00805ca4                adca_callback
 COMMON         0x00805ca6        0x4 src/snake.o
                0x00805ca6                j
                0x00805ca8                i
 COMMON         0x00805caa        0x6 src/ASF/common/services/sleepmgr/xmega/sleepmgr.o
                0x00805caa                sleepmgr_locks
 COMMON         0x00805cb0     0x2ee7 src/display.o
                0x00805cb0                frame
                0x00808b90                pwm_cfg
                0x00808b97                PROVIDE (__bss_end, .)
                0x00006bfe                __data_load_start = LOADADDR (.data)
                0x0000a85e                __data_load_end = (__data_load_start + SIZEOF (.data))

.noinit         0x00808b97        0x0
                0x00808b97                PROVIDE (__noinit_start, .)
 *(.noinit*)
                0x00808b97                PROVIDE (__noinit_end, .)
                0x00808b97                _end = .
                0x00808b97                PROVIDE (__heap_start, .)

.eeprom         0x00810000        0x0
 *(.eeprom*)
                0x00810000                __eeprom_end = .

.fuse
 *(.fuse)
 *(.lfuse)
 *(.hfuse)
 *(.efuse)

.lock
 *(.lock*)

.signature
 *(.signature*)

.user_signatures
 *(.user_signatures*)

.stab
 *(.stab)

.stabstr
 *(.stabstr)

.stab.excl
 *(.stab.excl)

.stab.exclstr
 *(.stab.exclstr)

.stab.index
 *(.stab.index)

.stab.indexstr
 *(.stab.indexstr)

.comment        0x00000000       0x5c
 *(.comment)
 .comment       0x00000000       0x30 src/fontsLarge.o
                                 0x31 (size before relaxing)
 .comment       0x00000000       0x31 src/fontUtils.o
 .comment       0x00000000       0x31 src/measurements.o
 .comment       0x00000000       0x31 src/ASF/xmega/drivers/adc/adc.o
 .comment       0x00000000       0x31 src/ASF/xmega/drivers/adc/xmega_bcd/adc_bcd.o
 .comment       0x00000000       0x31 src/fonts.o
 .comment       0x00000000       0x31 src/snake.o
 .comment       0x00000000       0x31 src/utils.o
 .comment       0x00000000       0x31 src/ASF/common/services/sleepmgr/xmega/sleepmgr.o
 .comment       0x00000000       0x31 src/ASF/common/services/spi/xmega_spi/spi_master.o
 .comment       0x00000000       0x31 src/ASF/xmega/drivers/spi/spi.o
 .comment       0x00000000       0x31 src/ASF/xmega/drivers/tc/tc.o
 .comment       0x00000000       0x31 src/ASF/common/services/clock/xmega/sysclk.o
 .comment       0x00000000       0x31 src/ASF/xmega/drivers/nvm/nvm.o
 .comment       0x00000000       0x31 src/ASF/common/services/ioport/xmega/ioport_compat.o
 .comment       0x00000000       0x31 src/ASF/xmega/boards/xmega_c3_xplained/init.o
 .comment       0x00000000       0x31 src/ASF/xmega/services/pwm/pwm.o
 .comment       0x00000000       0x31 src/display.o
 .comment       0x00000000       0x31 src/main.o
 .comment       0x00000030       0x2c c:/program files (x86)/atmel/atmel toolchain/avr8 gcc/native/3.4.1056/avr8-gnu-toolchain/bin/../lib/gcc/avr/4.8.1/../../../../avr/lib/avrxmega6\libprintf_flt.a(vfprintf_flt.o)
                                 0x2d (size before relaxing)
 .comment       0x00000000       0x31 c:/program files (x86)/atmel/atmel toolchain/avr8 gcc/native/3.4.1056/avr8-gnu-toolchain/bin/../lib/gcc/avr/4.8.1/../../../../avr/lib/avrxmega6\libc.a(calloc.o)
 .comment       0x00000000       0x31 c:/program files (x86)/atmel/atmel toolchain/avr8 gcc/native/3.4.1056/avr8-gnu-toolchain/bin/../lib/gcc/avr/4.8.1/../../../../avr/lib/avrxmega6\libc.a(malloc.o)
 .comment       0x00000000       0x31 c:/program files (x86)/atmel/atmel toolchain/avr8 gcc/native/3.4.1056/avr8-gnu-toolchain/bin/../lib/gcc/avr/4.8.1/../../../../avr/lib/avrxmega6\libc.a(rand.o)
 .comment       0x00000000       0x31 c:/program files (x86)/atmel/atmel toolchain/avr8 gcc/native/3.4.1056/avr8-gnu-toolchain/bin/../lib/gcc/avr/4.8.1/../../../../avr/lib/avrxmega6\libc.a(fputc.o)
 .comment       0x00000000       0x31 c:/program files (x86)/atmel/atmel toolchain/avr8 gcc/native/3.4.1056/avr8-gnu-toolchain/bin/../lib/gcc/avr/4.8.1/../../../../avr/lib/avrxmega6\libc.a(sprintf.o)

.note.gnu.build-id
 *(.note.gnu.build-id)

.debug
 *(.debug)

.line
 *(.line)

.debug_srcinfo
 *(.debug_srcinfo)

.debug_sfnames
 *(.debug_sfnames)

.debug_aranges  0x00000000      0x6b8
 *(.debug_aranges)
 .debug_aranges
                0x00000000       0x20 src/fontsLarge.o
 .debug_aranges
                0x00000020       0x40 src/fontUtils.o
 .debug_aranges
                0x00000060       0x90 src/measurements.o
 .debug_aranges
                0x000000f0       0x48 src/ASF/xmega/drivers/adc/adc.o
 .debug_aranges
                0x00000138       0x40 src/ASF/xmega/drivers/adc/xmega_bcd/adc_bcd.o
 .debug_aranges
                0x00000178       0x20 src/fonts.o
 .debug_aranges
                0x00000198       0x20 src/snake.o
 .debug_aranges
                0x000001b8       0x20 src/utils.o
 .debug_aranges
                0x000001d8       0x18 src/ASF/common/services/sleepmgr/xmega/sleepmgr.o
 .debug_aranges
                0x000001f0       0x48 src/ASF/common/services/spi/xmega_spi/spi_master.o
 .debug_aranges
                0x00000238       0x20 src/ASF/xmega/drivers/spi/spi.o
 .debug_aranges
                0x00000258      0x138 src/ASF/xmega/drivers/tc/tc.o
 .debug_aranges
                0x00000390       0x40 src/ASF/common/services/clock/xmega/sysclk.o
 .debug_aranges
                0x000003d0       0xc0 src/ASF/xmega/drivers/nvm/nvm.o
 .debug_aranges
                0x00000490       0x28 src/ASF/xmega/drivers/nvm/nvm_asm.o
 .debug_aranges
                0x000004b8       0x20 src/ASF/xmega/drivers/cpu/ccp.o
 .debug_aranges
                0x000004d8       0x20 src/ASF/common/services/ioport/xmega/ioport_compat.o
 .debug_aranges
                0x000004f8       0x20 src/ASF/xmega/boards/xmega_c3_xplained/init.o
 .debug_aranges
                0x00000518       0x30 src/ASF/xmega/services/pwm/pwm.o
 .debug_aranges
                0x00000548      0x108 src/display.o
 .debug_aranges
                0x00000650       0x68 src/main.o

.debug_pubnames
 *(.debug_pubnames)

.debug_info     0x00000000    0x10b59
 *(.debug_info .gnu.linkonce.wi.*)
 .debug_info    0x00000000      0x9ba src/fontsLarge.o
 .debug_info    0x000009ba      0x24e src/fontUtils.o
 .debug_info    0x00000c08     0x199d src/measurements.o
 .debug_info    0x000025a5      0x9a7 src/ASF/xmega/drivers/adc/adc.o
 .debug_info    0x00002f4c      0xb7f src/ASF/xmega/drivers/adc/xmega_bcd/adc_bcd.o
 .debug_info    0x00003acb      0x984 src/fonts.o
 .debug_info    0x0000444f     0x103f src/snake.o
 .debug_info    0x0000548e       0xa0 src/utils.o
 .debug_info    0x0000552e      0x121 src/ASF/common/services/sleepmgr/xmega/sleepmgr.o
 .debug_info    0x0000564f      0xb84 src/ASF/common/services/spi/xmega_spi/spi_master.o
 .debug_info    0x000061d3      0x1b9 src/ASF/xmega/drivers/spi/spi.o
 .debug_info    0x0000638c     0x173b src/ASF/xmega/drivers/tc/tc.o
 .debug_info    0x00007ac7      0x760 src/ASF/common/services/clock/xmega/sysclk.o
 .debug_info    0x00008227     0x13c6 src/ASF/xmega/drivers/nvm/nvm.o
 .debug_info    0x000095ed       0x8a src/ASF/xmega/drivers/nvm/nvm_asm.o
 .debug_info    0x00009677       0x8a src/ASF/xmega/drivers/cpu/ccp.o
 .debug_info    0x00009701      0x11d src/ASF/common/services/ioport/xmega/ioport_compat.o
 .debug_info    0x0000981e      0x9e3 src/ASF/xmega/boards/xmega_c3_xplained/init.o
 .debug_info    0x0000a201     0x1339 src/ASF/xmega/services/pwm/pwm.o
 .debug_info    0x0000b53a     0x30f3 src/display.o
 .debug_info    0x0000e62d     0x252c src/main.o

.debug_abbrev   0x00000000     0x29f0
 *(.debug_abbrev)
 .debug_abbrev  0x00000000       0xbf src/fontsLarge.o
 .debug_abbrev  0x000000bf       0xfd src/fontUtils.o
 .debug_abbrev  0x000001bc      0x3f5 src/measurements.o
 .debug_abbrev  0x000005b1      0x2ac src/ASF/xmega/drivers/adc/adc.o
 .debug_abbrev  0x0000085d      0x32a src/ASF/xmega/drivers/adc/xmega_bcd/adc_bcd.o
 .debug_abbrev  0x00000b87       0xb6 src/fonts.o
 .debug_abbrev  0x00000c3d      0x306 src/snake.o
 .debug_abbrev  0x00000f43       0x65 src/utils.o
 .debug_abbrev  0x00000fa8       0x80 src/ASF/common/services/sleepmgr/xmega/sleepmgr.o
 .debug_abbrev  0x00001028      0x29c src/ASF/common/services/spi/xmega_spi/spi_master.o
 .debug_abbrev  0x000012c4       0xf6 src/ASF/xmega/drivers/spi/spi.o
 .debug_abbrev  0x000013ba      0x2a7 src/ASF/xmega/drivers/tc/tc.o
 .debug_abbrev  0x00001661      0x268 src/ASF/common/services/clock/xmega/sysclk.o
 .debug_abbrev  0x000018c9      0x3de src/ASF/xmega/drivers/nvm/nvm.o
 .debug_abbrev  0x00001ca7       0x12 src/ASF/xmega/drivers/nvm/nvm_asm.o
 .debug_abbrev  0x00001cb9       0x14 src/ASF/xmega/drivers/cpu/ccp.o
 .debug_abbrev  0x00001ccd       0x93 src/ASF/common/services/ioport/xmega/ioport_compat.o
 .debug_abbrev  0x00001d60      0x160 src/ASF/xmega/boards/xmega_c3_xplained/init.o
 .debug_abbrev  0x00001ec0      0x28c src/ASF/xmega/services/pwm/pwm.o
 .debug_abbrev  0x0000214c      0x468 src/display.o
 .debug_abbrev  0x000025b4      0x43c src/main.o

.debug_line     0x00000000     0x9c65
 *(.debug_line .debug_line.* .debug_line_end)
 .debug_line    0x00000000      0x6eb src/fontsLarge.o
 .debug_line    0x000006eb      0x2a1 src/fontUtils.o
 .debug_line    0x0000098c      0xbd2 src/measurements.o
 .debug_line    0x0000155e      0x721 src/ASF/xmega/drivers/adc/adc.o
 .debug_line    0x00001c7f      0x7c3 src/ASF/xmega/drivers/adc/xmega_bcd/adc_bcd.o
 .debug_line    0x00002442      0x6e1 src/fonts.o
 .debug_line    0x00002b23      0xc20 src/snake.o
 .debug_line    0x00003743      0x17a src/utils.o
 .debug_line    0x000038bd      0x430 src/ASF/common/services/sleepmgr/xmega/sleepmgr.o
 .debug_line    0x00003ced      0x74b src/ASF/common/services/spi/xmega_spi/spi_master.o
 .debug_line    0x00004438      0x4d1 src/ASF/xmega/drivers/spi/spi.o
 .debug_line    0x00004909      0xcb8 src/ASF/xmega/drivers/tc/tc.o
 .debug_line    0x000055c1      0x5e6 src/ASF/common/services/clock/xmega/sysclk.o
 .debug_line    0x00005ba7      0xb37 src/ASF/xmega/drivers/nvm/nvm.o
 .debug_line    0x000066de      0x11f src/ASF/xmega/drivers/nvm/nvm_asm.o
 .debug_line    0x000067fd       0x6e src/ASF/xmega/drivers/cpu/ccp.o
 .debug_line    0x0000686b      0x48d src/ASF/common/services/ioport/xmega/ioport_compat.o
 .debug_line    0x00006cf8      0x4b4 src/ASF/xmega/boards/xmega_c3_xplained/init.o
 .debug_line    0x000071ac      0xab8 src/ASF/xmega/services/pwm/pwm.o
 .debug_line    0x00007c64     0x12a3 src/display.o
 .debug_line    0x00008f07      0xd5e src/main.o

.debug_frame    0x00000000     0x1af8
 *(.debug_frame)
 .debug_frame   0x00000000       0x24 src/fontsLarge.o
 .debug_frame   0x00000024       0xdc src/fontUtils.o
 .debug_frame   0x00000100      0x168 src/measurements.o
 .debug_frame   0x00000268       0x8c src/ASF/xmega/drivers/adc/adc.o
 .debug_frame   0x000002f4      0x124 src/ASF/xmega/drivers/adc/xmega_bcd/adc_bcd.o
 .debug_frame   0x00000418       0x24 src/fonts.o
 .debug_frame   0x0000043c       0x88 src/snake.o
 .debug_frame   0x000004c4       0x24 src/utils.o
 .debug_frame   0x000004e8       0x9c src/ASF/common/services/spi/xmega_spi/spi_master.o
 .debug_frame   0x00000584       0x4c src/ASF/xmega/drivers/spi/spi.o
 .debug_frame   0x000005d0      0xa44 src/ASF/xmega/drivers/tc/tc.o
 .debug_frame   0x00001014       0x64 src/ASF/common/services/clock/xmega/sysclk.o
 .debug_frame   0x00001078      0x348 src/ASF/xmega/drivers/nvm/nvm.o
 .debug_frame   0x000013c0       0x30 src/ASF/common/services/ioport/xmega/ioport_compat.o
 .debug_frame   0x000013f0       0x24 src/ASF/xmega/boards/xmega_c3_xplained/init.o
 .debug_frame   0x00001414       0x84 src/ASF/xmega/services/pwm/pwm.o
 .debug_frame   0x00001498      0x4b0 src/display.o
 .debug_frame   0x00001948      0x1b0 src/main.o

.debug_str      0x00000000    0x2aa8a
 *(.debug_str)
 .debug_str     0x00000000    0x1806a src/fontsLarge.o
                              0x18360 (size before relaxing)
 .debug_str     0x0001806a      0x44d src/fontUtils.o
                               0x4471 (size before relaxing)
 .debug_str     0x000184b7     0xf83d src/measurements.o
                              0x2754a (size before relaxing)
 .debug_str     0x00027cf4      0x1fd src/ASF/xmega/drivers/adc/adc.o
                              0x24c46 (size before relaxing)
 .debug_str     0x00027ef1       0x44 src/ASF/xmega/drivers/adc/xmega_bcd/adc_bcd.o
                              0x24e5d (size before relaxing)
 .debug_str     0x00027f35      0x820 src/fonts.o
                              0x18172 (size before relaxing)
 .debug_str     0x00028755      0x13a src/snake.o
                              0x26929 (size before relaxing)
 .debug_str     0x0002888f       0x1b src/utils.o
                               0x3dc3 (size before relaxing)
 .debug_str     0x000288aa       0x35 src/ASF/common/services/sleepmgr/xmega/sleepmgr.o
                              0x22306 (size before relaxing)
 .debug_str     0x000288df      0x2ad src/ASF/common/services/spi/xmega_spi/spi_master.o
                              0x24ad6 (size before relaxing)
 .debug_str     0x00028b8c       0xba src/ASF/xmega/drivers/spi/spi.o
                              0x22551 (size before relaxing)
 .debug_str     0x00028c46      0x6bd src/ASF/xmega/drivers/tc/tc.o
                              0x24c1f (size before relaxing)
 .debug_str     0x00029303      0x24d src/ASF/common/services/clock/xmega/sysclk.o
                              0x2428b (size before relaxing)
 .debug_str     0x00029550      0x6e9 src/ASF/xmega/drivers/nvm/nvm.o
                              0x22a34 (size before relaxing)
 .debug_str     0x00029c39       0x41 src/ASF/common/services/ioport/xmega/ioport_compat.o
                              0x224d2 (size before relaxing)
 .debug_str     0x00029c7a      0x139 src/ASF/xmega/boards/xmega_c3_xplained/init.o
                              0x23be9 (size before relaxing)
 .debug_str     0x00029db3      0x2fb src/ASF/xmega/services/pwm/pwm.o
                              0x25e56 (size before relaxing)
 .debug_str     0x0002a0ae      0x5d9 src/display.o
                              0x27ef8 (size before relaxing)
 .debug_str     0x0002a687      0x403 src/main.o
                              0x27ba2 (size before relaxing)

.debug_loc      0x00000000     0x721c
 *(.debug_loc)
 .debug_loc     0x00000000       0x21 src/fontsLarge.o
 .debug_loc     0x00000021      0x42d src/fontUtils.o
 .debug_loc     0x0000044e      0x489 src/measurements.o
 .debug_loc     0x000008d7      0x196 src/ASF/xmega/drivers/adc/adc.o
 .debug_loc     0x00000a6d      0x587 src/ASF/xmega/drivers/adc/xmega_bcd/adc_bcd.o
 .debug_loc     0x00000ff4       0x21 src/fonts.o
 .debug_loc     0x00001015      0x523 src/snake.o
 .debug_loc     0x00001538       0x72 src/utils.o
 .debug_loc     0x000015aa      0x52e src/ASF/common/services/spi/xmega_spi/spi_master.o
 .debug_loc     0x00001ad8      0x105 src/ASF/xmega/drivers/spi/spi.o
 .debug_loc     0x00001bdd     0x183e src/ASF/xmega/drivers/tc/tc.o
 .debug_loc     0x0000341b      0x217 src/ASF/common/services/clock/xmega/sysclk.o
 .debug_loc     0x00003632     0x1141 src/ASF/xmega/drivers/nvm/nvm.o
 .debug_loc     0x00004773       0x66 src/ASF/common/services/ioport/xmega/ioport_compat.o
 .debug_loc     0x000047d9      0x646 src/ASF/xmega/services/pwm/pwm.o
 .debug_loc     0x00004e1f     0x1d20 src/display.o
 .debug_loc     0x00006b3f      0x6dd src/main.o

.debug_macinfo
 *(.debug_macinfo)

.debug_weaknames
 *(.debug_weaknames)

.debug_funcnames
 *(.debug_funcnames)

.debug_typenames
 *(.debug_typenames)

.debug_varnames
 *(.debug_varnames)

.debug_pubtypes
 *(.debug_pubtypes)

.debug_ranges   0x00000000      0x8b8
 *(.debug_ranges)
 .debug_ranges  0x00000000       0x10 src/fontsLarge.o
 .debug_ranges  0x00000010       0x30 src/fontUtils.o
 .debug_ranges  0x00000040       0xc8 src/measurements.o
 .debug_ranges  0x00000108       0x38 src/ASF/xmega/drivers/adc/adc.o
 .debug_ranges  0x00000140       0x30 src/ASF/xmega/drivers/adc/xmega_bcd/adc_bcd.o
 .debug_ranges  0x00000170       0x10 src/fonts.o
 .debug_ranges  0x00000180       0x40 src/snake.o
 .debug_ranges  0x000001c0       0x10 src/utils.o
 .debug_ranges  0x000001d0       0x38 src/ASF/common/services/spi/xmega_spi/spi_master.o
 .debug_ranges  0x00000208       0x10 src/ASF/xmega/drivers/spi/spi.o
 .debug_ranges  0x00000218      0x128 src/ASF/xmega/drivers/tc/tc.o
 .debug_ranges  0x00000340       0x30 src/ASF/common/services/clock/xmega/sysclk.o
 .debug_ranges  0x00000370       0xb0 src/ASF/xmega/drivers/nvm/nvm.o
 .debug_ranges  0x00000420       0x20 src/ASF/xmega/drivers/nvm/nvm_asm.o
 .debug_ranges  0x00000440       0x10 src/ASF/common/services/ioport/xmega/ioport_compat.o
 .debug_ranges  0x00000450       0x10 src/ASF/xmega/boards/xmega_c3_xplained/init.o
 .debug_ranges  0x00000460       0x20 src/ASF/xmega/services/pwm/pwm.o
 .debug_ranges  0x00000480      0x3b0 src/display.o
 .debug_ranges  0x00000830       0x88 src/main.o

.debug_macro    0x00000000     0xb53a
 *(.debug_macro)
 .debug_macro   0x00000000       0xf0 src/fontsLarge.o
 .debug_macro   0x000000f0      0xa72 src/fontsLarge.o
 .debug_macro   0x00000b62       0x1c src/fontsLarge.o
 .debug_macro   0x00000b7e      0x10e src/fontsLarge.o
 .debug_macro   0x00000c8c       0x66 src/fontsLarge.o
 .debug_macro   0x00000cf2      0x1ad src/fontsLarge.o
 .debug_macro   0x00000e9f      0x293 src/fontsLarge.o
 .debug_macro   0x00001132       0x58 src/fontsLarge.o
 .debug_macro   0x0000118a       0x10 src/fontsLarge.o
 .debug_macro   0x0000119a       0x20 src/fontsLarge.o
 .debug_macro   0x000011ba       0xeb src/fontsLarge.o
 .debug_macro   0x000012a5       0x10 src/fontsLarge.o
 .debug_macro   0x000012b5       0x12 src/fontsLarge.o
 .debug_macro   0x000012c7       0xaa src/fontsLarge.o
 .debug_macro   0x00001371     0x4ed9 src/fontsLarge.o
 .debug_macro   0x0000624a       0x9a src/fontsLarge.o
 .debug_macro   0x000062e4       0xf1 src/fontsLarge.o
 .debug_macro   0x000063d5       0x34 src/fontsLarge.o
 .debug_macro   0x00006409       0x10 src/fontsLarge.o
 .debug_macro   0x00006419       0x18 src/fontsLarge.o
 .debug_macro   0x00006431       0x5e src/fontsLarge.o
 .debug_macro   0x0000648f      0x175 src/fontsLarge.o
 .debug_macro   0x00006604       0x83 src/fontUtils.o
 .debug_macro   0x00006687      0x167 src/fontUtils.o
 .debug_macro   0x000067ee      0x347 src/measurements.o
 .debug_macro   0x00006b35       0x97 src/measurements.o
 .debug_macro   0x00006bcc       0x10 src/measurements.o
 .debug_macro   0x00006bdc       0x22 src/measurements.o
 .debug_macro   0x00006bfe       0xef src/measurements.o
 .debug_macro   0x00006ced       0x35 src/measurements.o
 .debug_macro   0x00006d22      0x4ae src/measurements.o
 .debug_macro   0x000071d0       0x97 src/measurements.o
 .debug_macro   0x00007267       0x17 src/measurements.o
 .debug_macro   0x0000727e      0x250 src/measurements.o
 .debug_macro   0x000074ce       0x76 src/measurements.o
 .debug_macro   0x00007544       0x16 src/measurements.o
 .debug_macro   0x0000755a      0x6e0 src/measurements.o
 .debug_macro   0x00007c3a       0x40 src/measurements.o
 .debug_macro   0x00007c7a       0x69 src/measurements.o
 .debug_macro   0x00007ce3       0x32 src/measurements.o
 .debug_macro   0x00007d15       0xe4 src/measurements.o
 .debug_macro   0x00007df9       0x16 src/measurements.o
 .debug_macro   0x00007e0f       0x20 src/measurements.o
 .debug_macro   0x00007e2f       0x10 src/measurements.o
 .debug_macro   0x00007e3f       0x5e src/measurements.o
 .debug_macro   0x00007e9d       0x1c src/measurements.o
 .debug_macro   0x00007eb9      0x237 src/measurements.o
 .debug_macro   0x000080f0      0x295 src/measurements.o
 .debug_macro   0x00008385       0x7b src/measurements.o
 .debug_macro   0x00008400       0x2f src/measurements.o
 .debug_macro   0x0000842f      0x15b src/measurements.o
 .debug_macro   0x0000858a       0xab src/measurements.o
 .debug_macro   0x00008635       0x64 src/measurements.o
 .debug_macro   0x00008699       0x34 src/measurements.o
 .debug_macro   0x000086cd       0x28 src/measurements.o
 .debug_macro   0x000086f5       0x22 src/measurements.o
 .debug_macro   0x00008717       0x82 src/measurements.o
 .debug_macro   0x00008799      0x109 src/measurements.o
 .debug_macro   0x000088a2       0x40 src/measurements.o
 .debug_macro   0x000088e2       0x12 src/measurements.o
 .debug_macro   0x000088f4       0x2e src/measurements.o
 .debug_macro   0x00008922       0x1c src/measurements.o
 .debug_macro   0x0000893e       0xb2 src/measurements.o
 .debug_macro   0x000089f0      0x22f src/ASF/xmega/drivers/adc/adc.o
 .debug_macro   0x00008c1f       0x10 src/ASF/xmega/drivers/adc/adc.o
 .debug_macro   0x00008c2f       0x9e src/ASF/xmega/drivers/adc/adc.o
 .debug_macro   0x00008ccd      0x166 src/ASF/xmega/drivers/adc/adc.o
 .debug_macro   0x00008e33      0x22f src/ASF/xmega/drivers/adc/xmega_bcd/adc_bcd.o
 .debug_macro   0x00009062       0xf0 src/fonts.o
 .debug_macro   0x00009152      0x352 src/snake.o
 .debug_macro   0x000094a4       0x97 src/snake.o
 .debug_macro   0x0000953b       0x7f src/snake.o
 .debug_macro   0x000095ba      0x231 src/snake.o
 .debug_macro   0x000097eb       0x16 src/snake.o
 .debug_macro   0x00009801       0x26 src/snake.o
 .debug_macro   0x00009827       0x22 src/snake.o
 .debug_macro   0x00009849       0x10 src/snake.o
 .debug_macro   0x00009859       0x63 src/utils.o
 .debug_macro   0x000098bc      0x1a3 src/ASF/common/services/sleepmgr/xmega/sleepmgr.o
 .debug_macro   0x00009a5f      0x225 src/ASF/common/services/spi/xmega_spi/spi_master.o
 .debug_macro   0x00009c84      0x1a7 src/ASF/xmega/drivers/spi/spi.o
 .debug_macro   0x00009e2b      0x225 src/ASF/xmega/drivers/tc/tc.o
 .debug_macro   0x0000a050      0x299 src/ASF/xmega/drivers/tc/tc.o
 .debug_macro   0x0000a2e9      0x1db src/ASF/common/services/clock/xmega/sysclk.o
 .debug_macro   0x0000a4c4      0x198 src/ASF/xmega/drivers/nvm/nvm.o
 .debug_macro   0x0000a65c       0x16 src/ASF/xmega/drivers/nvm/nvm.o
 .debug_macro   0x0000a672      0x193 src/ASF/common/services/ioport/xmega/ioport_compat.o
 .debug_macro   0x0000a805      0x1b5 src/ASF/xmega/boards/xmega_c3_xplained/init.o
 .debug_macro   0x0000a9ba       0x3a src/ASF/xmega/boards/xmega_c3_xplained/init.o
 .debug_macro   0x0000a9f4      0x30a src/ASF/xmega/services/pwm/pwm.o
 .debug_macro   0x0000acfe      0x394 src/display.o
 .debug_macro   0x0000b092       0xb8 src/display.o
 .debug_macro   0x0000b14a       0x4c src/display.o
 .debug_macro   0x0000b196       0x10 src/display.o
 .debug_macro   0x0000b1a6      0x378 src/main.o
 .debug_macro   0x0000b51e       0x1c src/main.o
OUTPUT(SPI LCD.elf elf32-avr)
LOAD linker stubs

.BOOT           0x00060000        0x0
